Archive member included to satisfy reference by file (symbol)

C:/ST/STM32CubeIDE_1.16.1/STM32CubeIDE/plugins/com.st.stm32cube.ide.mcu.externaltools.gnu-tools-for-stm32.12.3.rel1.win32_1.0.200.202406191623/tools/bin/../lib/gcc/arm-none-eabi/12.3.1/../../../../arm-none-eabi/lib/thumb/v6-m/nofp\libc_nano.a(libc_a-exit.o)
                              C:/ST/STM32CubeIDE_1.16.1/STM32CubeIDE/plugins/com.st.stm32cube.ide.mcu.externaltools.gnu-tools-for-stm32.12.3.rel1.win32_1.0.200.202406191623/tools/bin/../lib/gcc/arm-none-eabi/12.3.1/../../../../arm-none-eabi/lib/thumb/v6-m/nofp/crt0.o (exit)
C:/ST/STM32CubeIDE_1.16.1/STM32CubeIDE/plugins/com.st.stm32cube.ide.mcu.externaltools.gnu-tools-for-stm32.12.3.rel1.win32_1.0.200.202406191623/tools/bin/../lib/gcc/arm-none-eabi/12.3.1/../../../../arm-none-eabi/lib/thumb/v6-m/nofp\libc_nano.a(libc_a-malloc.o)
                              ./Core/Src/BoardSupport/switch_selector.o (malloc)
C:/ST/STM32CubeIDE_1.16.1/STM32CubeIDE/plugins/com.st.stm32cube.ide.mcu.externaltools.gnu-tools-for-stm32.12.3.rel1.win32_1.0.200.202406191623/tools/bin/../lib/gcc/arm-none-eabi/12.3.1/../../../../arm-none-eabi/lib/thumb/v6-m/nofp\libc_nano.a(libc_a-mallocr.o)
                              C:/ST/STM32CubeIDE_1.16.1/STM32CubeIDE/plugins/com.st.stm32cube.ide.mcu.externaltools.gnu-tools-for-stm32.12.3.rel1.win32_1.0.200.202406191623/tools/bin/../lib/gcc/arm-none-eabi/12.3.1/../../../../arm-none-eabi/lib/thumb/v6-m/nofp\libc_nano.a(libc_a-malloc.o) (_malloc_r)
C:/ST/STM32CubeIDE_1.16.1/STM32CubeIDE/plugins/com.st.stm32cube.ide.mcu.externaltools.gnu-tools-for-stm32.12.3.rel1.win32_1.0.200.202406191623/tools/bin/../lib/gcc/arm-none-eabi/12.3.1/../../../../arm-none-eabi/lib/thumb/v6-m/nofp\libc_nano.a(libc_a-mlock.o)
                              C:/ST/STM32CubeIDE_1.16.1/STM32CubeIDE/plugins/com.st.stm32cube.ide.mcu.externaltools.gnu-tools-for-stm32.12.3.rel1.win32_1.0.200.202406191623/tools/bin/../lib/gcc/arm-none-eabi/12.3.1/../../../../arm-none-eabi/lib/thumb/v6-m/nofp\libc_nano.a(libc_a-mallocr.o) (__malloc_lock)
C:/ST/STM32CubeIDE_1.16.1/STM32CubeIDE/plugins/com.st.stm32cube.ide.mcu.externaltools.gnu-tools-for-stm32.12.3.rel1.win32_1.0.200.202406191623/tools/bin/../lib/gcc/arm-none-eabi/12.3.1/../../../../arm-none-eabi/lib/thumb/v6-m/nofp\libc_nano.a(libc_a-findfp.o)
                              C:/ST/STM32CubeIDE_1.16.1/STM32CubeIDE/plugins/com.st.stm32cube.ide.mcu.externaltools.gnu-tools-for-stm32.12.3.rel1.win32_1.0.200.202406191623/tools/bin/../lib/gcc/arm-none-eabi/12.3.1/../../../../arm-none-eabi/lib/thumb/v6-m/nofp\libc_nano.a(libc_a-exit.o) (__stdio_exit_handler)
C:/ST/STM32CubeIDE_1.16.1/STM32CubeIDE/plugins/com.st.stm32cube.ide.mcu.externaltools.gnu-tools-for-stm32.12.3.rel1.win32_1.0.200.202406191623/tools/bin/../lib/gcc/arm-none-eabi/12.3.1/../../../../arm-none-eabi/lib/thumb/v6-m/nofp\libc_nano.a(libc_a-fwalk.o)
                              C:/ST/STM32CubeIDE_1.16.1/STM32CubeIDE/plugins/com.st.stm32cube.ide.mcu.externaltools.gnu-tools-for-stm32.12.3.rel1.win32_1.0.200.202406191623/tools/bin/../lib/gcc/arm-none-eabi/12.3.1/../../../../arm-none-eabi/lib/thumb/v6-m/nofp\libc_nano.a(libc_a-findfp.o) (_fwalk_sglue)
C:/ST/STM32CubeIDE_1.16.1/STM32CubeIDE/plugins/com.st.stm32cube.ide.mcu.externaltools.gnu-tools-for-stm32.12.3.rel1.win32_1.0.200.202406191623/tools/bin/../lib/gcc/arm-none-eabi/12.3.1/../../../../arm-none-eabi/lib/thumb/v6-m/nofp\libc_nano.a(libc_a-stdio.o)
                              C:/ST/STM32CubeIDE_1.16.1/STM32CubeIDE/plugins/com.st.stm32cube.ide.mcu.externaltools.gnu-tools-for-stm32.12.3.rel1.win32_1.0.200.202406191623/tools/bin/../lib/gcc/arm-none-eabi/12.3.1/../../../../arm-none-eabi/lib/thumb/v6-m/nofp\libc_nano.a(libc_a-findfp.o) (__sread)
C:/ST/STM32CubeIDE_1.16.1/STM32CubeIDE/plugins/com.st.stm32cube.ide.mcu.externaltools.gnu-tools-for-stm32.12.3.rel1.win32_1.0.200.202406191623/tools/bin/../lib/gcc/arm-none-eabi/12.3.1/../../../../arm-none-eabi/lib/thumb/v6-m/nofp\libc_nano.a(libc_a-memset.o)
                              C:/ST/STM32CubeIDE_1.16.1/STM32CubeIDE/plugins/com.st.stm32cube.ide.mcu.externaltools.gnu-tools-for-stm32.12.3.rel1.win32_1.0.200.202406191623/tools/bin/../lib/gcc/arm-none-eabi/12.3.1/../../../../arm-none-eabi/lib/thumb/v6-m/nofp/crt0.o (memset)
C:/ST/STM32CubeIDE_1.16.1/STM32CubeIDE/plugins/com.st.stm32cube.ide.mcu.externaltools.gnu-tools-for-stm32.12.3.rel1.win32_1.0.200.202406191623/tools/bin/../lib/gcc/arm-none-eabi/12.3.1/../../../../arm-none-eabi/lib/thumb/v6-m/nofp\libc_nano.a(libc_a-closer.o)
                              C:/ST/STM32CubeIDE_1.16.1/STM32CubeIDE/plugins/com.st.stm32cube.ide.mcu.externaltools.gnu-tools-for-stm32.12.3.rel1.win32_1.0.200.202406191623/tools/bin/../lib/gcc/arm-none-eabi/12.3.1/../../../../arm-none-eabi/lib/thumb/v6-m/nofp\libc_nano.a(libc_a-stdio.o) (_close_r)
[...]
Memory Configuration

Name             Origin             Length             Attributes
RAM              0x20000000         0x00001800         xrw
FLASH            0x08000000         0x00004000         xr
*default*        0x00000000         0xffffffff

Linker script and memory map

LOAD C:/ST/STM32CubeIDE_1.16.1/STM32CubeIDE/plugins/com.st.stm32cube.ide.mcu.externaltools.gnu-tools-for-stm32.12.3.rel1.win32_1.0.200.202406191623/tools/bin/../lib/gcc/arm-none-eabi/12.3.1/thumb/v6-m/nofp/crti.o
LOAD C:/ST/STM32CubeIDE_1.16.1/STM32CubeIDE/plugins/com.st.stm32cube.ide.mcu.externaltools.gnu-tools-for-stm32.12.3.rel1.win32_1.0.200.202406191623/tools/bin/../lib/gcc/arm-none-eabi/12.3.1/thumb/v6-m/nofp/crtbegin.o
LOAD C:/ST/STM32CubeIDE_1.16.1/STM32CubeIDE/plugins/com.st.stm32cube.ide.mcu.externaltools.gnu-tools-for-stm32.12.3.rel1.win32_1.0.200.202406191623/tools/bin/../lib/gcc/arm-none-eabi/12.3.1/../../../../arm-none-eabi/lib/thumb/v6-m/nofp/crt0.o
LOAD ./Core/Src/Application/motion_light_driver.o
LOAD ./Core/Src/Application/nutone_app.o
LOAD ./Core/Src/BoardSupport/button.o
LOAD ./Core/Src/BoardSupport/led_indicator.o
LOAD ./Core/Src/BoardSupport/lights.o
LOAD ./Core/Src/BoardSupport/pyd15X8.o
LOAD ./Core/Src/BoardSupport/relay_l114fl_drv8210.o
LOAD ./Core/Src/BoardSupport/switch_selector.o
LOAD ./Core/Src/Middleware/NuTone.o
LOAD ./Core/Src/Middleware/deadline_timer.o
LOAD ./Core/Src/Middleware/output_ctrl.o
LOAD ./Core/Src/app.o
LOAD ./Core/Src/gpio.o
LOAD ./Core/Src/main.o
LOAD ./Core/Src/stm32c0xx_hal_msp.o
LOAD ./Core/Src/stm32c0xx_it.o
LOAD ./Core/Src/syscalls.o
LOAD ./Core/Src/sysmem.o
LOAD ./Core/Src/system_stm32c0xx.o
LOAD ./Core/Src/tim.o
LOAD ./Core/Startup/startup_stm32c011f6ux.o
LOAD ./Drivers/STM32C0xx_HAL_Driver/Src/stm32c0xx_hal.o
LOAD ./Drivers/STM32C0xx_HAL_Driver/Src/stm32c0xx_hal_cortex.o
LOAD ./Drivers/STM32C0xx_HAL_Driver/Src/stm32c0xx_hal_dma.o
LOAD ./Drivers/STM32C0xx_HAL_Driver/Src/stm32c0xx_hal_dma_ex.o
LOAD ./Drivers/STM32C0xx_HAL_Driver/Src/stm32c0xx_hal_exti.o
LOAD ./Drivers/STM32C0xx_HAL_Driver/Src/stm32c0xx_hal_flash.o
LOAD ./Drivers/STM32C0xx_HAL_Driver/Src/stm32c0xx_hal_flash_ex.o
LOAD ./Drivers/STM32C0xx_HAL_Driver/Src/stm32c0xx_hal_gpio.o
LOAD ./Drivers/STM32C0xx_HAL_Driver/Src/stm32c0xx_hal_pwr.o
LOAD ./Drivers/STM32C0xx_HAL_Driver/Src/stm32c0xx_hal_pwr_ex.o
LOAD ./Drivers/STM32C0xx_HAL_Driver/Src/stm32c0xx_hal_rcc.o
LOAD ./Drivers/STM32C0xx_HAL_Driver/Src/stm32c0xx_hal_rcc_ex.o
LOAD ./Drivers/STM32C0xx_HAL_Driver/Src/stm32c0xx_hal_tim.o
LOAD ./Drivers/STM32C0xx_HAL_Driver/Src/stm32c0xx_hal_tim_ex.o
START GROUP
LOAD C:/ST/STM32CubeIDE_1.16.1/STM32CubeIDE/plugins/com.st.stm32cube.ide.mcu.externaltools.gnu-tools-for-stm32.12.3.rel1.win32_1.0.200.202406191623/tools/bin/../lib/gcc/arm-none-eabi/12.3.1/../../../../arm-none-eabi/lib/thumb/v6-m/nofp\libc_nano.a
LOAD C:/ST/STM32CubeIDE_1.16.1/STM32CubeIDE/plugins/com.st.stm32cube.ide.mcu.externaltools.gnu-tools-for-stm32.12.3.rel1.win32_1.0.200.202406191623/tools/bin/../lib/gcc/arm-none-eabi/12.3.1/../../../../arm-none-eabi/lib/thumb/v6-m/nofp\libm.a
END GROUP
START GROUP
LOAD C:/ST/STM32CubeIDE_1.16.1/STM32CubeIDE/plugins/com.st.stm32cube.ide.mcu.externaltools.gnu-tools-for-stm32.12.3.rel1.win32_1.0.200.202406191623/tools/bin/../lib/gcc/arm-none-eabi/12.3.1/thumb/v6-m/nofp\libgcc.a
LOAD C:/ST/STM32CubeIDE_1.16.1/STM32CubeIDE/plugins/com.st.stm32cube.ide.mcu.externaltools.gnu-tools-for-stm32.12.3.rel1.win32_1.0.200.202406191623/tools/bin/../lib/gcc/arm-none-eabi/12.3.1/../../../../arm-none-eabi/lib/thumb/v6-m/nofp\libc_nano.a
END GROUP
START GROUP
LOAD C:/ST/STM32CubeIDE_1.16.1/STM32CubeIDE/plugins/com.st.stm32cube.ide.mcu.externaltools.gnu-tools-for-stm32.12.3.rel1.win32_1.0.200.202406191623/tools/bin/../lib/gcc/arm-none-eabi/12.3.1/thumb/v6-m/nofp\libgcc.a
LOAD C:/ST/STM32CubeIDE_1.16.1/STM32CubeIDE/plugins/com.st.stm32cube.ide.mcu.externaltools.gnu-tools-for-stm32.12.3.rel1.win32_1.0.200.202406191623/tools/bin/../lib/gcc/arm-none-eabi/12.3.1/../../../../arm-none-eabi/lib/thumb/v6-m/nofp\libc_nano.a
LOAD C:/ST/STM32CubeIDE_1.16.1/STM32CubeIDE/plugins/com.st.stm32cube.ide.mcu.externaltools.gnu-tools-for-stm32.12.3.rel1.win32_1.0.200.202406191623/tools/bin/../lib/gcc/arm-none-eabi/12.3.1/../../../../arm-none-eabi/lib/thumb/v6-m/nofp\libnosys.a
END GROUP
START GROUP
LOAD C:/ST/STM32CubeIDE_1.16.1/STM32CubeIDE/plugins/com.st.stm32cube.ide.mcu.externaltools.gnu-tools-for-stm32.12.3.rel1.win32_1.0.200.202406191623/tools/bin/../lib/gcc/arm-none-eabi/12.3.1/thumb/v6-m/nofp\libgcc.a
LOAD C:/ST/STM32CubeIDE_1.16.1/STM32CubeIDE/plugins/com.st.stm32cube.ide.mcu.externaltools.gnu-tools-for-stm32.12.3.rel1.win32_1.0.200.202406191623/tools/bin/../lib/gcc/arm-none-eabi/12.3.1/../../../../arm-none-eabi/lib/thumb/v6-m/nofp\libc_nano.a
LOAD C:/ST/STM32CubeIDE_1.16.1/STM32CubeIDE/plugins/com.st.stm32cube.ide.mcu.externaltools.gnu-tools-for-stm32.12.3.rel1.win32_1.0.200.202406191623/tools/bin/../lib/gcc/arm-none-eabi/12.3.1/../../../../arm-none-eabi/lib/thumb/v6-m/nofp\libnosys.a
END GROUP
LOAD C:/ST/STM32CubeIDE_1.16.1/STM32CubeIDE/plugins/com.st.stm32cube.ide.mcu.externaltools.gnu-tools-for-stm32.12.3.rel1.win32_1.0.200.202406191623/tools/bin/../lib/gcc/arm-none-eabi/12.3.1/thumb/v6-m/nofp/crtend.o
LOAD C:/ST/STM32CubeIDE_1.16.1/STM32CubeIDE/plugins/com.st.stm32cube.ide.mcu.externaltools.gnu-tools-for-stm32.12.3.rel1.win32_1.0.200.202406191623/tools/bin/../lib/gcc/arm-none-eabi/12.3.1/thumb/v6-m/nofp/crtn.o
                0x20001800                        _estack = (ORIGIN (RAM) + LENGTH (RAM))
                0x00000200                        _Min_Heap_Size = 0x200
                0x00000400                        _Min_Stack_Size = 0x400

.isr_vector     0x08000000       0xc0
                0x08000000                        . = ALIGN (0x4)
 *(.isr_vector)
 .isr_vector    0x08000000       0xc0 ./Core/Startup/startup_stm32c011f6ux.o
                0x08000000                g_pfnVectors
                0x080000c0                        . = ALIGN (0x4)

.text           0x080000c0     0x3c08
                0x080000c0                        . = ALIGN (0x4)
 *(.text)
 .text          0x080000c0       0x48 C:/ST/STM32CubeIDE_1.16.1/STM32CubeIDE/plugins/com.st.stm32cube.ide.mcu.externaltools.gnu-tools-for-stm32.12.3.rel1.win32_1.0.200.202406191623/tools/bin/../lib/gcc/arm-none-eabi/12.3.1/thumb/v6-m/nofp/crtbegin.o
 .text          0x08000108       0x14 C:/ST/STM32CubeIDE_1.16.1/STM32CubeIDE/plugins/com.st.stm32cube.ide.mcu.externaltools.gnu-tools-for-stm32.12.3.rel1.win32_1.0.200.202406191623/tools/bin/../lib/gcc/arm-none-eabi/12.3.1/thumb/v6-m/nofp\libgcc.a(_thumb1_case_sqi.o)
                0x08000108                __gnu_thumb1_case_sqi
 .text          0x0800011c       0x14 C:/ST/STM32CubeIDE_1.16.1/STM32CubeIDE/plugins/com.st.stm32cube.ide.mcu.externaltools.gnu-tools-for-stm32.12.3.rel1.win32_1.0.200.202406191623/tools/bin/../lib/gcc/arm-none-eabi/12.3.1/thumb/v6-m/nofp\libgcc.a(_thumb1_case_uqi.o)
                0x0800011c                __gnu_thumb1_case_uqi
 .text          0x08000130       0x14 C:/ST/STM32CubeIDE_1.16.1/STM32CubeIDE/plugins/com.st.stm32cube.ide.mcu.externaltools.gnu-tools-for-stm32.12.3.rel1.win32_1.0.200.202406191623/tools/bin/../lib/gcc/arm-none-eabi/12.3.1/thumb/v6-m/nofp\libgcc.a(_thumb1_case_shi.o)
                0x08000130                __gnu_thumb1_case_shi
 .text          0x08000144       0x14 C:/ST/STM32CubeIDE_1.16.1/STM32CubeIDE/plugins/com.st.stm32cube.ide.mcu.externaltools.gnu-tools-for-stm32.12.3.rel1.win32_1.0.200.202406191623/tools/bin/../lib/gcc/arm-none-eabi/12.3.1/thumb/v6-m/nofp\libgcc.a(_thumb1_case_uhi.o)
                0x08000144                __gnu_thumb1_case_uhi
 .text          0x08000158      0x114 C:/ST/STM32CubeIDE_1.16.1/STM32CubeIDE/plugins/com.st.stm32cube.ide.mcu.externaltools.gnu-tools-for-stm32.12.3.rel1.win32_1.0.200.202406191623/tools/bin/../lib/gcc/arm-none-eabi/12.3.1/thumb/v6-m/nofp\libgcc.a(_udivsi3.o)
                0x08000158                __aeabi_uidiv
                0x08000158                __udivsi3
                0x08000264                __aeabi_uidivmod
 .text          0x0800026c        0x4 C:/ST/STM32CubeIDE_1.16.1/STM32CubeIDE/plugins/com.st.stm32cube.ide.mcu.externaltools.gnu-tools-for-stm32.12.3.rel1.win32_1.0.200.202406191623/tools/bin/../lib/gcc/arm-none-eabi/12.3.1/thumb/v6-m/nofp\libgcc.a(_dvmd_tls.o)
                0x0800026c                __aeabi_idiv0
                0x0800026c                __aeabi_ldiv0
 *(.text*)
 .text.nutone_app_config
                0x08000270       0x48 ./Core/Src/Application/nutone_app.o
                0x08000270                nutone_app_config
 .text.nutone_fan_fsm
                0x080002b8       0x28 ./Core/Src/Application/nutone_app.o
                0x080002b8                nutone_fan_fsm
 .text.nutone_white_fsm
                0x080002e0      0x13e ./Core/Src/Application/nutone_app.o
                0x080002e0                nutone_white_fsm
 .text.nutone_vyv_fsm
                0x0800041e      0x218 ./Core/Src/Application/nutone_app.o
                0x0800041e                nutone_vyv_fsm
 .text.nutone_app_fsm
                0x08000636       0x1e ./Core/Src/Application/nutone_app.o
                0x08000636                nutone_app_fsm
 .text.nutone_app_check_button_event
                0x08000654       0x2a ./Core/Src/Application/nutone_app.o
                0x08000654                nutone_app_check_button_event
 *fill*         0x0800067e        0x2 
 .text.nutone_app_check_events
                0x08000680       0xb8 ./Core/Src/Application/nutone_app.o
                0x08000680                nutone_app_check_events
 .text.nutone_app_set_outputs
                0x08000738       0x22 ./Core/Src/Application/nutone_app.o
                0x08000738                nutone_app_set_outputs
 .text.nutone_app_process
                0x0800075a       0x18 ./Core/Src/Application/nutone_app.o
                0x0800075a                nutone_app_process
 .text.button_setup
                0x08000772       0x26 ./Core/Src/BoardSupport/button.o
                0x08000772                button_setup
 .text.button_positive_edge_detected
                0x08000798       0x18 ./Core/Src/BoardSupport/button.o
                0x08000798                button_positive_edge_detected
 .text.button_negative_edge_detected
                0x080007b0       0x18 ./Core/Src/BoardSupport/button.o
                0x080007b0                button_negative_edge_detected
 .text.button_get_status
                0x080007c8       0x2a ./Core/Src/BoardSupport/button.o
                0x080007c8                button_get_status
 .text.button_debounce_fsm
                0x080007f2       0x50 ./Core/Src/BoardSupport/button.o
                0x080007f2                button_debounce_fsm
 .text.button_check_isr_request
                0x08000842       0x20 ./Core/Src/BoardSupport/button.o
                0x08000842                button_check_isr_request
 .text.led_signal_setup
                0x08000862       0x16 ./Core/Src/BoardSupport/led_indicator.o
                0x08000862                led_signal_setup
 .text.led_signal_type_selector
                0x08000878        0x6 ./Core/Src/BoardSupport/led_indicator.o
                0x08000878                led_signal_type_selector
 .text.led_signal_solid_fsm
                0x0800087e       0x42 ./Core/Src/BoardSupport/led_indicator.o
                0x0800087e                led_signal_solid_fsm
 .text.led_signal_togle_fsm
                0x080008c0       0x4a ./Core/Src/BoardSupport/led_indicator.o
                0x080008c0                led_signal_togle_fsm
 .text.led_signal_fsm
                0x0800090a       0x2e ./Core/Src/BoardSupport/led_indicator.o
                0x0800090a                led_signal_fsm
 .text.led_signal_start
                0x08000938        0x8 ./Core/Src/BoardSupport/led_indicator.o
                0x08000938                led_signal_start
 .text.led_signal_stop
                0x08000940        0x8 ./Core/Src/BoardSupport/led_indicator.o
                0x08000940                led_signal_stop
 .text.pyd1598_direct_link_setup
                0x08000948       0x2e ./Core/Src/BoardSupport/pyd15X8.o
                0x08000948                pyd1598_direct_link_setup
 .text.pyd1598_request_write
                0x08000976        0x6 ./Core/Src/BoardSupport/pyd15X8.o
                0x08000976                pyd1598_request_write
 .text.pyd1598_check_isr_request
                0x0800097c       0x18 ./Core/Src/BoardSupport/pyd15X8.o
                0x0800097c                pyd1598_check_isr_request
 .text.pyd1598_read_wakeup_signal
                0x08000994       0x1e ./Core/Src/BoardSupport/pyd15X8.o
                0x08000994                pyd1598_read_wakeup_signal
 .text.pyd1598_serin_add_threshold
                0x080009b2       0x14 ./Core/Src/BoardSupport/pyd15X8.o
                0x080009b2                pyd1598_serin_add_threshold
 *fill*         0x080009c6        0x2 
 .text.pyd1598_serin_add_blind_time
                0x080009c8       0x1c ./Core/Src/BoardSupport/pyd15X8.o
                0x080009c8                pyd1598_serin_add_blind_time
 .text.pyd1598_serin_add_pulse_counter
                0x080009e4       0x1c ./Core/Src/BoardSupport/pyd15X8.o
                0x080009e4                pyd1598_serin_add_pulse_counter
 .text.pyd1598_serin_add_window_time
                0x08000a00       0x1c ./Core/Src/BoardSupport/pyd15X8.o
                0x08000a00                pyd1598_serin_add_window_time
 .text.pyd1598_serin_add_operation_mode
                0x08000a1c       0x18 ./Core/Src/BoardSupport/pyd15X8.o
                0x08000a1c                pyd1598_serin_add_operation_mode
 .text.pyd1598_serin_add_signal_source
                0x08000a34       0x1c ./Core/Src/BoardSupport/pyd15X8.o
                0x08000a34                pyd1598_serin_add_signal_source
 .text.pyd1598_serin_add_hpf_cutoff
                0x08000a50       0x1c ./Core/Src/BoardSupport/pyd15X8.o
                0x08000a50                pyd1598_serin_add_hpf_cutoff
 .text.pyd1598_serin_add_count_mode
                0x08000a6c       0x18 ./Core/Src/BoardSupport/pyd15X8.o
                0x08000a6c                pyd1598_serin_add_count_mode
 .text.pyd1598_serin_add_all_conf
                0x08000a84       0x5a ./Core/Src/BoardSupport/pyd15X8.o
                0x08000a84                pyd1598_serin_add_all_conf
 .text.pyd1598_serin_setup
                0x08000ade       0x3c ./Core/Src/BoardSupport/pyd15X8.o
                0x08000ade                pyd1598_serin_setup
 .text.pyd1598_setup
                0x08000b1a       0x30 ./Core/Src/BoardSupport/pyd15X8.o
                0x08000b1a                pyd1598_setup
 .text.pyd1598_serin_set_zero_pulse
                0x08000b4a       0x24 ./Core/Src/BoardSupport/pyd15X8.o
                0x08000b4a                pyd1598_serin_set_zero_pulse
 .text.pyd1598_serin_set_one_pulse
                0x08000b6e       0x1a ./Core/Src/BoardSupport/pyd15X8.o
                0x08000b6e                pyd1598_serin_set_one_pulse
 .text.pyd1598_serin_set_end_of_msg
                0x08000b88        0xc ./Core/Src/BoardSupport/pyd15X8.o
                0x08000b88                pyd1598_serin_set_end_of_msg
 .text.pyd1598_direct_link_set_as_output
                0x08000b94        0xe ./Core/Src/BoardSupport/pyd15X8.o
                0x08000b94                pyd1598_direct_link_set_as_output
 .text.pyd1598_direct_link_set_as_input
                0x08000ba2        0xe ./Core/Src/BoardSupport/pyd15X8.o
                0x08000ba2                pyd1598_direct_link_set_as_input
 .text.pyd1598_direct_link_set_as_interrupt_input
                0x08000bb0        0xe ./Core/Src/BoardSupport/pyd15X8.o
                0x08000bb0                pyd1598_direct_link_set_as_interrupt_input
 .text.pyd1598_serin_send_datagram_fsm
                0x08000bbe      0x104 ./Core/Src/BoardSupport/pyd15X8.o
                0x08000bbe                pyd1598_serin_send_datagram_fsm
 *fill*         0x08000cc2        0x2 
 .text.pyd1598_direct_link_read_pin
                0x08000cc4       0x5c ./Core/Src/BoardSupport/pyd15X8.o
                0x08000cc4                pyd1598_direct_link_read_pin
 .text.pyd1598_dl_readout_fsm
                0x08000d20      0x19e ./Core/Src/BoardSupport/pyd15X8.o
                0x08000d20                pyd1598_dl_readout_fsm
 .text.relay_ask_off_pulse_fsm
                0x08000ebe       0x10 ./Core/Src/BoardSupport/relay_l114fl_drv8210.o
                0x08000ebe                relay_ask_off_pulse_fsm
 .text.relay_ask_on_pulse_fsm
                0x08000ece       0x12 ./Core/Src/BoardSupport/relay_l114fl_drv8210.o
                0x08000ece                relay_ask_on_pulse_fsm
 .text.relay_check_init_fsm
                0x08000ee0       0x18 ./Core/Src/BoardSupport/relay_l114fl_drv8210.o
                0x08000ee0                relay_check_init_fsm
 .text.relay_acknowledge_init_fsm
                0x08000ef8        0xa ./Core/Src/BoardSupport/relay_l114fl_drv8210.o
                0x08000ef8                relay_acknowledge_init_fsm
 .text.relay_on
                0x08000f02       0x22 ./Core/Src/BoardSupport/relay_l114fl_drv8210.o
                0x08000f02                relay_on
 .text.relay_off
                0x08000f24       0x1e ./Core/Src/BoardSupport/relay_l114fl_drv8210.o
                0x08000f24                relay_off
 .text.relay_deenergize
                0x08000f42       0x20 ./Core/Src/BoardSupport/relay_l114fl_drv8210.o
                0x08000f42                relay_deenergize
 .text.relay_setup
                0x08000f62       0x38 ./Core/Src/BoardSupport/relay_l114fl_drv8210.o
                0x08000f62                relay_setup
 .text.relay_pulse_fsm
                0x08000f9a       0x9a ./Core/Src/BoardSupport/relay_l114fl_drv8210.o
                0x08000f9a                relay_pulse_fsm
 .text.relay_on_pulse_fsm
                0x08001034       0x28 ./Core/Src/BoardSupport/relay_l114fl_drv8210.o
                0x08001034                relay_on_pulse_fsm
 .text.relay_off_pulse_fsm
                0x0800105c       0x26 ./Core/Src/BoardSupport/relay_l114fl_drv8210.o
                0x0800105c                relay_off_pulse_fsm
 .text.switch_selector_read_bit
                0x08001082       0x46 ./Core/Src/BoardSupport/switch_selector.o
                0x08001082                switch_selector_read_bit
 .text.switch_selector_setup
                0x080010c8       0x48 ./Core/Src/BoardSupport/switch_selector.o
                0x080010c8                switch_selector_setup
 .text.nutone_setup
                0x08001110       0x5c ./Core/Src/Middleware/NuTone.o
                0x08001110                nutone_setup
 .text.nutone_set_command
                0x0800116c        0x6 ./Core/Src/Middleware/NuTone.o
                0x0800116c                nutone_set_command
 .text.nutone_get_cmd_status
                0x08001172       0x18 ./Core/Src/Middleware/NuTone.o
                0x08001172                nutone_get_cmd_status
 .text.nutone_select_state
                0x0800118a       0x3e ./Core/Src/Middleware/NuTone.o
                0x0800118a                nutone_select_state
 .text.nutone_fsm
                0x080011c8      0x260 ./Core/Src/Middleware/NuTone.o
                0x080011c8                nutone_fsm
 .text.deadline_timer_setup
                0x08001428       0x38 ./Core/Src/Middleware/deadline_timer.o
                0x08001428                deadline_timer_setup
 .text.deadline_timer_force_expiration
                0x08001460        0xa ./Core/Src/Middleware/deadline_timer.o
                0x08001460                deadline_timer_force_expiration
 .text.deadline_timer_set_initial_time
                0x0800146a       0x10 ./Core/Src/Middleware/deadline_timer.o
                0x0800146a                deadline_timer_set_initial_time
 *fill*         0x0800147a        0x2 
 .text.deadline_timer_increment
                0x0800147c       0x28 ./Core/Src/Middleware/deadline_timer.o
                0x0800147c                deadline_timer_increment
 .text.deadline_timer_count
                0x080014a4        0xa ./Core/Src/Middleware/deadline_timer.o
                0x080014a4                deadline_timer_count
 .text.deadline_timer_compare_check
                0x080014ae       0x24 ./Core/Src/Middleware/deadline_timer.o
                0x080014ae                deadline_timer_compare_check
 *fill*         0x080014d2        0x2 
 .text.deadline_timer_check
                0x080014d4       0x34 ./Core/Src/Middleware/deadline_timer.o
                0x080014d4                deadline_timer_check
 .text.output_fsm_ctrl
                0x08001508       0xbc ./Core/Src/Middleware/output_ctrl.o
                0x08001508                output_fsm_ctrl
 .text.output_led_indicator
                0x080015c4       0x26 ./Core/Src/Middleware/output_ctrl.o
                0x080015c4                output_led_indicator
 .text.HAL_DIRECT_LINK_conf_as_input
                0x080015ea       0x34 ./Core/Src/gpio.o
                0x080015ea                HAL_DIRECT_LINK_conf_as_input
 *fill*         0x0800161e        0x2 
 .text.HAL_DIRECT_LINK_conf_as_interrupt_input
                0x08001620       0x48 ./Core/Src/gpio.o
                0x08001620                HAL_DIRECT_LINK_conf_as_interrupt_input
 .text.HAL_DIRECT_LINK_conf_as_output
                0x08001668       0x4c ./Core/Src/gpio.o
                0x08001668                HAL_DIRECT_LINK_conf_as_output
 .text.MX_GPIO_Init
                0x080016b4      0x154 ./Core/Src/gpio.o
                0x080016b4                MX_GPIO_Init
 .text.SystemClock_Config
                0x08001808       0x52 ./Core/Src/main.o
                0x08001808                SystemClock_Config
 .text.sense_button_event
                0x0800185a       0x2a ./Core/Src/main.o
                0x0800185a                sense_button_event
 .text.events_detection_uv_waits
                0x08001884       0x8c ./Core/Src/main.o
                0x08001884                events_detection_uv_waits
 .text.motion_light_control_fsm
                0x08001910      0x102 ./Core/Src/main.o
                0x08001910                motion_light_control_fsm
 .text.motion_uv_ctrl_wait_fsm
                0x08001a12      0x198 ./Core/Src/main.o
                0x08001a12                motion_uv_ctrl_wait_fsm
 .text.direct_light_control_fsm
                0x08001baa       0x9a ./Core/Src/main.o
                0x08001baa                direct_light_control_fsm
 .text.startup.main
                0x08001c44      0x6ec ./Core/Src/main.o
                0x08001c44                main
 .text.HAL_TIM_PeriodElapsedCallback
                0x08002330       0xcc ./Core/Src/main.o
                0x08002330                HAL_TIM_PeriodElapsedCallback
 .text.HAL_GPIO_EXTI_Rising_Callback
                0x080023fc       0x84 ./Core/Src/main.o
                0x080023fc                HAL_GPIO_EXTI_Rising_Callback
 .text.HAL_GPIO_EXTI_Falling_Callback
                0x08002480       0x60 ./Core/Src/main.o
                0x08002480                HAL_GPIO_EXTI_Falling_Callback
 .text.Error_Handler
                0x080024e0        0x4 ./Core/Src/main.o
                0x080024e0                Error_Handler
 .text.HAL_MspInit
                0x080024e4       0x38 ./Core/Src/stm32c0xx_hal_msp.o
                0x080024e4                HAL_MspInit
 .text.NMI_Handler
                0x0800251c        0x2 ./Core/Src/stm32c0xx_it.o
                0x0800251c                NMI_Handler
 *fill*         0x0800251e        0x2 
 .text.HardFault_Handler
                0x08002520       0x34 ./Core/Src/stm32c0xx_it.o
                0x08002520                HardFault_Handler
 .text.SVC_Handler
                0x08002554        0x2 ./Core/Src/stm32c0xx_it.o
                0x08002554                SVC_Handler
 .text.PendSV_Handler
                0x08002556        0x2 ./Core/Src/stm32c0xx_it.o
                0x08002556                PendSV_Handler
 .text.SysTick_Handler
                0x08002558        0x8 ./Core/Src/stm32c0xx_it.o
                0x08002558                SysTick_Handler
 .text.EXTI2_3_IRQHandler
                0x08002560       0x10 ./Core/Src/stm32c0xx_it.o
                0x08002560                EXTI2_3_IRQHandler
 .text.EXTI4_15_IRQHandler
                0x08002570       0x12 ./Core/Src/stm32c0xx_it.o
                0x08002570                EXTI4_15_IRQHandler
 *fill*         0x08002582        0x2 
 .text.TIM1_BRK_UP_TRG_COM_IRQHandler
                0x08002584       0x10 ./Core/Src/stm32c0xx_it.o
                0x08002584                TIM1_BRK_UP_TRG_COM_IRQHandler
 .text.TIM1_CC_IRQHandler
                0x08002594        0x8 ./Core/Src/stm32c0xx_it.o
                0x08002594                TIM1_CC_IRQHandler
 .text.TIM14_IRQHandler
                0x0800259c       0x10 ./Core/Src/stm32c0xx_it.o
                0x0800259c                TIM14_IRQHandler
 .text.TIM16_IRQHandler
                0x080025ac       0x10 ./Core/Src/stm32c0xx_it.o
                0x080025ac                TIM16_IRQHandler
 .text.TIM17_IRQHandler
                0x080025bc       0x10 ./Core/Src/stm32c0xx_it.o
                0x080025bc                TIM17_IRQHandler
 .text._sbrk    0x080025cc       0x40 ./Core/Src/sysmem.o
                0x080025cc                _sbrk
 .text.SystemInit
                0x0800260c       0x10 ./Core/Src/system_stm32c0xx.o
                0x0800260c                SystemInit
 .text.MX_TIM1_Init
                0x0800261c       0x7c ./Core/Src/tim.o
                0x0800261c                MX_TIM1_Init
 .text.MX_TIM3_Init
                0x08002698       0xbc ./Core/Src/tim.o
                0x08002698                MX_TIM3_Init
 .text.MX_TIM14_Init
                0x08002754       0x30 ./Core/Src/tim.o
                0x08002754                MX_TIM14_Init
 .text.MX_TIM16_Init
                0x08002784       0x34 ./Core/Src/tim.o
                0x08002784                MX_TIM16_Init
 .text.MX_TIM17_Init
                0x080027b8       0x30 ./Core/Src/tim.o
                0x080027b8                MX_TIM17_Init
 .text.HAL_TIM_Base_MspInit
                0x080027e8       0xec ./Core/Src/tim.o
                0x080027e8                HAL_TIM_Base_MspInit
 .text.Reset_Handler
                0x080028d4       0x50 ./Core/Startup/startup_stm32c011f6ux.o
                0x080028d4                Reset_Handler
 .text.Default_Handler
                0x08002924        0x2 ./Core/Startup/startup_stm32c011f6ux.o
                0x08002924                I2C1_IRQHandler
                0x08002924                DMAMUX1_IRQHandler
                0x08002924                SPI1_IRQHandler
                0x08002924                ADC1_IRQHandler
                0x08002924                RTC_IRQHandler
                0x08002924                TIM3_IRQHandler
                0x08002924                RCC_IRQHandler
                0x08002924                DMA1_Channel1_IRQHandler
                0x08002924                Default_Handler
                0x08002924                EXTI0_1_IRQHandler
                0x08002924                WWDG_IRQHandler
                0x08002924                DMA1_Channel2_3_IRQHandler
                0x08002924                USART2_IRQHandler
                0x08002924                FLASH_IRQHandler
                0x08002924                USART1_IRQHandler
 *fill*         0x08002926        0x2 
 .text.HAL_InitTick
                0x08002928       0x50 ./Drivers/STM32C0xx_HAL_Driver/Src/stm32c0xx_hal.o
                0x08002928                HAL_InitTick
 .text.HAL_Init
                0x08002978       0x18 ./Drivers/STM32C0xx_HAL_Driver/Src/stm32c0xx_hal.o
                0x08002978                HAL_Init
 .text.HAL_IncTick
                0x08002990       0x18 ./Drivers/STM32C0xx_HAL_Driver/Src/stm32c0xx_hal.o
                0x08002990                HAL_IncTick
 .text.HAL_GetTick
                0x080029a8        0xc ./Drivers/STM32C0xx_HAL_Driver/Src/stm32c0xx_hal.o
                0x080029a8                HAL_GetTick
 .text.HAL_Delay
                0x080029b4       0x24 ./Drivers/STM32C0xx_HAL_Driver/Src/stm32c0xx_hal.o
                0x080029b4                HAL_Delay
 .text.HAL_SYSCFG_EnableRemap
                0x080029d8       0x10 ./Drivers/STM32C0xx_HAL_Driver/Src/stm32c0xx_hal.o
                0x080029d8                HAL_SYSCFG_EnableRemap
 .text.HAL_NVIC_SetPriority
                0x080029e8       0x54 ./Drivers/STM32C0xx_HAL_Driver/Src/stm32c0xx_hal_cortex.o
                0x080029e8                HAL_NVIC_SetPriority
 .text.HAL_NVIC_EnableIRQ
                0x08002a3c       0x18 ./Drivers/STM32C0xx_HAL_Driver/Src/stm32c0xx_hal_cortex.o
                0x08002a3c                HAL_NVIC_EnableIRQ
 .text.HAL_NVIC_DisableIRQ
                0x08002a54       0x20 ./Drivers/STM32C0xx_HAL_Driver/Src/stm32c0xx_hal_cortex.o
                0x08002a54                HAL_NVIC_DisableIRQ
 .text.HAL_SYSTICK_Config
                0x08002a74       0x34 ./Drivers/STM32C0xx_HAL_Driver/Src/stm32c0xx_hal_cortex.o
                0x08002a74                HAL_SYSTICK_Config
 .text.HAL_GPIO_Init
                0x08002aa8      0x168 ./Drivers/STM32C0xx_HAL_Driver/Src/stm32c0xx_hal_gpio.o
                0x08002aa8                HAL_GPIO_Init
 .text.HAL_GPIO_DeInit
                0x08002c10       0xe8 ./Drivers/STM32C0xx_HAL_Driver/Src/stm32c0xx_hal_gpio.o
                0x08002c10                HAL_GPIO_DeInit
 .text.HAL_GPIO_ReadPin
                0x08002cf8        0xc ./Drivers/STM32C0xx_HAL_Driver/Src/stm32c0xx_hal_gpio.o
                0x08002cf8                HAL_GPIO_ReadPin
 .text.HAL_GPIO_WritePin
                0x08002d04        0xc ./Drivers/STM32C0xx_HAL_Driver/Src/stm32c0xx_hal_gpio.o
                0x08002d04                HAL_GPIO_WritePin
 .text.HAL_GPIO_TogglePin
                0x08002d10       0x10 ./Drivers/STM32C0xx_HAL_Driver/Src/stm32c0xx_hal_gpio.o
                0x08002d10                HAL_GPIO_TogglePin
 .text.HAL_GPIO_EXTI_IRQHandler
                0x08002d20       0x28 ./Drivers/STM32C0xx_HAL_Driver/Src/stm32c0xx_hal_gpio.o
                0x08002d20                HAL_GPIO_EXTI_IRQHandler
 .text.HAL_RCC_OscConfig
                0x08002d48      0x26c ./Drivers/STM32C0xx_HAL_Driver/Src/stm32c0xx_hal_rcc.o
                0x08002d48                HAL_RCC_OscConfig
 .text.HAL_RCC_GetSysClockFreq
                0x08002fb4       0x5c ./Drivers/STM32C0xx_HAL_Driver/Src/stm32c0xx_hal_rcc.o
                0x08002fb4                HAL_RCC_GetSysClockFreq
 .text.HAL_RCC_ClockConfig
                0x08003010      0x164 ./Drivers/STM32C0xx_HAL_Driver/Src/stm32c0xx_hal_rcc.o
                0x08003010                HAL_RCC_ClockConfig
 .text.TIM_OC1_SetConfig
                0x08003174       0x7c ./Drivers/STM32C0xx_HAL_Driver/Src/stm32c0xx_hal_tim.o
 .text.TIM_OC3_SetConfig
                0x080031f0       0x84 ./Drivers/STM32C0xx_HAL_Driver/Src/stm32c0xx_hal_tim.o
 .text.TIM_OC4_SetConfig
                0x08003274       0x68 ./Drivers/STM32C0xx_HAL_Driver/Src/stm32c0xx_hal_tim.o
 .text.TIM_OC5_SetConfig
                0x080032dc       0x60 ./Drivers/STM32C0xx_HAL_Driver/Src/stm32c0xx_hal_tim.o
 .text.TIM_OC6_SetConfig
                0x0800333c       0x68 ./Drivers/STM32C0xx_HAL_Driver/Src/stm32c0xx_hal_tim.o
 .text.HAL_TIM_Base_Start_IT
                0x080033a4       0x58 ./Drivers/STM32C0xx_HAL_Driver/Src/stm32c0xx_hal_tim.o
                0x080033a4                HAL_TIM_Base_Start_IT
 .text.HAL_TIM_OC_MspInit
                0x080033fc        0x2 ./Drivers/STM32C0xx_HAL_Driver/Src/stm32c0xx_hal_tim.o
                0x080033fc                HAL_TIM_OC_MspInit
 .text.HAL_TIM_OnePulse_MspInit
                0x080033fe        0x2 ./Drivers/STM32C0xx_HAL_Driver/Src/stm32c0xx_hal_tim.o
                0x080033fe                HAL_TIM_OnePulse_MspInit
 .text.HAL_TIM_OC_DelayElapsedCallback
                0x08003400        0x2 ./Drivers/STM32C0xx_HAL_Driver/Src/stm32c0xx_hal_tim.o
                0x08003400                HAL_TIM_OC_DelayElapsedCallback
 .text.HAL_TIM_IC_CaptureCallback
                0x08003402        0x2 ./Drivers/STM32C0xx_HAL_Driver/Src/stm32c0xx_hal_tim.o
                0x08003402                HAL_TIM_IC_CaptureCallback
 .text.HAL_TIM_PWM_PulseFinishedCallback
                0x08003404        0x2 ./Drivers/STM32C0xx_HAL_Driver/Src/stm32c0xx_hal_tim.o
                0x08003404                HAL_TIM_PWM_PulseFinishedCallback
 .text.HAL_TIM_TriggerCallback
                0x08003406        0x2 ./Drivers/STM32C0xx_HAL_Driver/Src/stm32c0xx_hal_tim.o
                0x08003406                HAL_TIM_TriggerCallback
 .text.HAL_TIM_IRQHandler
                0x08003408      0x158 ./Drivers/STM32C0xx_HAL_Driver/Src/stm32c0xx_hal_tim.o
                0x08003408                HAL_TIM_IRQHandler
 .text.TIM_Base_SetConfig
                0x08003560       0x8c ./Drivers/STM32C0xx_HAL_Driver/Src/stm32c0xx_hal_tim.o
                0x08003560                TIM_Base_SetConfig
 .text.HAL_TIM_Base_Init
                0x080035ec       0x54 ./Drivers/STM32C0xx_HAL_Driver/Src/stm32c0xx_hal_tim.o
                0x080035ec                HAL_TIM_Base_Init
 .text.HAL_TIM_OC_Init
                0x08003640       0x54 ./Drivers/STM32C0xx_HAL_Driver/Src/stm32c0xx_hal_tim.o
                0x08003640                HAL_TIM_OC_Init
 .text.HAL_TIM_OnePulse_Init
                0x08003694       0x5a ./Drivers/STM32C0xx_HAL_Driver/Src/stm32c0xx_hal_tim.o
                0x08003694                HAL_TIM_OnePulse_Init
 *fill*         0x080036ee        0x2 
 .text.TIM_OC2_SetConfig
                0x080036f0       0x78 ./Drivers/STM32C0xx_HAL_Driver/Src/stm32c0xx_hal_tim.o
                0x080036f0                TIM_OC2_SetConfig
 .text.HAL_TIM_OC_ConfigChannel
                0x08003768       0x64 ./Drivers/STM32C0xx_HAL_Driver/Src/stm32c0xx_hal_tim.o
                0x08003768                HAL_TIM_OC_ConfigChannel
 .text.TIM_ETR_SetConfig
                0x080037cc       0x18 ./Drivers/STM32C0xx_HAL_Driver/Src/stm32c0xx_hal_tim.o
                0x080037cc                TIM_ETR_SetConfig
 .text.HAL_TIM_ConfigClockSource
                0x080037e4      0x130 ./Drivers/STM32C0xx_HAL_Driver/Src/stm32c0xx_hal_tim.o
                0x080037e4                HAL_TIM_ConfigClockSource
 .text.TIM_SlaveTimer_SetConfig.constprop.0
                0x08003914       0xd0 ./Drivers/STM32C0xx_HAL_Driver/Src/stm32c0xx_hal_tim.o
 .text.HAL_TIM_SlaveConfigSynchro
                0x080039e4       0x4c ./Drivers/STM32C0xx_HAL_Driver/Src/stm32c0xx_hal_tim.o
                0x080039e4                HAL_TIM_SlaveConfigSynchro
 .text.HAL_TIMEx_MasterConfigSynchronization
                0x08003a30       0x60 ./Drivers/STM32C0xx_HAL_Driver/Src/stm32c0xx_hal_tim_ex.o
                0x08003a30                HAL_TIMEx_MasterConfigSynchronization
 .text.HAL_TIMEx_CommutCallback
                0x08003a90        0x2 ./Drivers/STM32C0xx_HAL_Driver/Src/stm32c0xx_hal_tim_ex.o
                0x08003a90                HAL_TIMEx_CommutCallback
 .text.HAL_TIMEx_BreakCallback
                0x08003a92        0x2 ./Drivers/STM32C0xx_HAL_Driver/Src/stm32c0xx_hal_tim_ex.o
                0x08003a92                HAL_TIMEx_BreakCallback
 .text.HAL_TIMEx_Break2Callback
                0x08003a94        0x2 ./Drivers/STM32C0xx_HAL_Driver/Src/stm32c0xx_hal_tim_ex.o
                0x08003a94                HAL_TIMEx_Break2Callback
 *fill*         0x08003a96        0x2 
 .text.malloc   0x08003a98       0x14 C:/ST/STM32CubeIDE_1.16.1/STM32CubeIDE/plugins/com.st.stm32cube.ide.mcu.externaltools.gnu-tools-for-stm32.12.3.rel1.win32_1.0.200.202406191623/tools/bin/../lib/gcc/arm-none-eabi/12.3.1/../../../../arm-none-eabi/lib/thumb/v6-m/nofp\libc_nano.a(libc_a-malloc.o)
                0x08003a98                malloc
 .text.sbrk_aligned
                0x08003aac       0x44 C:/ST/STM32CubeIDE_1.16.1/STM32CubeIDE/plugins/com.st.stm32cube.ide.mcu.externaltools.gnu-tools-for-stm32.12.3.rel1.win32_1.0.200.202406191623/tools/bin/../lib/gcc/arm-none-eabi/12.3.1/../../../../arm-none-eabi/lib/thumb/v6-m/nofp\libc_nano.a(libc_a-mallocr.o)
 .text._malloc_r
                0x08003af0      0x100 C:/ST/STM32CubeIDE_1.16.1/STM32CubeIDE/plugins/com.st.stm32cube.ide.mcu.externaltools.gnu-tools-for-stm32.12.3.rel1.win32_1.0.200.202406191623/tools/bin/../lib/gcc/arm-none-eabi/12.3.1/../../../../arm-none-eabi/lib/thumb/v6-m/nofp\libc_nano.a(libc_a-mallocr.o)
                0x08003af0                _malloc_r
 .text.__malloc_lock
                0x08003bf0       0x10 C:/ST/STM32CubeIDE_1.16.1/STM32CubeIDE/plugins/com.st.stm32cube.ide.mcu.externaltools.gnu-tools-for-stm32.12.3.rel1.win32_1.0.200.202406191623/tools/bin/../lib/gcc/arm-none-eabi/12.3.1/../../../../arm-none-eabi/lib/thumb/v6-m/nofp\libc_nano.a(libc_a-mlock.o)
                0x08003bf0                __malloc_lock
 .text.__malloc_unlock
                0x08003c00       0x10 C:/ST/STM32CubeIDE_1.16.1/STM32CubeIDE/plugins/com.st.stm32cube.ide.mcu.externaltools.gnu-tools-for-stm32.12.3.rel1.win32_1.0.200.202406191623/tools/bin/../lib/gcc/arm-none-eabi/12.3.1/../../../../arm-none-eabi/lib/thumb/v6-m/nofp\libc_nano.a(libc_a-mlock.o)
                0x08003c00                __malloc_unlock
 .text.memset   0x08003c10       0x10 C:/ST/STM32CubeIDE_1.16.1/STM32CubeIDE/plugins/com.st.stm32cube.ide.mcu.externaltools.gnu-tools-for-stm32.12.3.rel1.win32_1.0.200.202406191623/tools/bin/../lib/gcc/arm-none-eabi/12.3.1/../../../../arm-none-eabi/lib/thumb/v6-m/nofp\libc_nano.a(libc_a-memset.o)
                0x08003c10                memset
 .text._sbrk_r  0x08003c20       0x24 C:/ST/STM32CubeIDE_1.16.1/STM32CubeIDE/plugins/com.st.stm32cube.ide.mcu.externaltools.gnu-tools-for-stm32.12.3.rel1.win32_1.0.200.202406191623/tools/bin/../lib/gcc/arm-none-eabi/12.3.1/../../../../arm-none-eabi/lib/thumb/v6-m/nofp\libc_nano.a(libc_a-sbrkr.o)
                0x08003c20                _sbrk_r
 .text.__errno  0x08003c44        0xc C:/ST/STM32CubeIDE_1.16.1/STM32CubeIDE/plugins/com.st.stm32cube.ide.mcu.externaltools.gnu-tools-for-stm32.12.3.rel1.win32_1.0.200.202406191623/tools/bin/../lib/gcc/arm-none-eabi/12.3.1/../../../../arm-none-eabi/lib/thumb/v6-m/nofp\libc_nano.a(libc_a-errno.o)
                0x08003c44                __errno
 .text.__libc_init_array
                0x08003c50       0x48 C:/ST/STM32CubeIDE_1.16.1/STM32CubeIDE/plugins/com.st.stm32cube.ide.mcu.externaltools.gnu-tools-for-stm32.12.3.rel1.win32_1.0.200.202406191623/tools/bin/../lib/gcc/arm-none-eabi/12.3.1/../../../../arm-none-eabi/lib/thumb/v6-m/nofp\libc_nano.a(libc_a-init.o)
                0x08003c50                __libc_init_array
 .text.__retarget_lock_acquire_recursive
                0x08003c98        0x2 C:/ST/STM32CubeIDE_1.16.1/STM32CubeIDE/plugins/com.st.stm32cube.ide.mcu.externaltools.gnu-tools-for-stm32.12.3.rel1.win32_1.0.200.202406191623/tools/bin/../lib/gcc/arm-none-eabi/12.3.1/../../../../arm-none-eabi/lib/thumb/v6-m/nofp\libc_nano.a(libc_a-lock.o)
                0x08003c98                __retarget_lock_acquire_recursive
 .text.__retarget_lock_release_recursive
                0x08003c9a        0x2 C:/ST/STM32CubeIDE_1.16.1/STM32CubeIDE/plugins/com.st.stm32cube.ide.mcu.externaltools.gnu-tools-for-stm32.12.3.rel1.win32_1.0.200.202406191623/tools/bin/../lib/gcc/arm-none-eabi/12.3.1/../../../../arm-none-eabi/lib/thumb/v6-m/nofp\libc_nano.a(libc_a-lock.o)
                0x08003c9a                __retarget_lock_release_recursive
 .text.memcpy   0x08003c9c       0x12 C:/ST/STM32CubeIDE_1.16.1/STM32CubeIDE/plugins/com.st.stm32cube.ide.mcu.externaltools.gnu-tools-for-stm32.12.3.rel1.win32_1.0.200.202406191623/tools/bin/../lib/gcc/arm-none-eabi/12.3.1/../../../../arm-none-eabi/lib/thumb/v6-m/nofp\libc_nano.a(libc_a-memcpy-stub.o)
                0x08003c9c                memcpy
 *(.glue_7)
 .glue_7        0x08003cae        0x0 linker stubs
 *(.glue_7t)
 .glue_7t       0x08003cae        0x0 linker stubs
 *(.eh_frame)
 *fill*         0x08003cae        0x2 
 .eh_frame      0x08003cb0        0x0 C:/ST/STM32CubeIDE_1.16.1/STM32CubeIDE/plugins/com.st.stm32cube.ide.mcu.externaltools.gnu-tools-for-stm32.12.3.rel1.win32_1.0.200.202406191623/tools/bin/../lib/gcc/arm-none-eabi/12.3.1/thumb/v6-m/nofp/crtbegin.o
 *(.init)
 .init          0x08003cb0        0x4 C:/ST/STM32CubeIDE_1.16.1/STM32CubeIDE/plugins/com.st.stm32cube.ide.mcu.externaltools.gnu-tools-for-stm32.12.3.rel1.win32_1.0.200.202406191623/tools/bin/../lib/gcc/arm-none-eabi/12.3.1/thumb/v6-m/nofp/crti.o
                0x08003cb0                _init
 .init          0x08003cb4        0x8 C:/ST/STM32CubeIDE_1.16.1/STM32CubeIDE/plugins/com.st.stm32cube.ide.mcu.externaltools.gnu-tools-for-stm32.12.3.rel1.win32_1.0.200.202406191623/tools/bin/../lib/gcc/arm-none-eabi/12.3.1/thumb/v6-m/nofp/crtn.o
 *(.fini)
 .fini          0x08003cbc        0x4 C:/ST/STM32CubeIDE_1.16.1/STM32CubeIDE/plugins/com.st.stm32cube.ide.mcu.externaltools.gnu-tools-for-stm32.12.3.rel1.win32_1.0.200.202406191623/tools/bin/../lib/gcc/arm-none-eabi/12.3.1/thumb/v6-m/nofp/crti.o
                0x08003cbc                _fini
 .fini          0x08003cc0        0x8 C:/ST/STM32CubeIDE_1.16.1/STM32CubeIDE/plugins/com.st.stm32cube.ide.mcu.externaltools.gnu-tools-for-stm32.12.3.rel1.win32_1.0.200.202406191623/tools/bin/../lib/gcc/arm-none-eabi/12.3.1/thumb/v6-m/nofp/crtn.o
                0x08003cc8                        . = ALIGN (0x4)
                0x08003cc8                        _etext = .

.vfp11_veneer   0x08003cc8        0x0
 .vfp11_veneer  0x08003cc8        0x0 linker stubs

.v4_bx          0x08003cc8        0x0
 .v4_bx         0x08003cc8        0x0 linker stubs

.iplt           0x08003cc8        0x0
 .iplt          0x08003cc8        0x0 C:/ST/STM32CubeIDE_1.16.1/STM32CubeIDE/plugins/com.st.stm32cube.ide.mcu.externaltools.gnu-tools-for-stm32.12.3.rel1.win32_1.0.200.202406191623/tools/bin/../lib/gcc/arm-none-eabi/12.3.1/thumb/v6-m/nofp/crtbegin.o

.rodata         0x08003cc8       0x40
                0x08003cc8                        . = ALIGN (0x4)
 *(.rodata)
 *(.rodata*)
 .rodata.AHBPrescTable
                0x08003cc8       0x40 ./Core/Src/system_stm32c0xx.o
                0x08003cc8                AHBPrescTable
                0x08003d08                        . = ALIGN (0x4)

.rel.dyn        0x08003d08        0x0
 .rel.iplt      0x08003d08        0x0 C:/ST/STM32CubeIDE_1.16.1/STM32CubeIDE/plugins/com.st.stm32cube.ide.mcu.externaltools.gnu-tools-for-stm32.12.3.rel1.win32_1.0.200.202406191623/tools/bin/../lib/gcc/arm-none-eabi/12.3.1/thumb/v6-m/nofp/crtbegin.o

.ARM.extab      0x08003d08        0x0
                0x08003d08                        . = ALIGN (0x4)
 *(.ARM.extab* .gnu.linkonce.armextab.*)
                0x08003d08                        . = ALIGN (0x4)

.ARM            0x08003d08        0x0
                0x08003d08                        . = ALIGN (0x4)
                0x08003d08                        __exidx_start = .
 *(.ARM.exidx*)
                0x08003d08                        __exidx_end = .
                0x08003d08                        . = ALIGN (0x4)

.preinit_array  0x08003d08        0x0
                0x08003d08                        . = ALIGN (0x4)
                0x08003d08                        PROVIDE (__preinit_array_start = .)
 *(.preinit_array*)
                0x08003d08                        PROVIDE (__preinit_array_end = .)
                0x08003d08                        . = ALIGN (0x4)

.init_array     0x08003d08        0x4
                0x08003d08                        . = ALIGN (0x4)
                0x08003d08                        PROVIDE (__init_array_start = .)
 *(SORT_BY_NAME(.init_array.*))
 *(.init_array*)
 .init_array    0x08003d08        0x4 C:/ST/STM32CubeIDE_1.16.1/STM32CubeIDE/plugins/com.st.stm32cube.ide.mcu.externaltools.gnu-tools-for-stm32.12.3.rel1.win32_1.0.200.202406191623/tools/bin/../lib/gcc/arm-none-eabi/12.3.1/thumb/v6-m/nofp/crtbegin.o
                0x08003d0c                        PROVIDE (__init_array_end = .)
                0x08003d0c                        . = ALIGN (0x4)

.fini_array     0x08003d0c        0x4
                0x08003d0c                        . = ALIGN (0x4)
                [!provide]                        PROVIDE (__fini_array_start = .)
 *(SORT_BY_NAME(.fini_array.*))
 *(.fini_array*)
 .fini_array    0x08003d0c        0x4 C:/ST/STM32CubeIDE_1.16.1/STM32CubeIDE/plugins/com.st.stm32cube.ide.mcu.externaltools.gnu-tools-for-stm32.12.3.rel1.win32_1.0.200.202406191623/tools/bin/../lib/gcc/arm-none-eabi/12.3.1/thumb/v6-m/nofp/crtbegin.o
                [!provide]                        PROVIDE (__fini_array_end = .)
                0x08003d10                        . = ALIGN (0x4)
                0x08003d10                        _sidata = LOADADDR (.data)

.data           0x20000000       0x68 load address 0x08003d10
                0x20000000                        . = ALIGN (0x4)
                0x20000000                        _sdata = .
 *(.data)
 *(.data*)
 .data.readout_mask.0
                0x20000000        0x8 ./Core/Src/BoardSupport/pyd15X8.o
 .data.wait     0x20000008        0x1 ./Core/Src/main.o
                0x20000008                wait
 .data.abort_uv
                0x20000009        0x1 ./Core/Src/main.o
                0x20000009                abort_uv
 *fill*         0x2000000a        0x2 
 .data.SystemCoreClock
                0x2000000c        0x4 ./Core/Src/system_stm32c0xx.o
                0x2000000c                SystemCoreClock
 .data.uwTickFreq
                0x20000010        0x1 ./Drivers/STM32C0xx_HAL_Driver/Src/stm32c0xx_hal.o
                0x20000010                uwTickFreq
 *fill*         0x20000011        0x3 
 .data.uwTickPrio
                0x20000014        0x4 ./Drivers/STM32C0xx_HAL_Driver/Src/stm32c0xx_hal.o
                0x20000014                uwTickPrio
 .data._impure_ptr
                0x20000018        0x4 C:/ST/STM32CubeIDE_1.16.1/STM32CubeIDE/plugins/com.st.stm32cube.ide.mcu.externaltools.gnu-tools-for-stm32.12.3.rel1.win32_1.0.200.202406191623/tools/bin/../lib/gcc/arm-none-eabi/12.3.1/../../../../arm-none-eabi/lib/thumb/v6-m/nofp\libc_nano.a(libc_a-impure.o)
                0x20000018                _impure_ptr
 .data._impure_data
                0x2000001c       0x4c C:/ST/STM32CubeIDE_1.16.1/STM32CubeIDE/plugins/com.st.stm32cube.ide.mcu.externaltools.gnu-tools-for-stm32.12.3.rel1.win32_1.0.200.202406191623/tools/bin/../lib/gcc/arm-none-eabi/12.3.1/../../../../arm-none-eabi/lib/thumb/v6-m/nofp\libc_nano.a(libc_a-impure.o)
                0x2000001c                _impure_data
 *(.RamFunc)
 *(.RamFunc*)
                0x20000068                        . = ALIGN (0x4)
                0x20000068                        _edata = .

.igot.plt       0x20000068        0x0 load address 0x08003d78
 .igot.plt      0x20000068        0x0 C:/ST/STM32CubeIDE_1.16.1/STM32CubeIDE/plugins/com.st.stm32cube.ide.mcu.externaltools.gnu-tools-for-stm32.12.3.rel1.win32_1.0.200.202406191623/tools/bin/../lib/gcc/arm-none-eabi/12.3.1/thumb/v6-m/nofp/crtbegin.o
                0x20000068                        . = ALIGN (0x4)

.bss            0x20000068      0xa0c load address 0x08003d78
                0x20000068                        _sbss = .
                0x20000068                        __bss_start__ = _sbss
 *(.bss)
 .bss           0x20000068       0x1c C:/ST/STM32CubeIDE_1.16.1/STM32CubeIDE/plugins/com.st.stm32cube.ide.mcu.externaltools.gnu-tools-for-stm32.12.3.rel1.win32_1.0.200.202406191623/tools/bin/../lib/gcc/arm-none-eabi/12.3.1/thumb/v6-m/nofp/crtbegin.o
 *(.bss*)
 .bss.nutone_app_hand
                0x20000084       0x40 ./Core/Src/main.o
                0x20000084                nutone_app_hand
 *fill*         0x200000c4        0x4 
 .bss.vyv_timeoff
                0x200000c8       0x68 ./Core/Src/main.o
                0x200000c8                vyv_timeoff
 .bss.ctrl_timer
                0x20000130       0x68 ./Core/Src/main.o
                0x20000130                ctrl_timer
 .bss.uv_state  0x20000198        0x1 ./Core/Src/main.o
                0x20000198                uv_state
 *fill*         0x20000199        0x7 
 .bss.deadline_uv_wait_timeout
                0x200001a0       0x68 ./Core/Src/main.o
                0x200001a0                deadline_uv_wait_timeout
 .bss.timer_motion_uv_timeout
                0x20000208       0x18 ./Core/Src/main.o
                0x20000208                timer_motion_uv_timeout
 .bss.deadline_motion_uv_timeout
                0x20000220       0x68 ./Core/Src/main.o
                0x20000220                deadline_motion_uv_timeout
 .bss.timer_motion_uv_safe
                0x20000288       0x18 ./Core/Src/main.o
                0x20000288                timer_motion_uv_safe
 .bss.deadline_motion_uv_safe
                0x200002a0       0x68 ./Core/Src/main.o
                0x200002a0                deadline_motion_uv_safe
 .bss.timer_motion_uv
                0x20000308       0x18 ./Core/Src/main.o
                0x20000308                timer_motion_uv
 .bss.deadline_motion_uv
                0x20000320       0x68 ./Core/Src/main.o
                0x20000320                deadline_motion_uv
 .bss.light_2_no_motion_state
                0x20000388        0x1 ./Core/Src/main.o
                0x20000388                light_2_no_motion_state
 .bss.light_2_state
                0x20000389        0x1 ./Core/Src/main.o
                0x20000389                light_2_state
 *fill*         0x2000038a        0x6 
 .bss.timer_motion_light_2
                0x20000390       0x18 ./Core/Src/main.o
                0x20000390                timer_motion_light_2
 .bss.deadline_motion_light_2
                0x200003a8       0x68 ./Core/Src/main.o
                0x200003a8                deadline_motion_light_2
 .bss.light_1_state
                0x20000410        0x1 ./Core/Src/main.o
                0x20000410                light_1_state
 *fill*         0x20000411        0x7 
 .bss.timer_motion_light_1
                0x20000418       0x18 ./Core/Src/main.o
                0x20000418                timer_motion_light_1
 .bss.deadline_motion_light_1
                0x20000430       0x68 ./Core/Src/main.o
                0x20000430                deadline_motion_light_1
 .bss.deadline_led_indicator
                0x20000498       0x68 ./Core/Src/main.o
                0x20000498                deadline_led_indicator
 .bss.motion_sensed_uv
                0x20000500        0x1 ./Core/Src/main.o
                0x20000500                motion_sensed_uv
 .bss.motion_sensed_light_2
                0x20000501        0x1 ./Core/Src/main.o
                0x20000501                motion_sensed_light_2
 .bss.motion_sensed_light_1
                0x20000502        0x1 ./Core/Src/main.o
                0x20000502                motion_sensed_light_1
 *fill*         0x20000503        0x1 
 .bss.button_uv
                0x20000504       0x1c ./Core/Src/main.o
                0x20000504                button_uv
 .bss.button_light_2
                0x20000520       0x1c ./Core/Src/main.o
                0x20000520                button_light_2
 .bss.button_light_1
                0x2000053c       0x1c ./Core/Src/main.o
                0x2000053c                button_light_1
 .bss.timer_buttons
                0x20000558       0x18 ./Core/Src/main.o
                0x20000558                timer_buttons
 .bss.deadline_buttons
                0x20000570       0x68 ./Core/Src/main.o
                0x20000570                deadline_buttons
 .bss.general_clock
                0x200005d8       0x18 ./Core/Src/main.o
                0x200005d8                general_clock
 .bss.deadline_timer_uv
                0x200005f0       0x68 ./Core/Src/main.o
                0x200005f0                deadline_timer_uv
 .bss.deadline_timer_light_2
                0x20000658       0x68 ./Core/Src/main.o
                0x20000658                deadline_timer_light_2
 .bss.deadline_timer_light_1
                0x200006c0       0x68 ./Core/Src/main.o
                0x200006c0                deadline_timer_light_1
 .bss.deadline  0x20000728       0x18 ./Core/Src/main.o
                0x20000728                deadline
 .bss.motion_initial_conf
                0x20000740        0x8 ./Core/Src/main.o
                0x20000740                motion_initial_conf
 .bss.motion_sensor
                0x20000748       0x60 ./Core/Src/main.o
                0x20000748                motion_sensor
 .bss.__sbrk_heap_end
                0x200007a8        0x4 ./Core/Src/sysmem.o
 .bss.htim17    0x200007ac       0x4c ./Core/Src/tim.o
                0x200007ac                htim17
 .bss.htim16    0x200007f8       0x4c ./Core/Src/tim.o
                0x200007f8                htim16
 .bss.htim14    0x20000844       0x4c ./Core/Src/tim.o
                0x20000844                htim14
 .bss.htim3     0x20000890       0x4c ./Core/Src/tim.o
                0x20000890                htim3
 .bss.htim1     0x200008dc       0x4c ./Core/Src/tim.o
                0x200008dc                htim1
 .bss.uwTick    0x20000928        0x4 ./Drivers/STM32C0xx_HAL_Driver/Src/stm32c0xx_hal.o
                0x20000928                uwTick
 .bss.__malloc_sbrk_start
                0x2000092c        0x4 C:/ST/STM32CubeIDE_1.16.1/STM32CubeIDE/plugins/com.st.stm32cube.ide.mcu.externaltools.gnu-tools-for-stm32.12.3.rel1.win32_1.0.200.202406191623/tools/bin/../lib/gcc/arm-none-eabi/12.3.1/../../../../arm-none-eabi/lib/thumb/v6-m/nofp\libc_nano.a(libc_a-mallocr.o)
                0x2000092c                __malloc_sbrk_start
 .bss.__malloc_free_list
                0x20000930        0x4 C:/ST/STM32CubeIDE_1.16.1/STM32CubeIDE/plugins/com.st.stm32cube.ide.mcu.externaltools.gnu-tools-for-stm32.12.3.rel1.win32_1.0.200.202406191623/tools/bin/../lib/gcc/arm-none-eabi/12.3.1/../../../../arm-none-eabi/lib/thumb/v6-m/nofp\libc_nano.a(libc_a-mallocr.o)
                0x20000930                __malloc_free_list
 .bss.__sf      0x20000934      0x138 C:/ST/STM32CubeIDE_1.16.1/STM32CubeIDE/plugins/com.st.stm32cube.ide.mcu.externaltools.gnu-tools-for-stm32.12.3.rel1.win32_1.0.200.202406191623/tools/bin/../lib/gcc/arm-none-eabi/12.3.1/../../../../arm-none-eabi/lib/thumb/v6-m/nofp\libc_nano.a(libc_a-findfp.o)
                0x20000934                __sf
 .bss.errno     0x20000a6c        0x4 C:/ST/STM32CubeIDE_1.16.1/STM32CubeIDE/plugins/com.st.stm32cube.ide.mcu.externaltools.gnu-tools-for-stm32.12.3.rel1.win32_1.0.200.202406191623/tools/bin/../lib/gcc/arm-none-eabi/12.3.1/../../../../arm-none-eabi/lib/thumb/v6-m/nofp\libc_nano.a(libc_a-reent.o)
                0x20000a6c                errno
 .bss.__lock___malloc_recursive_mutex
                0x20000a70        0x1 C:/ST/STM32CubeIDE_1.16.1/STM32CubeIDE/plugins/com.st.stm32cube.ide.mcu.externaltools.gnu-tools-for-stm32.12.3.rel1.win32_1.0.200.202406191623/tools/bin/../lib/gcc/arm-none-eabi/12.3.1/../../../../arm-none-eabi/lib/thumb/v6-m/nofp\libc_nano.a(libc_a-lock.o)
                0x20000a70                __lock___malloc_recursive_mutex
 *(COMMON)
                0x20000a74                        . = ALIGN (0x4)
 *fill*         0x20000a71        0x3 
                0x20000a74                        _ebss = .
                0x20000a74                        __bss_end__ = _ebss

._user_heap_stack
                0x20000a74      0x604 load address 0x08003d78
                0x20000a78                        . = ALIGN (0x8)
 *fill*         0x20000a74        0x4 
                [!provide]                        PROVIDE (end = .)
                0x20000a78                        PROVIDE (_end = .)
                0x20000c78                        . = (. + _Min_Heap_Size)
 *fill*         0x20000a78      0x200 
                0x20001078                        . = (. + _Min_Stack_Size)
 *fill*         0x20000c78      0x400 
                0x20001078                        . = ALIGN (0x8)

/DISCARD/
 libc.a(*)
 libm.a(*)
 libgcc.a(*)

.ARM.attributes
                0x00000000       0x28
 *(.ARM.attributes)
 .ARM.attributes
                0x00000000       0x1e C:/ST/STM32CubeIDE_1.16.1/STM32CubeIDE/plugins/com.st.stm32cube.ide.mcu.externaltools.gnu-tools-for-stm32.12.3.rel1.win32_1.0.200.202406191623/tools/bin/../lib/gcc/arm-none-eabi/12.3.1/thumb/v6-m/nofp/crti.o
 .ARM.attributes
                0x0000001e       0x2c C:/ST/STM32CubeIDE_1.16.1/STM32CubeIDE/plugins/com.st.stm32cube.ide.mcu.externaltools.gnu-tools-for-stm32.12.3.rel1.win32_1.0.200.202406191623/tools/bin/../lib/gcc/arm-none-eabi/12.3.1/thumb/v6-m/nofp/crtbegin.o
 .ARM.attributes
                0x0000004a       0x2c ./Core/Src/Application/nutone_app.o
 .ARM.attributes
                0x00000076       0x2c ./Core/Src/BoardSupport/button.o
 .ARM.attributes
                0x000000a2       0x2c ./Core/Src/BoardSupport/led_indicator.o
 .ARM.attributes
                0x000000ce       0x2c ./Core/Src/BoardSupport/pyd15X8.o
 .ARM.attributes
                0x000000fa       0x2c ./Core/Src/BoardSupport/relay_l114fl_drv8210.o
 .ARM.attributes
                0x00000126       0x2c ./Core/Src/BoardSupport/switch_selector.o
 .ARM.attributes
                0x00000152       0x2c ./Core/Src/Middleware/NuTone.o
 .ARM.attributes
                0x0000017e       0x2c ./Core/Src/Middleware/deadline_timer.o
 .ARM.attributes
                0x000001aa       0x2c ./Core/Src/Middleware/output_ctrl.o
 .ARM.attributes
                0x000001d6       0x2c ./Core/Src/gpio.o
 .ARM.attributes
                0x00000202       0x2c ./Core/Src/main.o
 .ARM.attributes
                0x0000022e       0x2c ./Core/Src/stm32c0xx_hal_msp.o
 .ARM.attributes
                0x0000025a       0x2c ./Core/Src/stm32c0xx_it.o
 .ARM.attributes
                0x00000286       0x2c ./Core/Src/sysmem.o
 .ARM.attributes
                0x000002b2       0x2c ./Core/Src/system_stm32c0xx.o
 .ARM.attributes
                0x000002de       0x2c ./Core/Src/tim.o
 .ARM.attributes
                0x0000030a       0x22 ./Core/Startup/startup_stm32c011f6ux.o
 .ARM.attributes
                0x0000032c       0x2c ./Drivers/STM32C0xx_HAL_Driver/Src/stm32c0xx_hal.o
 .ARM.attributes
                0x00000358       0x2c ./Drivers/STM32C0xx_HAL_Driver/Src/stm32c0xx_hal_cortex.o
 .ARM.attributes
                0x00000384       0x2c ./Drivers/STM32C0xx_HAL_Driver/Src/stm32c0xx_hal_gpio.o
 .ARM.attributes
                0x000003b0       0x2c ./Drivers/STM32C0xx_HAL_Driver/Src/stm32c0xx_hal_rcc.o
 .ARM.attributes
                0x000003dc       0x2c ./Drivers/STM32C0xx_HAL_Driver/Src/stm32c0xx_hal_tim.o
 .ARM.attributes
                0x00000408       0x2c ./Drivers/STM32C0xx_HAL_Driver/Src/stm32c0xx_hal_tim_ex.o
 .ARM.attributes
                0x00000434       0x2c C:/ST/STM32CubeIDE_1.16.1/STM32CubeIDE/plugins/com.st.stm32cube.ide.mcu.externaltools.gnu-tools-for-stm32.12.3.rel1.win32_1.0.200.202406191623/tools/bin/../lib/gcc/arm-none-eabi/12.3.1/../../../../arm-none-eabi/lib/thumb/v6-m/nofp\libc_nano.a(libc_a-malloc.o)
 .ARM.attributes
                0x00000460       0x2c C:/ST/STM32CubeIDE_1.16.1/STM32CubeIDE/plugins/com.st.stm32cube.ide.mcu.externaltools.gnu-tools-for-stm32.12.3.rel1.win32_1.0.200.202406191623/tools/bin/../lib/gcc/arm-none-eabi/12.3.1/../../../../arm-none-eabi/lib/thumb/v6-m/nofp\libc_nano.a(libc_a-mallocr.o)
 .ARM.attributes
                0x0000048c       0x2c C:/ST/STM32CubeIDE_1.16.1/STM32CubeIDE/plugins/com.st.stm32cube.ide.mcu.externaltools.gnu-tools-for-stm32.12.3.rel1.win32_1.0.200.202406191623/tools/bin/../lib/gcc/arm-none-eabi/12.3.1/../../../../arm-none-eabi/lib/thumb/v6-m/nofp\libc_nano.a(libc_a-mlock.o)
 .ARM.attributes
                0x000004b8       0x2c C:/ST/STM32CubeIDE_1.16.1/STM32CubeIDE/plugins/com.st.stm32cube.ide.mcu.externaltools.gnu-tools-for-stm32.12.3.rel1.win32_1.0.200.202406191623/tools/bin/../lib/gcc/arm-none-eabi/12.3.1/../../../../arm-none-eabi/lib/thumb/v6-m/nofp\libc_nano.a(libc_a-findfp.o)
 .ARM.attributes
                0x000004e4       0x2c C:/ST/STM32CubeIDE_1.16.1/STM32CubeIDE/plugins/com.st.stm32cube.ide.mcu.externaltools.gnu-tools-for-stm32.12.3.rel1.win32_1.0.200.202406191623/tools/bin/../lib/gcc/arm-none-eabi/12.3.1/../../../../arm-none-eabi/lib/thumb/v6-m/nofp\libc_nano.a(libc_a-memset.o)
 .ARM.attributes
                0x00000510       0x2c C:/ST/STM32CubeIDE_1.16.1/STM32CubeIDE/plugins/com.st.stm32cube.ide.mcu.externaltools.gnu-tools-for-stm32.12.3.rel1.win32_1.0.200.202406191623/tools/bin/../lib/gcc/arm-none-eabi/12.3.1/../../../../arm-none-eabi/lib/thumb/v6-m/nofp\libc_nano.a(libc_a-reent.o)
 .ARM.attributes
                0x0000053c       0x2c C:/ST/STM32CubeIDE_1.16.1/STM32CubeIDE/plugins/com.st.stm32cube.ide.mcu.externaltools.gnu-tools-for-stm32.12.3.rel1.win32_1.0.200.202406191623/tools/bin/../lib/gcc/arm-none-eabi/12.3.1/../../../../arm-none-eabi/lib/thumb/v6-m/nofp\libc_nano.a(libc_a-impure.o)
 .ARM.attributes
                0x00000568       0x2c C:/ST/STM32CubeIDE_1.16.1/STM32CubeIDE/plugins/com.st.stm32cube.ide.mcu.externaltools.gnu-tools-for-stm32.12.3.rel1.win32_1.0.200.202406191623/tools/bin/../lib/gcc/arm-none-eabi/12.3.1/../../../../arm-none-eabi/lib/thumb/v6-m/nofp\libc_nano.a(libc_a-sbrkr.o)
 .ARM.attributes
                0x00000594       0x2c C:/ST/STM32CubeIDE_1.16.1/STM32CubeIDE/plugins/com.st.stm32cube.ide.mcu.externaltools.gnu-tools-for-stm32.12.3.rel1.win32_1.0.200.202406191623/tools/bin/../lib/gcc/arm-none-eabi/12.3.1/../../../../arm-none-eabi/lib/thumb/v6-m/nofp\libc_nano.a(libc_a-errno.o)
 .ARM.attributes
                0x000005c0       0x2c C:/ST/STM32CubeIDE_1.16.1/STM32CubeIDE/plugins/com.st.stm32cube.ide.mcu.externaltools.gnu-tools-for-stm32.12.3.rel1.win32_1.0.200.202406191623/tools/bin/../lib/gcc/arm-none-eabi/12.3.1/../../../../arm-none-eabi/lib/thumb/v6-m/nofp\libc_nano.a(libc_a-init.o)
 .ARM.attributes
                0x000005ec       0x2c C:/ST/STM32CubeIDE_1.16.1/STM32CubeIDE/plugins/com.st.stm32cube.ide.mcu.externaltools.gnu-tools-for-stm32.12.3.rel1.win32_1.0.200.202406191623/tools/bin/../lib/gcc/arm-none-eabi/12.3.1/../../../../arm-none-eabi/lib/thumb/v6-m/nofp\libc_nano.a(libc_a-lock.o)
 .ARM.attributes
                0x00000618       0x2c C:/ST/STM32CubeIDE_1.16.1/STM32CubeIDE/plugins/com.st.stm32cube.ide.mcu.externaltools.gnu-tools-for-stm32.12.3.rel1.win32_1.0.200.202406191623/tools/bin/../lib/gcc/arm-none-eabi/12.3.1/../../../../arm-none-eabi/lib/thumb/v6-m/nofp\libc_nano.a(libc_a-memcpy-stub.o)
 .ARM.attributes
                0x00000644       0x1e C:/ST/STM32CubeIDE_1.16.1/STM32CubeIDE/plugins/com.st.stm32cube.ide.mcu.externaltools.gnu-tools-for-stm32.12.3.rel1.win32_1.0.200.202406191623/tools/bin/../lib/gcc/arm-none-eabi/12.3.1/thumb/v6-m/nofp\libgcc.a(_thumb1_case_sqi.o)
 .ARM.attributes
                0x00000662       0x1e C:/ST/STM32CubeIDE_1.16.1/STM32CubeIDE/plugins/com.st.stm32cube.ide.mcu.externaltools.gnu-tools-for-stm32.12.3.rel1.win32_1.0.200.202406191623/tools/bin/../lib/gcc/arm-none-eabi/12.3.1/thumb/v6-m/nofp\libgcc.a(_thumb1_case_uqi.o)
 .ARM.attributes
                0x00000680       0x1e C:/ST/STM32CubeIDE_1.16.1/STM32CubeIDE/plugins/com.st.stm32cube.ide.mcu.externaltools.gnu-tools-for-stm32.12.3.rel1.win32_1.0.200.202406191623/tools/bin/../lib/gcc/arm-none-eabi/12.3.1/thumb/v6-m/nofp\libgcc.a(_thumb1_case_shi.o)
 .ARM.attributes
                0x0000069e       0x1e C:/ST/STM32CubeIDE_1.16.1/STM32CubeIDE/plugins/com.st.stm32cube.ide.mcu.externaltools.gnu-tools-for-stm32.12.3.rel1.win32_1.0.200.202406191623/tools/bin/../lib/gcc/arm-none-eabi/12.3.1/thumb/v6-m/nofp\libgcc.a(_thumb1_case_uhi.o)
 .ARM.attributes
                0x000006bc       0x1e C:/ST/STM32CubeIDE_1.16.1/STM32CubeIDE/plugins/com.st.stm32cube.ide.mcu.externaltools.gnu-tools-for-stm32.12.3.rel1.win32_1.0.200.202406191623/tools/bin/../lib/gcc/arm-none-eabi/12.3.1/thumb/v6-m/nofp\libgcc.a(_udivsi3.o)
 .ARM.attributes
                0x000006da       0x1e C:/ST/STM32CubeIDE_1.16.1/STM32CubeIDE/plugins/com.st.stm32cube.ide.mcu.externaltools.gnu-tools-for-stm32.12.3.rel1.win32_1.0.200.202406191623/tools/bin/../lib/gcc/arm-none-eabi/12.3.1/thumb/v6-m/nofp\libgcc.a(_dvmd_tls.o)
 .ARM.attributes
                0x000006f8       0x1e C:/ST/STM32CubeIDE_1.16.1/STM32CubeIDE/plugins/com.st.stm32cube.ide.mcu.externaltools.gnu-tools-for-stm32.12.3.rel1.win32_1.0.200.202406191623/tools/bin/../lib/gcc/arm-none-eabi/12.3.1/thumb/v6-m/nofp/crtn.o
OUTPUT(reynolds-switch.elf elf32-littlearm)
LOAD linker stubs
LOAD C:/ST/STM32CubeIDE_1.16.1/STM32CubeIDE/plugins/com.st.stm32cube.ide.mcu.externaltools.gnu-tools-for-stm32.12.3.rel1.win32_1.0.200.202406191623/tools/bin/../lib/gcc/arm-none-eabi/12.3.1/../../../../arm-none-eabi/lib/thumb/v6-m/nofp\libc.a
LOAD C:/ST/STM32CubeIDE_1.16.1/STM32CubeIDE/plugins/com.st.stm32cube.ide.mcu.externaltools.gnu-tools-for-stm32.12.3.rel1.win32_1.0.200.202406191623/tools/bin/../lib/gcc/arm-none-eabi/12.3.1/../../../../arm-none-eabi/lib/thumb/v6-m/nofp\libm.a
LOAD C:/ST/STM32CubeIDE_1.16.1/STM32CubeIDE/plugins/com.st.stm32cube.ide.mcu.externaltools.gnu-tools-for-stm32.12.3.rel1.win32_1.0.200.202406191623/tools/bin/../lib/gcc/arm-none-eabi/12.3.1/thumb/v6-m/nofp\libgcc.a

.debug_info     0x00000000    0x15af8
 .debug_info    0x00000000     0x1cad ./Core/Src/Application/nutone_app.o
 .debug_info    0x00001cad      0x6ce ./Core/Src/BoardSupport/button.o
 .debug_info    0x0000237b      0x67c ./Core/Src/BoardSupport/led_indicator.o
 .debug_info    0x000029f7     0x1d34 ./Core/Src/BoardSupport/pyd15X8.o
 .debug_info    0x0000472b      0x73e ./Core/Src/BoardSupport/relay_l114fl_drv8210.o
 .debug_info    0x00004e69      0x4bf ./Core/Src/BoardSupport/switch_selector.o
 .debug_info    0x00005328      0xa81 ./Core/Src/Middleware/NuTone.o
 .debug_info    0x00005da9      0x829 ./Core/Src/Middleware/deadline_timer.o
 .debug_info    0x000065d2      0x7c0 ./Core/Src/Middleware/output_ctrl.o
 .debug_info    0x00006d92      0x988 ./Core/Src/gpio.o
 .debug_info    0x0000771a     0x3a8b ./Core/Src/main.o
 .debug_info    0x0000b1a5      0x248 ./Core/Src/stm32c0xx_hal_msp.o
 .debug_info    0x0000b3ed      0xc8f ./Core/Src/stm32c0xx_it.o
 .debug_info    0x0000c07c      0x186 ./Core/Src/sysmem.o
 .debug_info    0x0000c202      0x372 ./Core/Src/system_stm32c0xx.o
 .debug_info    0x0000c574     0x10b0 ./Core/Src/tim.o
 .debug_info    0x0000d624       0x30 ./Core/Startup/startup_stm32c011f6ux.o
 .debug_info    0x0000d654      0x95c ./Drivers/STM32C0xx_HAL_Driver/Src/stm32c0xx_hal.o
 .debug_info    0x0000dfb0      0xa05 ./Drivers/STM32C0xx_HAL_Driver/Src/stm32c0xx_hal_cortex.o
 .debug_info    0x0000e9b5      0x613 ./Drivers/STM32C0xx_HAL_Driver/Src/stm32c0xx_hal_gpio.o
 .debug_info    0x0000efc8      0xb14 ./Drivers/STM32C0xx_HAL_Driver/Src/stm32c0xx_hal_rcc.o
 .debug_info    0x0000fadc     0x4303 ./Drivers/STM32C0xx_HAL_Driver/Src/stm32c0xx_hal_tim.o
 .debug_info    0x00013ddf     0x1d19 ./Drivers/STM32C0xx_HAL_Driver/Src/stm32c0xx_hal_tim_ex.o

.debug_abbrev   0x00000000     0x358b
 .debug_abbrev  0x00000000      0x2ff ./Core/Src/Application/nutone_app.o
 .debug_abbrev  0x000002ff      0x1e7 ./Core/Src/BoardSupport/button.o
 .debug_abbrev  0x000004e6      0x232 ./Core/Src/BoardSupport/led_indicator.o
 .debug_abbrev  0x00000718      0x396 ./Core/Src/BoardSupport/pyd15X8.o
 .debug_abbrev  0x00000aae      0x1d6 ./Core/Src/BoardSupport/relay_l114fl_drv8210.o
 .debug_abbrev  0x00000c84      0x227 ./Core/Src/BoardSupport/switch_selector.o
 .debug_abbrev  0x00000eab      0x26e ./Core/Src/Middleware/NuTone.o
 .debug_abbrev  0x00001119      0x1fe ./Core/Src/Middleware/deadline_timer.o
 .debug_abbrev  0x00001317      0x198 ./Core/Src/Middleware/output_ctrl.o
 .debug_abbrev  0x000014af      0x1e4 ./Core/Src/gpio.o
 .debug_abbrev  0x00001693      0x3ba ./Core/Src/main.o
 .debug_abbrev  0x00001a4d      0x104 ./Core/Src/stm32c0xx_hal_msp.o
 .debug_abbrev  0x00001b51      0x2f5 ./Core/Src/stm32c0xx_it.o
 .debug_abbrev  0x00001e46       0xdc ./Core/Src/sysmem.o
 .debug_abbrev  0x00001f22      0x11d ./Core/Src/system_stm32c0xx.o
 .debug_abbrev  0x0000203f      0x27a ./Core/Src/tim.o
 .debug_abbrev  0x000022b9       0x24 ./Core/Startup/startup_stm32c011f6ux.o
 .debug_abbrev  0x000022dd      0x38e ./Drivers/STM32C0xx_HAL_Driver/Src/stm32c0xx_hal.o
 .debug_abbrev  0x0000266b      0x2d7 ./Drivers/STM32C0xx_HAL_Driver/Src/stm32c0xx_hal_cortex.o
 .debug_abbrev  0x00002942      0x25c ./Drivers/STM32C0xx_HAL_Driver/Src/stm32c0xx_hal_gpio.o
 .debug_abbrev  0x00002b9e      0x316 ./Drivers/STM32C0xx_HAL_Driver/Src/stm32c0xx_hal_rcc.o
 .debug_abbrev  0x00002eb4      0x3b4 ./Drivers/STM32C0xx_HAL_Driver/Src/stm32c0xx_hal_tim.o
 .debug_abbrev  0x00003268      0x323 ./Drivers/STM32C0xx_HAL_Driver/Src/stm32c0xx_hal_tim_ex.o

.debug_loclists
                0x00000000     0x742a
 .debug_loclists
                0x00000000      0x340 ./Core/Src/Application/nutone_app.o
 .debug_loclists
                0x00000340      0x1f5 ./Core/Src/BoardSupport/button.o
 .debug_loclists
                0x00000535      0x302 ./Core/Src/BoardSupport/led_indicator.o
 .debug_loclists
                0x00000837      0xe82 ./Core/Src/BoardSupport/pyd15X8.o
 .debug_loclists
                0x000016b9      0x1bc ./Core/Src/BoardSupport/relay_l114fl_drv8210.o
 .debug_loclists
                0x00001875      0x1d0 ./Core/Src/BoardSupport/switch_selector.o
 .debug_loclists
                0x00001a45      0x13e ./Core/Src/Middleware/NuTone.o
 .debug_loclists
                0x00001b83      0x319 ./Core/Src/Middleware/deadline_timer.o
 .debug_loclists
                0x00001e9c       0x8a ./Core/Src/Middleware/output_ctrl.o
 .debug_loclists
                0x00001f26       0xf0 ./Core/Src/gpio.o
 .debug_loclists
                0x00002016      0x2b7 ./Core/Src/main.o
 .debug_loclists
                0x000022cd       0x54 ./Core/Src/stm32c0xx_it.o
 .debug_loclists
                0x00002321       0x49 ./Core/Src/sysmem.o
 .debug_loclists
                0x0000236a       0x37 ./Core/Src/system_stm32c0xx.o
 .debug_loclists
                0x000023a1       0xcc ./Core/Src/tim.o
 .debug_loclists
                0x0000246d      0x150 ./Drivers/STM32C0xx_HAL_Driver/Src/stm32c0xx_hal.o
 .debug_loclists
                0x000025bd      0x28b ./Drivers/STM32C0xx_HAL_Driver/Src/stm32c0xx_hal_cortex.o
 .debug_loclists
                0x00002848      0x26f ./Drivers/STM32C0xx_HAL_Driver/Src/stm32c0xx_hal_gpio.o
 .debug_loclists
                0x00002ab7      0x3dc ./Drivers/STM32C0xx_HAL_Driver/Src/stm32c0xx_hal_rcc.o
 .debug_loclists
                0x00002e93     0x3415 ./Drivers/STM32C0xx_HAL_Driver/Src/stm32c0xx_hal_tim.o
 .debug_loclists
                0x000062a8     0x1182 ./Drivers/STM32C0xx_HAL_Driver/Src/stm32c0xx_hal_tim_ex.o

.debug_aranges  0x00000000      0xe40
 .debug_aranges
                0x00000000       0x68 ./Core/Src/Application/nutone_app.o
 .debug_aranges
                0x00000068       0x70 ./Core/Src/BoardSupport/button.o
 .debug_aranges
                0x000000d8       0x68 ./Core/Src/BoardSupport/led_indicator.o
 .debug_aranges
                0x00000140      0x160 ./Core/Src/BoardSupport/pyd15X8.o
 .debug_aranges
                0x000002a0       0x80 ./Core/Src/BoardSupport/relay_l114fl_drv8210.o
 .debug_aranges
                0x00000320       0x38 ./Core/Src/BoardSupport/switch_selector.o
 .debug_aranges
                0x00000358       0x50 ./Core/Src/Middleware/NuTone.o
 .debug_aranges
                0x000003a8       0xa0 ./Core/Src/Middleware/deadline_timer.o
 .debug_aranges
                0x00000448       0x28 ./Core/Src/Middleware/output_ctrl.o
 .debug_aranges
                0x00000470       0x38 ./Core/Src/gpio.o
 .debug_aranges
                0x000004a8       0x70 ./Core/Src/main.o
 .debug_aranges
                0x00000518       0x20 ./Core/Src/stm32c0xx_hal_msp.o
 .debug_aranges
                0x00000538       0x78 ./Core/Src/stm32c0xx_it.o
 .debug_aranges
                0x000005b0       0x20 ./Core/Src/sysmem.o
 .debug_aranges
                0x000005d0       0x28 ./Core/Src/system_stm32c0xx.o
 .debug_aranges
                0x000005f8       0x50 ./Core/Src/tim.o
 .debug_aranges
                0x00000648       0x28 ./Core/Startup/startup_stm32c011f6ux.o
 .debug_aranges
                0x00000670       0xf0 ./Drivers/STM32C0xx_HAL_Driver/Src/stm32c0xx_hal.o
 .debug_aranges
                0x00000760       0xa0 ./Drivers/STM32C0xx_HAL_Driver/Src/stm32c0xx_hal_cortex.o
 .debug_aranges
                0x00000800       0x68 ./Drivers/STM32C0xx_HAL_Driver/Src/stm32c0xx_hal_gpio.o
 .debug_aranges
                0x00000868       0x90 ./Drivers/STM32C0xx_HAL_Driver/Src/stm32c0xx_hal_rcc.o
 .debug_aranges
                0x000008f8      0x3b0 ./Drivers/STM32C0xx_HAL_Driver/Src/stm32c0xx_hal_tim.o
 .debug_aranges
                0x00000ca8      0x198 ./Drivers/STM32C0xx_HAL_Driver/Src/stm32c0xx_hal_tim_ex.o

.debug_rnglists
                0x00000000      0xdf2
 .debug_rnglists
                0x00000000       0x5c ./Core/Src/Application/nutone_app.o
 .debug_rnglists
                0x0000005c       0x4f ./Core/Src/BoardSupport/button.o
 .debug_rnglists
                0x000000ab       0x49 ./Core/Src/BoardSupport/led_indicator.o
 .debug_rnglists
                0x000000f4      0x1bc ./Core/Src/BoardSupport/pyd15X8.o
 .debug_rnglists
                0x000002b0       0x5c ./Core/Src/BoardSupport/relay_l114fl_drv8210.o
 .debug_rnglists
                0x0000030c       0x25 ./Core/Src/BoardSupport/switch_selector.o
 .debug_rnglists
                0x00000331       0x44 ./Core/Src/Middleware/NuTone.o
 .debug_rnglists
                0x00000375       0xcd ./Core/Src/Middleware/deadline_timer.o
 .debug_rnglists
                0x00000442       0x1a ./Core/Src/Middleware/output_ctrl.o
 .debug_rnglists
                0x0000045c       0x6e ./Core/Src/gpio.o
 .debug_rnglists
                0x000004ca       0x70 ./Core/Src/main.o
 .debug_rnglists
                0x0000053a       0x34 ./Core/Src/stm32c0xx_hal_msp.o
 .debug_rnglists
                0x0000056e       0x55 ./Core/Src/stm32c0xx_it.o
 .debug_rnglists
                0x000005c3       0x13 ./Core/Src/sysmem.o
 .debug_rnglists
                0x000005d6       0x19 ./Core/Src/system_stm32c0xx.o
 .debug_rnglists
                0x000005ef       0x82 ./Core/Src/tim.o
 .debug_rnglists
                0x00000671       0x19 ./Core/Startup/startup_stm32c011f6ux.o
 .debug_rnglists
                0x0000068a       0xbb ./Drivers/STM32C0xx_HAL_Driver/Src/stm32c0xx_hal.o
 .debug_rnglists
                0x00000745       0xa3 ./Drivers/STM32C0xx_HAL_Driver/Src/stm32c0xx_hal_cortex.o
 .debug_rnglists
                0x000007e8       0x4b ./Drivers/STM32C0xx_HAL_Driver/Src/stm32c0xx_hal_gpio.o
 .debug_rnglists
                0x00000833       0x82 ./Drivers/STM32C0xx_HAL_Driver/Src/stm32c0xx_hal_rcc.o
 .debug_rnglists
                0x000008b5      0x404 ./Drivers/STM32C0xx_HAL_Driver/Src/stm32c0xx_hal_tim.o
 .debug_rnglists
                0x00000cb9      0x139 ./Drivers/STM32C0xx_HAL_Driver/Src/stm32c0xx_hal_tim_ex.o

.debug_macro    0x00000000    0x1407d
 .debug_macro   0x00000000      0x24b ./Core/Src/Application/nutone_app.o
 .debug_macro   0x0000024b       0x2e ./Core/Src/Application/nutone_app.o
 .debug_macro   0x00000279       0x28 ./Core/Src/Application/nutone_app.o
 .debug_macro   0x000002a1       0x22 ./Core/Src/Application/nutone_app.o
 .debug_macro   0x000002c3       0x8e ./Core/Src/Application/nutone_app.o
 .debug_macro   0x00000351       0x51 ./Core/Src/Application/nutone_app.o
 .debug_macro   0x000003a2      0x103 ./Core/Src/Application/nutone_app.o
 .debug_macro   0x000004a5       0x6a ./Core/Src/Application/nutone_app.o
 .debug_macro   0x0000050f      0x1df ./Core/Src/Application/nutone_app.o
 .debug_macro   0x000006ee       0x1c ./Core/Src/Application/nutone_app.o
 .debug_macro   0x0000070a       0x22 ./Core/Src/Application/nutone_app.o
 .debug_macro   0x0000072c       0xd1 ./Core/Src/Application/nutone_app.o
 .debug_macro   0x000007fd      0x4da ./Core/Src/Application/nutone_app.o
 .debug_macro   0x00000cd7      0x11f ./Core/Src/Application/nutone_app.o
 .debug_macro   0x00000df6     0x8fa0 ./Core/Src/Application/nutone_app.o
 .debug_macro   0x00009d96       0x6c ./Core/Src/Application/nutone_app.o
 .debug_macro   0x00009e02      0x198 ./Core/Src/Application/nutone_app.o
 .debug_macro   0x00009f9a       0xe3 ./Core/Src/Application/nutone_app.o
 .debug_macro   0x0000a07d     0x3440 ./Core/Src/Application/nutone_app.o
 .debug_macro   0x0000d4bd      0x189 ./Core/Src/Application/nutone_app.o
 .debug_macro   0x0000d646       0x5b ./Core/Src/Application/nutone_app.o
 .debug_macro   0x0000d6a1      0x397 ./Core/Src/Application/nutone_app.o
 .debug_macro   0x0000da38      0xb24 ./Core/Src/Application/nutone_app.o
 .debug_macro   0x0000e55c      0x145 ./Core/Src/Application/nutone_app.o
 .debug_macro   0x0000e6a1      0x15f ./Core/Src/Application/nutone_app.o
 .debug_macro   0x0000e800      0x174 ./Core/Src/Application/nutone_app.o
 .debug_macro   0x0000e974      0x264 ./Core/Src/Application/nutone_app.o
 .debug_macro   0x0000ebd8      0x17e ./Core/Src/Application/nutone_app.o
 .debug_macro   0x0000ed56       0x43 ./Core/Src/Application/nutone_app.o
 .debug_macro   0x0000ed99      0x1f1 ./Core/Src/Application/nutone_app.o
 .debug_macro   0x0000ef8a      0x1aa ./Core/Src/Application/nutone_app.o
 .debug_macro   0x0000f134      0x367 ./Core/Src/Application/nutone_app.o
 .debug_macro   0x0000f49b       0x28 ./Core/Src/Application/nutone_app.o
 .debug_macro   0x0000f4c3       0xb3 ./Core/Src/Application/nutone_app.o
 .debug_macro   0x0000f576      0x104 ./Core/Src/Application/nutone_app.o
 .debug_macro   0x0000f67a       0xef ./Core/Src/Application/nutone_app.o
 .debug_macro   0x0000f769      0xaa6 ./Core/Src/Application/nutone_app.o
 .debug_macro   0x0001020f       0xd9 ./Core/Src/Application/nutone_app.o
 .debug_macro   0x000102e8      0x3c2 ./Core/Src/Application/nutone_app.o
 .debug_macro   0x000106aa       0xdc ./Core/Src/Application/nutone_app.o
 .debug_macro   0x00010786       0x22 ./Core/Src/Application/nutone_app.o
 .debug_macro   0x000107a8       0xdd ./Core/Src/Application/nutone_app.o
 .debug_macro   0x00010885       0x1c ./Core/Src/Application/nutone_app.o
 .debug_macro   0x000108a1       0x22 ./Core/Src/Application/nutone_app.o
 .debug_macro   0x000108c3      0x1e8 ./Core/Src/BoardSupport/button.o
 .debug_macro   0x00010aab      0x1df ./Core/Src/BoardSupport/led_indicator.o
 .debug_macro   0x00010c8a      0x1ed ./Core/Src/BoardSupport/pyd15X8.o
 .debug_macro   0x00010e77      0x1df ./Core/Src/BoardSupport/relay_l114fl_drv8210.o
 .debug_macro   0x00011056      0x324 ./Core/Src/BoardSupport/switch_selector.o
 .debug_macro   0x0001137a       0x61 ./Core/Src/BoardSupport/switch_selector.o
 .debug_macro   0x000113db       0x24 ./Core/Src/BoardSupport/switch_selector.o
 .debug_macro   0x000113ff       0x43 ./Core/Src/BoardSupport/switch_selector.o
 .debug_macro   0x00011442       0x34 ./Core/Src/BoardSupport/switch_selector.o
 .debug_macro   0x00011476       0x16 ./Core/Src/BoardSupport/switch_selector.o
 .debug_macro   0x0001148c       0x35 ./Core/Src/BoardSupport/switch_selector.o
 .debug_macro   0x000114c1      0x369 ./Core/Src/BoardSupport/switch_selector.o
 .debug_macro   0x0001182a       0x10 ./Core/Src/BoardSupport/switch_selector.o
 .debug_macro   0x0001183a       0x16 ./Core/Src/BoardSupport/switch_selector.o
 .debug_macro   0x00011850       0x43 ./Core/Src/BoardSupport/switch_selector.o
 .debug_macro   0x00011893       0x34 ./Core/Src/BoardSupport/switch_selector.o
 .debug_macro   0x000118c7       0x10 ./Core/Src/BoardSupport/switch_selector.o
 .debug_macro   0x000118d7       0x58 ./Core/Src/BoardSupport/switch_selector.o
 .debug_macro   0x0001192f       0x8e ./Core/Src/BoardSupport/switch_selector.o
 .debug_macro   0x000119bd       0x1c ./Core/Src/BoardSupport/switch_selector.o
 .debug_macro   0x000119d9      0x177 ./Core/Src/BoardSupport/switch_selector.o
 .debug_macro   0x00011b50       0x16 ./Core/Src/BoardSupport/switch_selector.o
 .debug_macro   0x00011b66       0x16 ./Core/Src/BoardSupport/switch_selector.o
 .debug_macro   0x00011b7c      0x146 ./Core/Src/BoardSupport/switch_selector.o
 .debug_macro   0x00011cc2       0x16 ./Core/Src/BoardSupport/switch_selector.o
 .debug_macro   0x00011cd8       0x20 ./Core/Src/BoardSupport/switch_selector.o
 .debug_macro   0x00011cf8       0x16 ./Core/Src/BoardSupport/switch_selector.o
 .debug_macro   0x00011d0e       0x16 ./Core/Src/BoardSupport/switch_selector.o
 .debug_macro   0x00011d24       0x29 ./Core/Src/BoardSupport/switch_selector.o
 .debug_macro   0x00011d4d      0x20b ./Core/Src/Middleware/NuTone.o
 .debug_macro   0x00011f58       0x22 ./Core/Src/Middleware/NuTone.o
 .debug_macro   0x00011f7a      0x314 ./Core/Src/Middleware/deadline_timer.o
 .debug_macro   0x0001228e       0x10 ./Core/Src/Middleware/deadline_timer.o
 .debug_macro   0x0001229e       0x1c ./Core/Src/Middleware/deadline_timer.o
 .debug_macro   0x000122ba       0x1c ./Core/Src/Middleware/deadline_timer.o
 .debug_macro   0x000122d6      0x1fc ./Core/Src/Middleware/output_ctrl.o
 .debug_macro   0x000124d2      0x1d5 ./Core/Src/gpio.o
 .debug_macro   0x000126a7      0x443 ./Core/Src/main.o
 .debug_macro   0x00012aea       0x28 ./Core/Src/main.o
 .debug_macro   0x00012b12      0x1cb ./Core/Src/stm32c0xx_hal_msp.o
 .debug_macro   0x00012cdd      0x1d5 ./Core/Src/stm32c0xx_it.o
 .debug_macro   0x00012eb2       0xff ./Core/Src/sysmem.o
 .debug_macro   0x00012fb1      0x23c ./Core/Src/sysmem.o
 .debug_macro   0x000131ed      0x1c2 ./Core/Src/system_stm32c0xx.o
 .debug_macro   0x000133af      0x1d5 ./Core/Src/tim.o
 .debug_macro   0x00013584      0x1da ./Drivers/STM32C0xx_HAL_Driver/Src/stm32c0xx_hal.o
 .debug_macro   0x0001375e      0x1bc ./Drivers/STM32C0xx_HAL_Driver/Src/stm32c0xx_hal_cortex.o
 .debug_macro   0x0001391a      0x1f1 ./Drivers/STM32C0xx_HAL_Driver/Src/stm32c0xx_hal_gpio.o
 .debug_macro   0x00013b0b      0x1ec ./Drivers/STM32C0xx_HAL_Driver/Src/stm32c0xx_hal_rcc.o
 .debug_macro   0x00013cf7      0x1c4 ./Drivers/STM32C0xx_HAL_Driver/Src/stm32c0xx_hal_tim.o
 .debug_macro   0x00013ebb      0x1c2 ./Drivers/STM32C0xx_HAL_Driver/Src/stm32c0xx_hal_tim_ex.o

.debug_line     0x00000000    0x16072
 .debug_line    0x00000000      0xf42 ./Core/Src/Application/nutone_app.o
 .debug_line    0x00000f42      0xa66 ./Core/Src/BoardSupport/button.o
 .debug_line    0x000019a8      0xa13 ./Core/Src/BoardSupport/led_indicator.o
 .debug_line    0x000023bb     0x157b ./Core/Src/BoardSupport/pyd15X8.o
 .debug_line    0x00003936      0xb3a ./Core/Src/BoardSupport/relay_l114fl_drv8210.o
 .debug_line    0x00004470      0xaa9 ./Core/Src/BoardSupport/switch_selector.o
 .debug_line    0x00004f19      0xc8e ./Core/Src/Middleware/NuTone.o
 .debug_line    0x00005ba7      0xdcd ./Core/Src/Middleware/deadline_timer.o
 .debug_line    0x00006974      0x87a ./Core/Src/Middleware/output_ctrl.o
 .debug_line    0x000071ee      0x995 ./Core/Src/gpio.o
 .debug_line    0x00007b83     0x1535 ./Core/Src/main.o
 .debug_line    0x000090b8      0x770 ./Core/Src/stm32c0xx_hal_msp.o
 .debug_line    0x00009828      0x931 ./Core/Src/stm32c0xx_it.o
 .debug_line    0x0000a159      0x5b1 ./Core/Src/sysmem.o
 .debug_line    0x0000a70a      0x7ac ./Core/Src/system_stm32c0xx.o
 .debug_line    0x0000aeb6      0xb8f ./Core/Src/tim.o
 .debug_line    0x0000ba45       0x7d ./Core/Startup/startup_stm32c011f6ux.o
 .debug_line    0x0000bac2      0xba6 ./Drivers/STM32C0xx_HAL_Driver/Src/stm32c0xx_hal.o
 .debug_line    0x0000c668      0xc5d ./Drivers/STM32C0xx_HAL_Driver/Src/stm32c0xx_hal_cortex.o
 .debug_line    0x0000d2c5      0xc95 ./Drivers/STM32C0xx_HAL_Driver/Src/stm32c0xx_hal_gpio.o
 .debug_line    0x0000df5a     0x10e5 ./Drivers/STM32C0xx_HAL_Driver/Src/stm32c0xx_hal_rcc.o
 .debug_line    0x0000f03f     0x5019 ./Drivers/STM32C0xx_HAL_Driver/Src/stm32c0xx_hal_tim.o
 .debug_line    0x00014058     0x201a ./Drivers/STM32C0xx_HAL_Driver/Src/stm32c0xx_hal_tim_ex.o

.debug_str      0x00000000    0x7cbbd
 .debug_str     0x00000000    0x7499d ./Core/Src/Application/nutone_app.o
                              0x751d4 (size before relaxing)
 .debug_str     0x0007499d      0x12e ./Core/Src/BoardSupport/button.o
                              0x72b39 (size before relaxing)
 .debug_str     0x00074acb       0xea ./Core/Src/BoardSupport/led_indicator.o
                              0x7291d (size before relaxing)
 .debug_str     0x00074bb5      0x616 ./Core/Src/BoardSupport/pyd15X8.o
                              0x74027 (size before relaxing)
 .debug_str     0x000751cb      0x129 ./Core/Src/BoardSupport/relay_l114fl_drv8210.o
                              0x72a70 (size before relaxing)
 .debug_str     0x000752f4     0x39a2 ./Core/Src/BoardSupport/switch_selector.o
                              0x76083 (size before relaxing)
 .debug_str     0x00078c96       0xb1 ./Core/Src/Middleware/NuTone.o
                              0x7322c (size before relaxing)
 .debug_str     0x00078d47      0x1fb ./Core/Src/Middleware/deadline_timer.o
                              0x76258 (size before relaxing)
 .debug_str     0x00078f42       0x46 ./Core/Src/Middleware/output_ctrl.o
                              0x72d65 (size before relaxing)
 .debug_str     0x00078f88      0x1ae ./Core/Src/gpio.o
                              0x729df (size before relaxing)
 .debug_str     0x00079136     0x1075 ./Core/Src/main.o
                              0x79d59 (size before relaxing)
 .debug_str     0x0007a1ab       0x43 ./Core/Src/stm32c0xx_hal_msp.o
                              0x726c1 (size before relaxing)
 .debug_str     0x0007a1ee      0x197 ./Core/Src/stm32c0xx_it.o
                              0x72f31 (size before relaxing)
 .debug_str     0x0007a385      0x4dc ./Core/Src/sysmem.o
                               0x5fea (size before relaxing)
 .debug_str     0x0007a861       0x88 ./Core/Src/system_stm32c0xx.o
                              0x72399 (size before relaxing)
 .debug_str     0x0007a8e9      0x276 ./Core/Src/tim.o
                              0x73153 (size before relaxing)
 .debug_str     0x0007ab5f       0x44 ./Core/Startup/startup_stm32c011f6ux.o
                                 0x8e (size before relaxing)
 .debug_str     0x0007aba3      0x3f8 ./Drivers/STM32C0xx_HAL_Driver/Src/stm32c0xx_hal.o
                              0x729a4 (size before relaxing)
 .debug_str     0x0007af9b      0x238 ./Drivers/STM32C0xx_HAL_Driver/Src/stm32c0xx_hal_cortex.o
                              0x727b9 (size before relaxing)
 .debug_str     0x0007b1d3      0x1af ./Drivers/STM32C0xx_HAL_Driver/Src/stm32c0xx_hal_gpio.o
                              0x72598 (size before relaxing)
 .debug_str     0x0007b382      0x475 ./Drivers/STM32C0xx_HAL_Driver/Src/stm32c0xx_hal_rcc.o
                              0x729a5 (size before relaxing)
 .debug_str     0x0007b7f7      0xd72 ./Drivers/STM32C0xx_HAL_Driver/Src/stm32c0xx_hal_tim.o
                              0x738c8 (size before relaxing)
 .debug_str     0x0007c569      0x654 ./Drivers/STM32C0xx_HAL_Driver/Src/stm32c0xx_hal_tim_ex.o
                              0x73256 (size before relaxing)

.comment        0x00000000       0x43
 .comment       0x00000000       0x43 ./Core/Src/Application/nutone_app.o
                                 0x44 (size before relaxing)
 .comment       0x00000043       0x44 ./Core/Src/BoardSupport/button.o
 .comment       0x00000043       0x44 ./Core/Src/BoardSupport/led_indicator.o
 .comment       0x00000043       0x44 ./Core/Src/BoardSupport/pyd15X8.o
 .comment       0x00000043       0x44 ./Core/Src/BoardSupport/relay_l114fl_drv8210.o
 .comment       0x00000043       0x44 ./Core/Src/BoardSupport/switch_selector.o
 .comment       0x00000043       0x44 ./Core/Src/Middleware/NuTone.o
 .comment       0x00000043       0x44 ./Core/Src/Middleware/deadline_timer.o
 .comment       0x00000043       0x44 ./Core/Src/Middleware/output_ctrl.o
 .comment       0x00000043       0x44 ./Core/Src/gpio.o
 .comment       0x00000043       0x44 ./Core/Src/main.o
 .comment       0x00000043       0x44 ./Core/Src/stm32c0xx_hal_msp.o
 .comment       0x00000043       0x44 ./Core/Src/stm32c0xx_it.o
 .comment       0x00000043       0x44 ./Core/Src/sysmem.o
 .comment       0x00000043       0x44 ./Core/Src/system_stm32c0xx.o
 .comment       0x00000043       0x44 ./Core/Src/tim.o
 .comment       0x00000043       0x44 ./Drivers/STM32C0xx_HAL_Driver/Src/stm32c0xx_hal.o
 .comment       0x00000043       0x44 ./Drivers/STM32C0xx_HAL_Driver/Src/stm32c0xx_hal_cortex.o
 .comment       0x00000043       0x44 ./Drivers/STM32C0xx_HAL_Driver/Src/stm32c0xx_hal_gpio.o
 .comment       0x00000043       0x44 ./Drivers/STM32C0xx_HAL_Driver/Src/stm32c0xx_hal_rcc.o
 .comment       0x00000043       0x44 ./Drivers/STM32C0xx_HAL_Driver/Src/stm32c0xx_hal_tim.o
 .comment       0x00000043       0x44 ./Drivers/STM32C0xx_HAL_Driver/Src/stm32c0xx_hal_tim_ex.o

.debug_frame    0x00000000     0x287c
 .debug_frame   0x00000000      0x120 ./Core/Src/Application/nutone_app.o
 .debug_frame   0x00000120       0xfc ./Core/Src/BoardSupport/button.o
 .debug_frame   0x0000021c      0x10c ./Core/Src/BoardSupport/led_indicator.o
 .debug_frame   0x00000328      0x3c0 ./Core/Src/BoardSupport/pyd15X8.o
 .debug_frame   0x000006e8      0x148 ./Core/Src/BoardSupport/relay_l114fl_drv8210.o
 .debug_frame   0x00000830       0x90 ./Core/Src/BoardSupport/switch_selector.o
 .debug_frame   0x000008c0       0xac ./Core/Src/Middleware/NuTone.o
 .debug_frame   0x0000096c      0x190 ./Core/Src/Middleware/deadline_timer.o
 .debug_frame   0x00000afc       0x50 ./Core/Src/Middleware/output_ctrl.o
 .debug_frame   0x00000b4c       0x8c ./Core/Src/gpio.o
 .debug_frame   0x00000bd8      0x148 ./Core/Src/main.o
 .debug_frame   0x00000d20       0x2c ./Core/Src/stm32c0xx_hal_msp.o
 .debug_frame   0x00000d4c      0x110 ./Core/Src/stm32c0xx_it.o
 .debug_frame   0x00000e5c       0x28 ./Core/Src/sysmem.o
 .debug_frame   0x00000e84       0x30 ./Core/Src/system_stm32c0xx.o
 .debug_frame   0x00000eb4       0xcc ./Core/Src/tim.o
 .debug_frame   0x00000f80      0x1f4 ./Drivers/STM32C0xx_HAL_Driver/Src/stm32c0xx_hal.o
 .debug_frame   0x00001174      0x130 ./Drivers/STM32C0xx_HAL_Driver/Src/stm32c0xx_hal_cortex.o
 .debug_frame   0x000012a4       0xe0 ./Drivers/STM32C0xx_HAL_Driver/Src/stm32c0xx_hal_gpio.o
 .debug_frame   0x00001384      0x16c ./Drivers/STM32C0xx_HAL_Driver/Src/stm32c0xx_hal_rcc.o
 .debug_frame   0x000014f0      0xb04 ./Drivers/STM32C0xx_HAL_Driver/Src/stm32c0xx_hal_tim.o
 .debug_frame   0x00001ff4      0x4c4 ./Drivers/STM32C0xx_HAL_Driver/Src/stm32c0xx_hal_tim_ex.o
 .debug_frame   0x000024b8       0x40 C:/ST/STM32CubeIDE_1.16.1/STM32CubeIDE/plugins/com.st.stm32cube.ide.mcu.externaltools.gnu-tools-for-stm32.12.3.rel1.win32_1.0.200.202406191623/tools/bin/../lib/gcc/arm-none-eabi/12.3.1/../../../../arm-none-eabi/lib/thumb/v6-m/nofp\libc_nano.a(libc_a-malloc.o)
 .debug_frame   0x000024f8       0x50 C:/ST/STM32CubeIDE_1.16.1/STM32CubeIDE/plugins/com.st.stm32cube.ide.mcu.externaltools.gnu-tools-for-stm32.12.3.rel1.win32_1.0.200.202406191623/tools/bin/../lib/gcc/arm-none-eabi/12.3.1/../../../../arm-none-eabi/lib/thumb/v6-m/nofp\libc_nano.a(libc_a-mallocr.o)
 .debug_frame   0x00002548       0x40 C:/ST/STM32CubeIDE_1.16.1/STM32CubeIDE/plugins/com.st.stm32cube.ide.mcu.externaltools.gnu-tools-for-stm32.12.3.rel1.win32_1.0.200.202406191623/tools/bin/../lib/gcc/arm-none-eabi/12.3.1/../../../../arm-none-eabi/lib/thumb/v6-m/nofp\libc_nano.a(libc_a-mlock.o)
 .debug_frame   0x00002588      0x138 C:/ST/STM32CubeIDE_1.16.1/STM32CubeIDE/plugins/com.st.stm32cube.ide.mcu.externaltools.gnu-tools-for-stm32.12.3.rel1.win32_1.0.200.202406191623/tools/bin/../lib/gcc/arm-none-eabi/12.3.1/../../../../arm-none-eabi/lib/thumb/v6-m/nofp\libc_nano.a(libc_a-findfp.o)
 .debug_frame   0x000026c0       0x20 C:/ST/STM32CubeIDE_1.16.1/STM32CubeIDE/plugins/com.st.stm32cube.ide.mcu.externaltools.gnu-tools-for-stm32.12.3.rel1.win32_1.0.200.202406191623/tools/bin/../lib/gcc/arm-none-eabi/12.3.1/../../../../arm-none-eabi/lib/thumb/v6-m/nofp\libc_nano.a(libc_a-memset.o)
 .debug_frame   0x000026e0       0x2c C:/ST/STM32CubeIDE_1.16.1/STM32CubeIDE/plugins/com.st.stm32cube.ide.mcu.externaltools.gnu-tools-for-stm32.12.3.rel1.win32_1.0.200.202406191623/tools/bin/../lib/gcc/arm-none-eabi/12.3.1/../../../../arm-none-eabi/lib/thumb/v6-m/nofp\libc_nano.a(libc_a-reent.o)
 .debug_frame   0x0000270c       0x2c C:/ST/STM32CubeIDE_1.16.1/STM32CubeIDE/plugins/com.st.stm32cube.ide.mcu.externaltools.gnu-tools-for-stm32.12.3.rel1.win32_1.0.200.202406191623/tools/bin/../lib/gcc/arm-none-eabi/12.3.1/../../../../arm-none-eabi/lib/thumb/v6-m/nofp\libc_nano.a(libc_a-sbrkr.o)
 .debug_frame   0x00002738       0x20 C:/ST/STM32CubeIDE_1.16.1/STM32CubeIDE/plugins/com.st.stm32cube.ide.mcu.externaltools.gnu-tools-for-stm32.12.3.rel1.win32_1.0.200.202406191623/tools/bin/../lib/gcc/arm-none-eabi/12.3.1/../../../../arm-none-eabi/lib/thumb/v6-m/nofp\libc_nano.a(libc_a-errno.o)
 .debug_frame   0x00002758       0x2c C:/ST/STM32CubeIDE_1.16.1/STM32CubeIDE/plugins/com.st.stm32cube.ide.mcu.externaltools.gnu-tools-for-stm32.12.3.rel1.win32_1.0.200.202406191623/tools/bin/../lib/gcc/arm-none-eabi/12.3.1/../../../../arm-none-eabi/lib/thumb/v6-m/nofp\libc_nano.a(libc_a-init.o)
 .debug_frame   0x00002784       0xb0 C:/ST/STM32CubeIDE_1.16.1/STM32CubeIDE/plugins/com.st.stm32cube.ide.mcu.externaltools.gnu-tools-for-stm32.12.3.rel1.win32_1.0.200.202406191623/tools/bin/../lib/gcc/arm-none-eabi/12.3.1/../../../../arm-none-eabi/lib/thumb/v6-m/nofp\libc_nano.a(libc_a-lock.o)
 .debug_frame   0x00002834       0x28 C:/ST/STM32CubeIDE_1.16.1/STM32CubeIDE/plugins/com.st.stm32cube.ide.mcu.externaltools.gnu-tools-for-stm32.12.3.rel1.win32_1.0.200.202406191623/tools/bin/../lib/gcc/arm-none-eabi/12.3.1/../../../../arm-none-eabi/lib/thumb/v6-m/nofp\libc_nano.a(libc_a-memcpy-stub.o)
 .debug_frame   0x0000285c       0x20 C:/ST/STM32CubeIDE_1.16.1/STM32CubeIDE/plugins/com.st.stm32cube.ide.mcu.externaltools.gnu-tools-for-stm32.12.3.rel1.win32_1.0.200.202406191623/tools/bin/../lib/gcc/arm-none-eabi/12.3.1/thumb/v6-m/nofp\libgcc.a(_udivsi3.o)

.debug_line_str
                0x00000000       0x72
 .debug_line_str