Archive member included to satisfy reference by file (symbol)

C:/ST/STM32CubeIDE_1.13.2/STM32CubeIDE/plugins/com.st.stm32cube.ide.mcu.externaltools.gnu-tools-for-stm32.11.3.rel1.win32_1.1.1.202309131626/tools/bin/../lib/gcc/arm-none-eabi/11.3.1/../../../../arm-none-eabi/lib/thumb/v6-m/nofp\libc_nano.a(libc_a-exit.o)
                              C:/ST/STM32CubeIDE_1.13.2/STM32CubeIDE/plugins/com.st.stm32cube.ide.mcu.externaltools.gnu-tools-for-stm32.11.3.rel1.win32_1.1.1.202309131626/tools/bin/../lib/gcc/arm-none-eabi/11.3.1/../../../../arm-none-eabi/lib/thumb/v6-m/nofp/crt0.o (exit)
C:/ST/STM32CubeIDE_1.13.2/STM32CubeIDE/plugins/com.st.stm32cube.ide.mcu.externaltools.gnu-tools-for-stm32.11.3.rel1.win32_1.1.1.202309131626/tools/bin/../lib/gcc/arm-none-eabi/11.3.1/../../../../arm-none-eabi/lib/thumb/v6-m/nofp\libc_nano.a(libc_a-malloc.o)
                              ./Core/Src/switch_selector.o (malloc)
C:/ST/STM32CubeIDE_1.13.2/STM32CubeIDE/plugins/com.st.stm32cube.ide.mcu.externaltools.gnu-tools-for-stm32.11.3.rel1.win32_1.1.1.202309131626/tools/bin/../lib/gcc/arm-none-eabi/11.3.1/../../../../arm-none-eabi/lib/thumb/v6-m/nofp\libc_nano.a(libc_a-mallocr.o)
                              C:/ST/STM32CubeIDE_1.13.2/STM32CubeIDE/plugins/com.st.stm32cube.ide.mcu.externaltools.gnu-tools-for-stm32.11.3.rel1.win32_1.1.1.202309131626/tools/bin/../lib/gcc/arm-none-eabi/11.3.1/../../../../arm-none-eabi/lib/thumb/v6-m/nofp\libc_nano.a(libc_a-malloc.o) (_malloc_r)
C:/ST/STM32CubeIDE_1.13.2/STM32CubeIDE/plugins/com.st.stm32cube.ide.mcu.externaltools.gnu-tools-for-stm32.11.3.rel1.win32_1.1.1.202309131626/tools/bin/../lib/gcc/arm-none-eabi/11.3.1/../../../../arm-none-eabi/lib/thumb/v6-m/nofp\libc_nano.a(libc_a-mlock.o)
                              C:/ST/STM32CubeIDE_1.13.2/STM32CubeIDE/plugins/com.st.stm32cube.ide.mcu.externaltools.gnu-tools-for-stm32.11.3.rel1.win32_1.1.1.202309131626/tools/bin/../lib/gcc/arm-none-eabi/11.3.1/../../../../arm-none-eabi/lib/thumb/v6-m/nofp\libc_nano.a(libc_a-mallocr.o) (__malloc_lock)
C:/ST/STM32CubeIDE_1.13.2/STM32CubeIDE/plugins/com.st.stm32cube.ide.mcu.externaltools.gnu-tools-for-stm32.11.3.rel1.win32_1.1.1.202309131626/tools/bin/../lib/gcc/arm-none-eabi/11.3.1/../../../../arm-none-eabi/lib/thumb/v6-m/nofp\libc_nano.a(libc_a-findfp.o)
                              C:/ST/STM32CubeIDE_1.13.2/STM32CubeIDE/plugins/com.st.stm32cube.ide.mcu.externaltools.gnu-tools-for-stm32.11.3.rel1.win32_1.1.1.202309131626/tools/bin/../lib/gcc/arm-none-eabi/11.3.1/../../../../arm-none-eabi/lib/thumb/v6-m/nofp\libc_nano.a(libc_a-exit.o) (__stdio_exit_handler)
C:/ST/STM32CubeIDE_1.13.2/STM32CubeIDE/plugins/com.st.stm32cube.ide.mcu.externaltools.gnu-tools-for-stm32.11.3.rel1.win32_1.1.1.202309131626/tools/bin/../lib/gcc/arm-none-eabi/11.3.1/../../../../arm-none-eabi/lib/thumb/v6-m/nofp\libc_nano.a(libc_a-fwalk.o)
                              C:/ST/STM32CubeIDE_1.13.2/STM32CubeIDE/plugins/com.st.stm32cube.ide.mcu.externaltools.gnu-tools-for-stm32.11.3.rel1.win32_1.1.1.202309131626/tools/bin/../lib/gcc/arm-none-eabi/11.3.1/../../../../arm-none-eabi/lib/thumb/v6-m/nofp\libc_nano.a(libc_a-findfp.o) (_fwalk_sglue)
C:/ST/STM32CubeIDE_1.13.2/STM32CubeIDE/plugins/com.st.stm32cube.ide.mcu.externaltools.gnu-tools-for-stm32.11.3.rel1.win32_1.1.1.202309131626/tools/bin/../lib/gcc/arm-none-eabi/11.3.1/../../../../arm-none-eabi/lib/thumb/v6-m/nofp\libc_nano.a(libc_a-stdio.o)
                              C:/ST/STM32CubeIDE_1.13.2/STM32CubeIDE/plugins/com.st.stm32cube.ide.mcu.externaltools.gnu-tools-for-stm32.11.3.rel1.win32_1.1.1.202309131626/tools/bin/../lib/gcc/arm-none-eabi/11.3.1/../../../../arm-none-eabi/lib/thumb/v6-m/nofp\libc_nano.a(libc_a-findfp.o) (__sread)
C:/ST/STM32CubeIDE_1.13.2/STM32CubeIDE/plugins/com.st.stm32cube.ide.mcu.externaltools.gnu-tools-for-stm32.11.3.rel1.win32_1.1.1.202309131626/tools/bin/../lib/gcc/arm-none-eabi/11.3.1/../../../../arm-none-eabi/lib/thumb/v6-m/nofp\libc_nano.a(libc_a-memset.o)
                              C:/ST/STM32CubeIDE_1.13.2/STM32CubeIDE/plugins/com.st.stm32cube.ide.mcu.externaltools.gnu-tools-for-stm32.11.3.rel1.win32_1.1.1.202309131626/tools/bin/../lib/gcc/arm-none-eabi/11.3.1/../../../../arm-none-eabi/lib/thumb/v6-m/nofp/crt0.o (memset)
C:/ST/STM32CubeIDE_1.13.2/STM32CubeIDE/plugins/com.st.stm32cube.ide.mcu.externaltools.gnu-tools-for-stm32.11.3.rel1.win32_1.1.1.202309131626/tools/bin/../lib/gcc/arm-none-eabi/11.3.1/../../../../arm-none-eabi/lib/thumb/v6-m/nofp\libc_nano.a(libc_a-closer.o)
                              C:/ST/STM32CubeIDE_1.13.2/STM32CubeIDE/plugins/com.st.stm32cube.ide.mcu.externaltools.gnu-tools-for-stm32.11.3.rel1.win32_1.1.1.202309131626/tools/bin/../lib/gcc/arm-none-eabi/11.3.1/../../../../arm-none-eabi/lib/thumb/v6-m/nofp\libc_nano.a(libc_a-stdio.o) (_close_r)
[...]
Memory Configuration

Name             Origin             Length             Attributes
RAM              0x0000000020000000 0x0000000000001800 xrw
FLASH            0x0000000008000000 0x0000000000008000 xr
*default*        0x0000000000000000 0xffffffffffffffff

Linker script and memory map

LOAD C:/ST/STM32CubeIDE_1.13.2/STM32CubeIDE/plugins/com.st.stm32cube.ide.mcu.externaltools.gnu-tools-for-stm32.11.3.rel1.win32_1.1.1.202309131626/tools/bin/../lib/gcc/arm-none-eabi/11.3.1/thumb/v6-m/nofp/crti.o
LOAD C:/ST/STM32CubeIDE_1.13.2/STM32CubeIDE/plugins/com.st.stm32cube.ide.mcu.externaltools.gnu-tools-for-stm32.11.3.rel1.win32_1.1.1.202309131626/tools/bin/../lib/gcc/arm-none-eabi/11.3.1/thumb/v6-m/nofp/crtbegin.o
LOAD C:/ST/STM32CubeIDE_1.13.2/STM32CubeIDE/plugins/com.st.stm32cube.ide.mcu.externaltools.gnu-tools-for-stm32.11.3.rel1.win32_1.1.1.202309131626/tools/bin/../lib/gcc/arm-none-eabi/11.3.1/../../../../arm-none-eabi/lib/thumb/v6-m/nofp/crt0.o
LOAD ./Core/Src/button.o
LOAD ./Core/Src/deadline_timer.o
LOAD ./Core/Src/gpio.o
LOAD ./Core/Src/led_indicator.o
LOAD ./Core/Src/lights.o
LOAD ./Core/Src/main.o
LOAD ./Core/Src/motion_light_driver.o
LOAD ./Core/Src/motion_lights_driver.o
LOAD ./Core/Src/pyd15X8.o
LOAD ./Core/Src/stm32c0xx_hal_msp.o
LOAD ./Core/Src/stm32c0xx_it.o
LOAD ./Core/Src/switch_selector.o
LOAD ./Core/Src/syscalls.o
LOAD ./Core/Src/sysmem.o
LOAD ./Core/Src/system_stm32c0xx.o
LOAD ./Core/Src/tim.o
LOAD ./Core/Startup/startup_stm32c011f6ux.o
LOAD ./Drivers/STM32C0xx_HAL_Driver/Src/stm32c0xx_hal.o
LOAD ./Drivers/STM32C0xx_HAL_Driver/Src/stm32c0xx_hal_cortex.o
LOAD ./Drivers/STM32C0xx_HAL_Driver/Src/stm32c0xx_hal_dma.o
LOAD ./Drivers/STM32C0xx_HAL_Driver/Src/stm32c0xx_hal_dma_ex.o
LOAD ./Drivers/STM32C0xx_HAL_Driver/Src/stm32c0xx_hal_exti.o
LOAD ./Drivers/STM32C0xx_HAL_Driver/Src/stm32c0xx_hal_flash.o
LOAD ./Drivers/STM32C0xx_HAL_Driver/Src/stm32c0xx_hal_flash_ex.o
LOAD ./Drivers/STM32C0xx_HAL_Driver/Src/stm32c0xx_hal_gpio.o
LOAD ./Drivers/STM32C0xx_HAL_Driver/Src/stm32c0xx_hal_pwr.o
LOAD ./Drivers/STM32C0xx_HAL_Driver/Src/stm32c0xx_hal_pwr_ex.o
LOAD ./Drivers/STM32C0xx_HAL_Driver/Src/stm32c0xx_hal_rcc.o
LOAD ./Drivers/STM32C0xx_HAL_Driver/Src/stm32c0xx_hal_rcc_ex.o
LOAD ./Drivers/STM32C0xx_HAL_Driver/Src/stm32c0xx_hal_tim.o
LOAD ./Drivers/STM32C0xx_HAL_Driver/Src/stm32c0xx_hal_tim_ex.o
START GROUP
LOAD C:/ST/STM32CubeIDE_1.13.2/STM32CubeIDE/plugins/com.st.stm32cube.ide.mcu.externaltools.gnu-tools-for-stm32.11.3.rel1.win32_1.1.1.202309131626/tools/bin/../lib/gcc/arm-none-eabi/11.3.1/../../../../arm-none-eabi/lib/thumb/v6-m/nofp\libc_nano.a
LOAD C:/ST/STM32CubeIDE_1.13.2/STM32CubeIDE/plugins/com.st.stm32cube.ide.mcu.externaltools.gnu-tools-for-stm32.11.3.rel1.win32_1.1.1.202309131626/tools/bin/../lib/gcc/arm-none-eabi/11.3.1/../../../../arm-none-eabi/lib/thumb/v6-m/nofp\libm.a
END GROUP
START GROUP
LOAD C:/ST/STM32CubeIDE_1.13.2/STM32CubeIDE/plugins/com.st.stm32cube.ide.mcu.externaltools.gnu-tools-for-stm32.11.3.rel1.win32_1.1.1.202309131626/tools/bin/../lib/gcc/arm-none-eabi/11.3.1/thumb/v6-m/nofp\libgcc.a
LOAD C:/ST/STM32CubeIDE_1.13.2/STM32CubeIDE/plugins/com.st.stm32cube.ide.mcu.externaltools.gnu-tools-for-stm32.11.3.rel1.win32_1.1.1.202309131626/tools/bin/../lib/gcc/arm-none-eabi/11.3.1/../../../../arm-none-eabi/lib/thumb/v6-m/nofp\libc_nano.a
END GROUP
START GROUP
LOAD C:/ST/STM32CubeIDE_1.13.2/STM32CubeIDE/plugins/com.st.stm32cube.ide.mcu.externaltools.gnu-tools-for-stm32.11.3.rel1.win32_1.1.1.202309131626/tools/bin/../lib/gcc/arm-none-eabi/11.3.1/thumb/v6-m/nofp\libgcc.a
LOAD C:/ST/STM32CubeIDE_1.13.2/STM32CubeIDE/plugins/com.st.stm32cube.ide.mcu.externaltools.gnu-tools-for-stm32.11.3.rel1.win32_1.1.1.202309131626/tools/bin/../lib/gcc/arm-none-eabi/11.3.1/../../../../arm-none-eabi/lib/thumb/v6-m/nofp\libc_nano.a
LOAD C:/ST/STM32CubeIDE_1.13.2/STM32CubeIDE/plugins/com.st.stm32cube.ide.mcu.externaltools.gnu-tools-for-stm32.11.3.rel1.win32_1.1.1.202309131626/tools/bin/../lib/gcc/arm-none-eabi/11.3.1/../../../../arm-none-eabi/lib/thumb/v6-m/nofp\libnosys.a
END GROUP
START GROUP
LOAD C:/ST/STM32CubeIDE_1.13.2/STM32CubeIDE/plugins/com.st.stm32cube.ide.mcu.externaltools.gnu-tools-for-stm32.11.3.rel1.win32_1.1.1.202309131626/tools/bin/../lib/gcc/arm-none-eabi/11.3.1/thumb/v6-m/nofp\libgcc.a
LOAD C:/ST/STM32CubeIDE_1.13.2/STM32CubeIDE/plugins/com.st.stm32cube.ide.mcu.externaltools.gnu-tools-for-stm32.11.3.rel1.win32_1.1.1.202309131626/tools/bin/../lib/gcc/arm-none-eabi/11.3.1/../../../../arm-none-eabi/lib/thumb/v6-m/nofp\libc_nano.a
LOAD C:/ST/STM32CubeIDE_1.13.2/STM32CubeIDE/plugins/com.st.stm32cube.ide.mcu.externaltools.gnu-tools-for-stm32.11.3.rel1.win32_1.1.1.202309131626/tools/bin/../lib/gcc/arm-none-eabi/11.3.1/../../../../arm-none-eabi/lib/thumb/v6-m/nofp\libnosys.a
END GROUP
LOAD C:/ST/STM32CubeIDE_1.13.2/STM32CubeIDE/plugins/com.st.stm32cube.ide.mcu.externaltools.gnu-tools-for-stm32.11.3.rel1.win32_1.1.1.202309131626/tools/bin/../lib/gcc/arm-none-eabi/11.3.1/thumb/v6-m/nofp/crtend.o
LOAD C:/ST/STM32CubeIDE_1.13.2/STM32CubeIDE/plugins/com.st.stm32cube.ide.mcu.externaltools.gnu-tools-for-stm32.11.3.rel1.win32_1.1.1.202309131626/tools/bin/../lib/gcc/arm-none-eabi/11.3.1/thumb/v6-m/nofp/crtn.o
                0x0000000020001800                _estack = (ORIGIN (RAM) + LENGTH (RAM))
                0x0000000000000200                _Min_Heap_Size = 0x200
                0x0000000000000400                _Min_Stack_Size = 0x400

.isr_vector     0x0000000008000000       0xc0
                0x0000000008000000                . = ALIGN (0x4)
 *(.isr_vector)
 .isr_vector    0x0000000008000000       0xc0 ./Core/Startup/startup_stm32c011f6ux.o
                0x0000000008000000                g_pfnVectors
                0x00000000080000c0                . = ALIGN (0x4)

.text           0x00000000080000c0     0x5648
                0x00000000080000c0                . = ALIGN (0x4)
 *(.text)
 .text          0x00000000080000c0       0x48 C:/ST/STM32CubeIDE_1.13.2/STM32CubeIDE/plugins/com.st.stm32cube.ide.mcu.externaltools.gnu-tools-for-stm32.11.3.rel1.win32_1.1.1.202309131626/tools/bin/../lib/gcc/arm-none-eabi/11.3.1/thumb/v6-m/nofp/crtbegin.o
 .text          0x0000000008000108      0x114 C:/ST/STM32CubeIDE_1.13.2/STM32CubeIDE/plugins/com.st.stm32cube.ide.mcu.externaltools.gnu-tools-for-stm32.11.3.rel1.win32_1.1.1.202309131626/tools/bin/../lib/gcc/arm-none-eabi/11.3.1/thumb/v6-m/nofp\libgcc.a(_udivsi3.o)
                0x0000000008000108                __aeabi_uidiv
                0x0000000008000108                __udivsi3
                0x0000000008000214                __aeabi_uidivmod
 .text          0x000000000800021c        0x4 C:/ST/STM32CubeIDE_1.13.2/STM32CubeIDE/plugins/com.st.stm32cube.ide.mcu.externaltools.gnu-tools-for-stm32.11.3.rel1.win32_1.1.1.202309131626/tools/bin/../lib/gcc/arm-none-eabi/11.3.1/thumb/v6-m/nofp\libgcc.a(_dvmd_tls.o)
                0x000000000800021c                __aeabi_idiv0
                0x000000000800021c                __aeabi_ldiv0
 *(.text*)
 .text.button_setup
                0x0000000008000220       0x46 ./Core/Src/button.o
                0x0000000008000220                button_setup
 .text.button_debounce_fsm
                0x0000000008000266       0xd0 ./Core/Src/button.o
                0x0000000008000266                button_debounce_fsm
 .text.button_positive_edge_detected
                0x0000000008000336       0x26 ./Core/Src/button.o
                0x0000000008000336                button_positive_edge_detected
 .text.button_negative_edge_detected
                0x000000000800035c       0x26 ./Core/Src/button.o
                0x000000000800035c                button_negative_edge_detected
 .text.button_get_status
                0x0000000008000382       0x4a ./Core/Src/button.o
                0x0000000008000382                button_get_status
 .text.button_set_isr_attended
                0x00000000080003cc       0x1e ./Core/Src/button.o
                0x00000000080003cc                button_set_isr_attended
 .text.button_check_isr_request
                0x00000000080003ea       0x38 ./Core/Src/button.o
                0x00000000080003ea                button_check_isr_request
 .text.deadline_timer_setup
                0x0000000008000422       0x68 ./Core/Src/deadline_timer.o
                0x0000000008000422                deadline_timer_setup
 .text.deadline_timer_setup_shared_clock
                0x000000000800048a       0x6e ./Core/Src/deadline_timer.o
                0x000000000800048a                deadline_timer_setup_shared_clock
 .text.deadline_timer_assign_current
                0x00000000080004f8       0x16 ./Core/Src/deadline_timer.o
                0x00000000080004f8                deadline_timer_assign_current
 .text.deadline_timer_force_expiration
                0x000000000800050e       0x1a ./Core/Src/deadline_timer.o
                0x000000000800050e                deadline_timer_force_expiration
 .text.deadline_timer_check
                0x0000000008000528       0x54 ./Core/Src/deadline_timer.o
                0x0000000008000528                deadline_timer_check
 .text.deadline_timer_count
                0x000000000800057c       0x1a ./Core/Src/deadline_timer.o
                0x000000000800057c                deadline_timer_count
 .text.deadline_timer_set_initial_time
                0x0000000008000596       0x22 ./Core/Src/deadline_timer.o
                0x0000000008000596                deadline_timer_set_initial_time
 .text.timer_clock_clear
                0x00000000080005b8       0x28 ./Core/Src/deadline_timer.o
                0x00000000080005b8                timer_clock_clear
 .text.timer_clock_set_time
                0x00000000080005e0       0x34 ./Core/Src/deadline_timer.o
                0x00000000080005e0                timer_clock_set_time
 .text.deadline_timer_increment
                0x0000000008000614       0x44 ./Core/Src/deadline_timer.o
                0x0000000008000614                deadline_timer_increment
 .text.deadline_timer_compare_check
                0x0000000008000658       0x84 ./Core/Src/deadline_timer.o
                0x0000000008000658                deadline_timer_compare_check
 .text.HAL_DIRECT_LINK_conf_as_input
                0x00000000080006dc       0x6a ./Core/Src/gpio.o
                0x00000000080006dc                HAL_DIRECT_LINK_conf_as_input
 *fill*         0x0000000008000746        0x2 
 .text.HAL_DIRECT_LINK_conf_as_interrupt_input
                0x0000000008000748       0x80 ./Core/Src/gpio.o
                0x0000000008000748                HAL_DIRECT_LINK_conf_as_interrupt_input
 .text.HAL_DIRECT_LINK_conf_as_output
                0x00000000080007c8       0x84 ./Core/Src/gpio.o
                0x00000000080007c8                HAL_DIRECT_LINK_conf_as_output
 .text.MX_GPIO_Init
                0x000000000800084c      0x208 ./Core/Src/gpio.o
                0x000000000800084c                MX_GPIO_Init
 .text.led_signal_setup
                0x0000000008000a54       0x26 ./Core/Src/led_indicator.o
                0x0000000008000a54                led_signal_setup
 .text.led_signal_fsm
                0x0000000008000a7a       0x54 ./Core/Src/led_indicator.o
                0x0000000008000a7a                led_signal_fsm
 .text.led_signal_type_selector
                0x0000000008000ace       0x20 ./Core/Src/led_indicator.o
                0x0000000008000ace                led_signal_type_selector
 .text.led_signal_solid_fsm
                0x0000000008000aee       0xae ./Core/Src/led_indicator.o
                0x0000000008000aee                led_signal_solid_fsm
 .text.led_signal_togle_fsm
                0x0000000008000b9c       0xba ./Core/Src/led_indicator.o
                0x0000000008000b9c                led_signal_togle_fsm
 .text.led_signal_start
                0x0000000008000c56       0x18 ./Core/Src/led_indicator.o
                0x0000000008000c56                led_signal_start
 .text.led_signal_stop
                0x0000000008000c6e       0x18 ./Core/Src/led_indicator.o
                0x0000000008000c6e                led_signal_stop
 .text.led_signal_turn_on
                0x0000000008000c86       0x28 ./Core/Src/led_indicator.o
                0x0000000008000c86                led_signal_turn_on
 .text.led_signal_turn_off
                0x0000000008000cae       0x28 ./Core/Src/led_indicator.o
                0x0000000008000cae                led_signal_turn_off
 .text.led_signal_toggle
                0x0000000008000cd6       0x28 ./Core/Src/led_indicator.o
                0x0000000008000cd6                led_signal_toggle
 .text.light_setup
                0x0000000008000cfe       0x72 ./Core/Src/lights.o
                0x0000000008000cfe                light_setup
 .text.light_on_pulse_fsm
                0x0000000008000d70       0x40 ./Core/Src/lights.o
                0x0000000008000d70                light_on_pulse_fsm
 .text.light_off_pulse_fsm
                0x0000000008000db0       0x40 ./Core/Src/lights.o
                0x0000000008000db0                light_off_pulse_fsm
 .text.light_ask_off_pulse_fsm
                0x0000000008000df0       0x42 ./Core/Src/lights.o
                0x0000000008000df0                light_ask_off_pulse_fsm
 .text.light_ask_on_pulse_fsm
                0x0000000008000e32       0x3c ./Core/Src/lights.o
                0x0000000008000e32                light_ask_on_pulse_fsm
 .text.light_check_init_fsm
                0x0000000008000e6e       0x2e ./Core/Src/lights.o
                0x0000000008000e6e                light_check_init_fsm
 .text.light_acknowledge_init_fsm
                0x0000000008000e9c       0x1a ./Core/Src/lights.o
                0x0000000008000e9c                light_acknowledge_init_fsm
 .text.light_pulse_fsm
                0x0000000008000eb6      0x102 ./Core/Src/lights.o
                0x0000000008000eb6                light_pulse_fsm
 .text.light_on
                0x0000000008000fb8       0x3e ./Core/Src/lights.o
                0x0000000008000fb8                light_on
 .text.light_off
                0x0000000008000ff6       0x3e ./Core/Src/lights.o
                0x0000000008000ff6                light_off
 .text.light_deenergize
                0x0000000008001034       0x38 ./Core/Src/lights.o
                0x0000000008001034                light_deenergize
 .text.main     0x000000000800106c      0x64c ./Core/Src/main.o
                0x000000000800106c                main
 .text.SystemClock_Config
                0x00000000080016b8       0x86 ./Core/Src/main.o
                0x00000000080016b8                SystemClock_Config
 .text.discreate_actuator
                0x000000000800173e       0xf0 ./Core/Src/main.o
                0x000000000800173e                discreate_actuator
 .text.events_detection
                0x000000000800182e      0x134 ./Core/Src/main.o
                0x000000000800182e                events_detection
 .text.events_detection_motion_in_one_lamp
                0x0000000008001962       0xe4 ./Core/Src/main.o
                0x0000000008001962                events_detection_motion_in_one_lamp
 .text.sense_button_event
                0x0000000008001a46       0x40 ./Core/Src/main.o
                0x0000000008001a46                sense_button_event
 *fill*         0x0000000008001a86        0x2 
 .text.motion_light_control_fsm
                0x0000000008001a88      0x16c ./Core/Src/main.o
                0x0000000008001a88                motion_light_control_fsm
 .text.motion_light_uv_control_fsm
                0x0000000008001bf4      0x188 ./Core/Src/main.o
                0x0000000008001bf4                motion_light_uv_control_fsm
 .text.direct_light_control_fsm
                0x0000000008001d7c       0xe0 ./Core/Src/main.o
                0x0000000008001d7c                direct_light_control_fsm
 .text.HAL_TIM_PeriodElapsedCallback
                0x0000000008001e5c       0xc4 ./Core/Src/main.o
                0x0000000008001e5c                HAL_TIM_PeriodElapsedCallback
 .text.HAL_GPIO_EXTI_Rising_Callback
                0x0000000008001f20       0xb8 ./Core/Src/main.o
                0x0000000008001f20                HAL_GPIO_EXTI_Rising_Callback
 .text.HAL_GPIO_EXTI_Falling_Callback
                0x0000000008001fd8       0x90 ./Core/Src/main.o
                0x0000000008001fd8                HAL_GPIO_EXTI_Falling_Callback
 .text.Error_Handler
                0x0000000008002068        0xa ./Core/Src/main.o
                0x0000000008002068                Error_Handler
 .text.pyd1598_setup
                0x0000000008002072       0x98 ./Core/Src/pyd15X8.o
                0x0000000008002072                pyd1598_setup
 .text.pyd1598_serin_setup
                0x000000000800210a       0x70 ./Core/Src/pyd15X8.o
                0x000000000800210a                pyd1598_serin_setup
 .text.pyd1598_direct_link_setup
                0x000000000800217a       0x88 ./Core/Src/pyd15X8.o
                0x000000000800217a                pyd1598_direct_link_setup
 *fill*         0x0000000008002202        0x2 
 .text.pyd1598_dl_readout_fsm
                0x0000000008002204      0x2b8 ./Core/Src/pyd15X8.o
                0x0000000008002204                pyd1598_dl_readout_fsm
 .text.pyd1598_request_write
                0x00000000080024bc       0x16 ./Core/Src/pyd15X8.o
                0x00000000080024bc                pyd1598_request_write
 *fill*         0x00000000080024d2        0x2 
 .text.pyd1598_serin_send_datagram_fsm
                0x00000000080024d4      0x194 ./Core/Src/pyd15X8.o
                0x00000000080024d4                pyd1598_serin_send_datagram_fsm
 .text.pyd1598_check_isr_request
                0x0000000008002668       0x2e ./Core/Src/pyd15X8.o
                0x0000000008002668                pyd1598_check_isr_request
 .text.pyd1598_read_wakeup_signal
                0x0000000008002696       0x34 ./Core/Src/pyd15X8.o
                0x0000000008002696                pyd1598_read_wakeup_signal
 .text.pyd1598_serin_add_all_conf
                0x00000000080026ca       0x94 ./Core/Src/pyd15X8.o
                0x00000000080026ca                pyd1598_serin_add_all_conf
 *fill*         0x000000000800275e        0x2 
 .text.pyd1598_serin_add_threshold
                0x0000000008002760       0x48 ./Core/Src/pyd15X8.o
                0x0000000008002760                pyd1598_serin_add_threshold
 .text.pyd1598_serin_add_blind_time
                0x00000000080027a8       0x54 ./Core/Src/pyd15X8.o
                0x00000000080027a8                pyd1598_serin_add_blind_time
 .text.pyd1598_serin_add_pulse_counter
                0x00000000080027fc       0x54 ./Core/Src/pyd15X8.o
                0x00000000080027fc                pyd1598_serin_add_pulse_counter
 .text.pyd1598_serin_add_window_time
                0x0000000008002850       0x54 ./Core/Src/pyd15X8.o
                0x0000000008002850                pyd1598_serin_add_window_time
 .text.pyd1598_serin_add_operation_mode
                0x00000000080028a4       0x48 ./Core/Src/pyd15X8.o
                0x00000000080028a4                pyd1598_serin_add_operation_mode
 .text.pyd1598_serin_add_signal_source
                0x00000000080028ec       0x54 ./Core/Src/pyd15X8.o
                0x00000000080028ec                pyd1598_serin_add_signal_source
 .text.pyd1598_serin_add_hpf_cutoff
                0x0000000008002940       0x54 ./Core/Src/pyd15X8.o
                0x0000000008002940                pyd1598_serin_add_hpf_cutoff
 .text.pyd1598_serin_add_count_mode
                0x0000000008002994       0x54 ./Core/Src/pyd15X8.o
                0x0000000008002994                pyd1598_serin_add_count_mode
 .text.pyd1598_serin_add_to_datagram
                0x00000000080029e8       0x5c ./Core/Src/pyd15X8.o
                0x00000000080029e8                pyd1598_serin_add_to_datagram
 .text.pyd1598_serin_set_zero_pulse
                0x0000000008002a44       0x44 ./Core/Src/pyd15X8.o
                0x0000000008002a44                pyd1598_serin_set_zero_pulse
 .text.pyd1598_serin_set_one_pulse
                0x0000000008002a88       0x34 ./Core/Src/pyd15X8.o
                0x0000000008002a88                pyd1598_serin_set_one_pulse
 .text.pyd1598_direct_link_set_as_output
                0x0000000008002abc       0x28 ./Core/Src/pyd15X8.o
                0x0000000008002abc                pyd1598_direct_link_set_as_output
 .text.pyd1598_direct_link_set_as_input
                0x0000000008002ae4       0x28 ./Core/Src/pyd15X8.o
                0x0000000008002ae4                pyd1598_direct_link_set_as_input
 .text.pyd1598_direct_link_set_as_interrupt_input
                0x0000000008002b0c       0x28 ./Core/Src/pyd15X8.o
                0x0000000008002b0c                pyd1598_direct_link_set_as_interrupt_input
 .text.pyd1598_direct_link_set_one_pulse
                0x0000000008002b34       0x34 ./Core/Src/pyd15X8.o
                0x0000000008002b34                pyd1598_direct_link_set_one_pulse
 .text.pyd1598_direct_link_set_negative_edge
                0x0000000008002b68       0x24 ./Core/Src/pyd15X8.o
                0x0000000008002b68                pyd1598_direct_link_set_negative_edge
 .text.pyd1598_direct_link_read_pin
                0x0000000008002b8c      0x118 ./Core/Src/pyd15X8.o
                0x0000000008002b8c                pyd1598_direct_link_read_pin
 .text.HAL_MspInit
                0x0000000008002ca4       0x54 ./Core/Src/stm32c0xx_hal_msp.o
                0x0000000008002ca4                HAL_MspInit
 .text.NMI_Handler
                0x0000000008002cf8        0x6 ./Core/Src/stm32c0xx_it.o
                0x0000000008002cf8                NMI_Handler
 .text.HardFault_Handler
                0x0000000008002cfe        0x6 ./Core/Src/stm32c0xx_it.o
                0x0000000008002cfe                HardFault_Handler
 .text.SVC_Handler
                0x0000000008002d04        0xa ./Core/Src/stm32c0xx_it.o
                0x0000000008002d04                SVC_Handler
 .text.PendSV_Handler
                0x0000000008002d0e        0xa ./Core/Src/stm32c0xx_it.o
                0x0000000008002d0e                PendSV_Handler
 .text.SysTick_Handler
                0x0000000008002d18        0xe ./Core/Src/stm32c0xx_it.o
                0x0000000008002d18                SysTick_Handler
 .text.EXTI2_3_IRQHandler
                0x0000000008002d26       0x16 ./Core/Src/stm32c0xx_it.o
                0x0000000008002d26                EXTI2_3_IRQHandler
 .text.EXTI4_15_IRQHandler
                0x0000000008002d3c       0x1a ./Core/Src/stm32c0xx_it.o
                0x0000000008002d3c                EXTI4_15_IRQHandler
 *fill*         0x0000000008002d56        0x2 
 .text.TIM1_BRK_UP_TRG_COM_IRQHandler
                0x0000000008002d58       0x18 ./Core/Src/stm32c0xx_it.o
                0x0000000008002d58                TIM1_BRK_UP_TRG_COM_IRQHandler
 .text.TIM1_CC_IRQHandler
                0x0000000008002d70       0x18 ./Core/Src/stm32c0xx_it.o
                0x0000000008002d70                TIM1_CC_IRQHandler
 .text.TIM14_IRQHandler
                0x0000000008002d88       0x18 ./Core/Src/stm32c0xx_it.o
                0x0000000008002d88                TIM14_IRQHandler
 .text.TIM16_IRQHandler
                0x0000000008002da0       0x18 ./Core/Src/stm32c0xx_it.o
                0x0000000008002da0                TIM16_IRQHandler
 .text.TIM17_IRQHandler
                0x0000000008002db8       0x18 ./Core/Src/stm32c0xx_it.o
                0x0000000008002db8                TIM17_IRQHandler
 .text.switch_selector_setup
                0x0000000008002dd0       0xd4 ./Core/Src/switch_selector.o
                0x0000000008002dd0                switch_selector_setup
 .text.switch_selector_read_bit
                0x0000000008002ea4       0xba ./Core/Src/switch_selector.o
                0x0000000008002ea4                switch_selector_read_bit
 *fill*         0x0000000008002f5e        0x2 
 .text._sbrk    0x0000000008002f60       0x6c ./Core/Src/sysmem.o
                0x0000000008002f60                _sbrk
 .text.SystemInit
                0x0000000008002fcc       0x18 ./Core/Src/system_stm32c0xx.o
                0x0000000008002fcc                SystemInit
 .text.MX_TIM1_Init
                0x0000000008002fe4       0xb4 ./Core/Src/tim.o
                0x0000000008002fe4                MX_TIM1_Init
 .text.MX_TIM3_Init
                0x0000000008003098      0x110 ./Core/Src/tim.o
                0x0000000008003098                MX_TIM3_Init
 .text.MX_TIM14_Init
                0x00000000080031a8       0x48 ./Core/Src/tim.o
                0x00000000080031a8                MX_TIM14_Init
 .text.MX_TIM16_Init
                0x00000000080031f0       0x50 ./Core/Src/tim.o
                0x00000000080031f0                MX_TIM16_Init
 .text.MX_TIM17_Init
                0x0000000008003240       0x4c ./Core/Src/tim.o
                0x0000000008003240                MX_TIM17_Init
 .text.HAL_TIM_Base_MspInit
                0x000000000800328c      0x13c ./Core/Src/tim.o
                0x000000000800328c                HAL_TIM_Base_MspInit
 .text.Reset_Handler
                0x00000000080033c8       0x50 ./Core/Startup/startup_stm32c011f6ux.o
                0x00000000080033c8                Reset_Handler
 .text.Default_Handler
                0x0000000008003418        0x2 ./Core/Startup/startup_stm32c011f6ux.o
                0x0000000008003418                I2C1_IRQHandler
                0x0000000008003418                DMAMUX1_IRQHandler
                0x0000000008003418                SPI1_IRQHandler
                0x0000000008003418                ADC1_IRQHandler
                0x0000000008003418                RTC_IRQHandler
                0x0000000008003418                TIM3_IRQHandler
                0x0000000008003418                RCC_IRQHandler
                0x0000000008003418                DMA1_Channel1_IRQHandler
                0x0000000008003418                Default_Handler
                0x0000000008003418                EXTI0_1_IRQHandler
                0x0000000008003418                WWDG_IRQHandler
                0x0000000008003418                DMA1_Channel2_3_IRQHandler
                0x0000000008003418                USART2_IRQHandler
                0x0000000008003418                FLASH_IRQHandler
                0x0000000008003418                USART1_IRQHandler
 .text.HAL_Init
                0x000000000800341a       0x2e ./Drivers/STM32C0xx_HAL_Driver/Src/stm32c0xx_hal.o
                0x000000000800341a                HAL_Init
 .text.HAL_InitTick
                0x0000000008003448       0x94 ./Drivers/STM32C0xx_HAL_Driver/Src/stm32c0xx_hal.o
                0x0000000008003448                HAL_InitTick
 .text.HAL_IncTick
                0x00000000080034dc       0x24 ./Drivers/STM32C0xx_HAL_Driver/Src/stm32c0xx_hal.o
                0x00000000080034dc                HAL_IncTick
 .text.HAL_GetTick
                0x0000000008003500       0x14 ./Drivers/STM32C0xx_HAL_Driver/Src/stm32c0xx_hal.o
                0x0000000008003500                HAL_GetTick
 .text.HAL_Delay
                0x0000000008003514       0x48 ./Drivers/STM32C0xx_HAL_Driver/Src/stm32c0xx_hal.o
                0x0000000008003514                HAL_Delay
 .text.HAL_SYSCFG_EnableRemap
                0x000000000800355c       0x20 ./Drivers/STM32C0xx_HAL_Driver/Src/stm32c0xx_hal.o
                0x000000000800355c                HAL_SYSCFG_EnableRemap
 .text.__NVIC_EnableIRQ
                0x000000000800357c       0x34 ./Drivers/STM32C0xx_HAL_Driver/Src/stm32c0xx_hal_cortex.o
 .text.__NVIC_DisableIRQ
                0x00000000080035b0       0x44 ./Drivers/STM32C0xx_HAL_Driver/Src/stm32c0xx_hal_cortex.o
 .text.__NVIC_SetPriority
                0x00000000080035f4       0xdc ./Drivers/STM32C0xx_HAL_Driver/Src/stm32c0xx_hal_cortex.o
 .text.SysTick_Config
                0x00000000080036d0       0x48 ./Drivers/STM32C0xx_HAL_Driver/Src/stm32c0xx_hal_cortex.o
 .text.HAL_NVIC_SetPriority
                0x0000000008003718       0x2a ./Drivers/STM32C0xx_HAL_Driver/Src/stm32c0xx_hal_cortex.o
                0x0000000008003718                HAL_NVIC_SetPriority
 .text.HAL_NVIC_EnableIRQ
                0x0000000008003742       0x20 ./Drivers/STM32C0xx_HAL_Driver/Src/stm32c0xx_hal_cortex.o
                0x0000000008003742                HAL_NVIC_EnableIRQ
 .text.HAL_NVIC_DisableIRQ
                0x0000000008003762       0x20 ./Drivers/STM32C0xx_HAL_Driver/Src/stm32c0xx_hal_cortex.o
                0x0000000008003762                HAL_NVIC_DisableIRQ
 .text.HAL_SYSTICK_Config
                0x0000000008003782       0x1a ./Drivers/STM32C0xx_HAL_Driver/Src/stm32c0xx_hal_cortex.o
                0x0000000008003782                HAL_SYSTICK_Config
 .text.HAL_GPIO_Init
                0x000000000800379c      0x2d4 ./Drivers/STM32C0xx_HAL_Driver/Src/stm32c0xx_hal_gpio.o
                0x000000000800379c                HAL_GPIO_Init
 .text.HAL_GPIO_DeInit
                0x0000000008003a70      0x1a0 ./Drivers/STM32C0xx_HAL_Driver/Src/stm32c0xx_hal_gpio.o
                0x0000000008003a70                HAL_GPIO_DeInit
 .text.HAL_GPIO_ReadPin
                0x0000000008003c10       0x3a ./Drivers/STM32C0xx_HAL_Driver/Src/stm32c0xx_hal_gpio.o
                0x0000000008003c10                HAL_GPIO_ReadPin
 .text.HAL_GPIO_WritePin
                0x0000000008003c4a       0x3a ./Drivers/STM32C0xx_HAL_Driver/Src/stm32c0xx_hal_gpio.o
                0x0000000008003c4a                HAL_GPIO_WritePin
 .text.HAL_GPIO_TogglePin
                0x0000000008003c84       0x36 ./Drivers/STM32C0xx_HAL_Driver/Src/stm32c0xx_hal_gpio.o
                0x0000000008003c84                HAL_GPIO_TogglePin
 *fill*         0x0000000008003cba        0x2 
 .text.HAL_GPIO_EXTI_IRQHandler
                0x0000000008003cbc       0x54 ./Drivers/STM32C0xx_HAL_Driver/Src/stm32c0xx_hal_gpio.o
                0x0000000008003cbc                HAL_GPIO_EXTI_IRQHandler
 .text.HAL_RCC_OscConfig
                0x0000000008003d10      0x3c8 ./Drivers/STM32C0xx_HAL_Driver/Src/stm32c0xx_hal_rcc.o
                0x0000000008003d10                HAL_RCC_OscConfig
 .text.HAL_RCC_ClockConfig
                0x00000000080040d8      0x214 ./Drivers/STM32C0xx_HAL_Driver/Src/stm32c0xx_hal_rcc.o
                0x00000000080040d8                HAL_RCC_ClockConfig
 .text.HAL_RCC_GetSysClockFreq
                0x00000000080042ec       0x84 ./Drivers/STM32C0xx_HAL_Driver/Src/stm32c0xx_hal_rcc.o
                0x00000000080042ec                HAL_RCC_GetSysClockFreq
 .text.HAL_TIM_Base_Init
                0x0000000008004370       0xb0 ./Drivers/STM32C0xx_HAL_Driver/Src/stm32c0xx_hal_tim.o
                0x0000000008004370                HAL_TIM_Base_Init
 .text.HAL_TIM_Base_Start_IT
                0x0000000008004420       0x9c ./Drivers/STM32C0xx_HAL_Driver/Src/stm32c0xx_hal_tim.o
                0x0000000008004420                HAL_TIM_Base_Start_IT
 .text.HAL_TIM_OC_Init
                0x00000000080044bc       0xb0 ./Drivers/STM32C0xx_HAL_Driver/Src/stm32c0xx_hal_tim.o
                0x00000000080044bc                HAL_TIM_OC_Init
 .text.HAL_TIM_OC_MspInit
                0x000000000800456c       0x10 ./Drivers/STM32C0xx_HAL_Driver/Src/stm32c0xx_hal_tim.o
                0x000000000800456c                HAL_TIM_OC_MspInit
 .text.HAL_TIM_OnePulse_Init
                0x000000000800457c       0xa2 ./Drivers/STM32C0xx_HAL_Driver/Src/stm32c0xx_hal_tim.o
                0x000000000800457c                HAL_TIM_OnePulse_Init
 .text.HAL_TIM_OnePulse_MspInit
                0x000000000800461e       0x10 ./Drivers/STM32C0xx_HAL_Driver/Src/stm32c0xx_hal_tim.o
                0x000000000800461e                HAL_TIM_OnePulse_MspInit
 *fill*         0x000000000800462e        0x2 
 .text.HAL_TIM_IRQHandler
                0x0000000008004630      0x204 ./Drivers/STM32C0xx_HAL_Driver/Src/stm32c0xx_hal_tim.o
                0x0000000008004630                HAL_TIM_IRQHandler
 .text.HAL_TIM_OC_ConfigChannel
                0x0000000008004834       0xc0 ./Drivers/STM32C0xx_HAL_Driver/Src/stm32c0xx_hal_tim.o
                0x0000000008004834                HAL_TIM_OC_ConfigChannel
 .text.HAL_TIM_ConfigClockSource
                0x00000000080048f4      0x1ac ./Drivers/STM32C0xx_HAL_Driver/Src/stm32c0xx_hal_tim.o
                0x00000000080048f4                HAL_TIM_ConfigClockSource
 .text.HAL_TIM_SlaveConfigSynchro
                0x0000000008004aa0       0x8c ./Drivers/STM32C0xx_HAL_Driver/Src/stm32c0xx_hal_tim.o
                0x0000000008004aa0                HAL_TIM_SlaveConfigSynchro
 .text.HAL_TIM_OC_DelayElapsedCallback
                0x0000000008004b2c       0x10 ./Drivers/STM32C0xx_HAL_Driver/Src/stm32c0xx_hal_tim.o
                0x0000000008004b2c                HAL_TIM_OC_DelayElapsedCallback
 .text.HAL_TIM_IC_CaptureCallback
                0x0000000008004b3c       0x10 ./Drivers/STM32C0xx_HAL_Driver/Src/stm32c0xx_hal_tim.o
                0x0000000008004b3c                HAL_TIM_IC_CaptureCallback
 .text.HAL_TIM_PWM_PulseFinishedCallback
                0x0000000008004b4c       0x10 ./Drivers/STM32C0xx_HAL_Driver/Src/stm32c0xx_hal_tim.o
                0x0000000008004b4c                HAL_TIM_PWM_PulseFinishedCallback
 .text.HAL_TIM_TriggerCallback
                0x0000000008004b5c       0x10 ./Drivers/STM32C0xx_HAL_Driver/Src/stm32c0xx_hal_tim.o
                0x0000000008004b5c                HAL_TIM_TriggerCallback
 .text.TIM_Base_SetConfig
                0x0000000008004b6c       0xd8 ./Drivers/STM32C0xx_HAL_Driver/Src/stm32c0xx_hal_tim.o
                0x0000000008004b6c                TIM_Base_SetConfig
 .text.TIM_OC1_SetConfig
                0x0000000008004c44      0x100 ./Drivers/STM32C0xx_HAL_Driver/Src/stm32c0xx_hal_tim.o
 .text.TIM_OC2_SetConfig
                0x0000000008004d44       0xfc ./Drivers/STM32C0xx_HAL_Driver/Src/stm32c0xx_hal_tim.o
                0x0000000008004d44                TIM_OC2_SetConfig
 .text.TIM_OC3_SetConfig
                0x0000000008004e40      0x104 ./Drivers/STM32C0xx_HAL_Driver/Src/stm32c0xx_hal_tim.o
 .text.TIM_OC4_SetConfig
                0x0000000008004f44       0xc8 ./Drivers/STM32C0xx_HAL_Driver/Src/stm32c0xx_hal_tim.o
 .text.TIM_OC5_SetConfig
                0x000000000800500c       0xb4 ./Drivers/STM32C0xx_HAL_Driver/Src/stm32c0xx_hal_tim.o
 .text.TIM_OC6_SetConfig
                0x00000000080050c0       0xbc ./Drivers/STM32C0xx_HAL_Driver/Src/stm32c0xx_hal_tim.o
 .text.TIM_SlaveTimer_SetConfig
                0x000000000800517c      0x12c ./Drivers/STM32C0xx_HAL_Driver/Src/stm32c0xx_hal_tim.o
 .text.TIM_TI1_ConfigInputStage
                0x00000000080052a8       0x5c ./Drivers/STM32C0xx_HAL_Driver/Src/stm32c0xx_hal_tim.o
 .text.TIM_TI2_ConfigInputStage
                0x0000000008005304       0x64 ./Drivers/STM32C0xx_HAL_Driver/Src/stm32c0xx_hal_tim.o
 .text.TIM_ITRx_SetConfig
                0x0000000008005368       0x38 ./Drivers/STM32C0xx_HAL_Driver/Src/stm32c0xx_hal_tim.o
 .text.TIM_ETR_SetConfig
                0x00000000080053a0       0x40 ./Drivers/STM32C0xx_HAL_Driver/Src/stm32c0xx_hal_tim.o
                0x00000000080053a0                TIM_ETR_SetConfig
 .text.HAL_TIMEx_MasterConfigSynchronization
                0x00000000080053e0       0xc4 ./Drivers/STM32C0xx_HAL_Driver/Src/stm32c0xx_hal_tim_ex.o
                0x00000000080053e0                HAL_TIMEx_MasterConfigSynchronization
 .text.HAL_TIMEx_CommutCallback
                0x00000000080054a4       0x10 ./Drivers/STM32C0xx_HAL_Driver/Src/stm32c0xx_hal_tim_ex.o
                0x00000000080054a4                HAL_TIMEx_CommutCallback
 .text.HAL_TIMEx_BreakCallback
                0x00000000080054b4       0x10 ./Drivers/STM32C0xx_HAL_Driver/Src/stm32c0xx_hal_tim_ex.o
                0x00000000080054b4                HAL_TIMEx_BreakCallback
 .text.HAL_TIMEx_Break2Callback
                0x00000000080054c4       0x10 ./Drivers/STM32C0xx_HAL_Driver/Src/stm32c0xx_hal_tim_ex.o
                0x00000000080054c4                HAL_TIMEx_Break2Callback
 .text.malloc   0x00000000080054d4       0x14 C:/ST/STM32CubeIDE_1.13.2/STM32CubeIDE/plugins/com.st.stm32cube.ide.mcu.externaltools.gnu-tools-for-stm32.11.3.rel1.win32_1.1.1.202309131626/tools/bin/../lib/gcc/arm-none-eabi/11.3.1/../../../../arm-none-eabi/lib/thumb/v6-m/nofp\libc_nano.a(libc_a-malloc.o)
                0x00000000080054d4                malloc
 .text.sbrk_aligned
                0x00000000080054e8       0x44 C:/ST/STM32CubeIDE_1.13.2/STM32CubeIDE/plugins/com.st.stm32cube.ide.mcu.externaltools.gnu-tools-for-stm32.11.3.rel1.win32_1.1.1.202309131626/tools/bin/../lib/gcc/arm-none-eabi/11.3.1/../../../../arm-none-eabi/lib/thumb/v6-m/nofp\libc_nano.a(libc_a-mallocr.o)
 .text._malloc_r
                0x000000000800552c      0x104 C:/ST/STM32CubeIDE_1.13.2/STM32CubeIDE/plugins/com.st.stm32cube.ide.mcu.externaltools.gnu-tools-for-stm32.11.3.rel1.win32_1.1.1.202309131626/tools/bin/../lib/gcc/arm-none-eabi/11.3.1/../../../../arm-none-eabi/lib/thumb/v6-m/nofp\libc_nano.a(libc_a-mallocr.o)
                0x000000000800552c                _malloc_r
 .text.__malloc_lock
                0x0000000008005630       0x10 C:/ST/STM32CubeIDE_1.13.2/STM32CubeIDE/plugins/com.st.stm32cube.ide.mcu.externaltools.gnu-tools-for-stm32.11.3.rel1.win32_1.1.1.202309131626/tools/bin/../lib/gcc/arm-none-eabi/11.3.1/../../../../arm-none-eabi/lib/thumb/v6-m/nofp\libc_nano.a(libc_a-mlock.o)
                0x0000000008005630                __malloc_lock
 .text.__malloc_unlock
                0x0000000008005640       0x10 C:/ST/STM32CubeIDE_1.13.2/STM32CubeIDE/plugins/com.st.stm32cube.ide.mcu.externaltools.gnu-tools-for-stm32.11.3.rel1.win32_1.1.1.202309131626/tools/bin/../lib/gcc/arm-none-eabi/11.3.1/../../../../arm-none-eabi/lib/thumb/v6-m/nofp\libc_nano.a(libc_a-mlock.o)
                0x0000000008005640                __malloc_unlock
 .text.memset   0x0000000008005650       0x10 C:/ST/STM32CubeIDE_1.13.2/STM32CubeIDE/plugins/com.st.stm32cube.ide.mcu.externaltools.gnu-tools-for-stm32.11.3.rel1.win32_1.1.1.202309131626/tools/bin/../lib/gcc/arm-none-eabi/11.3.1/../../../../arm-none-eabi/lib/thumb/v6-m/nofp\libc_nano.a(libc_a-memset.o)
                0x0000000008005650                memset
 .text._sbrk_r  0x0000000008005660       0x24 C:/ST/STM32CubeIDE_1.13.2/STM32CubeIDE/plugins/com.st.stm32cube.ide.mcu.externaltools.gnu-tools-for-stm32.11.3.rel1.win32_1.1.1.202309131626/tools/bin/../lib/gcc/arm-none-eabi/11.3.1/../../../../arm-none-eabi/lib/thumb/v6-m/nofp\libc_nano.a(libc_a-sbrkr.o)
                0x0000000008005660                _sbrk_r
 .text.__errno  0x0000000008005684        0xc C:/ST/STM32CubeIDE_1.13.2/STM32CubeIDE/plugins/com.st.stm32cube.ide.mcu.externaltools.gnu-tools-for-stm32.11.3.rel1.win32_1.1.1.202309131626/tools/bin/../lib/gcc/arm-none-eabi/11.3.1/../../../../arm-none-eabi/lib/thumb/v6-m/nofp\libc_nano.a(libc_a-errno.o)
                0x0000000008005684                __errno
 .text.__libc_init_array
                0x0000000008005690       0x48 C:/ST/STM32CubeIDE_1.13.2/STM32CubeIDE/plugins/com.st.stm32cube.ide.mcu.externaltools.gnu-tools-for-stm32.11.3.rel1.win32_1.1.1.202309131626/tools/bin/../lib/gcc/arm-none-eabi/11.3.1/../../../../arm-none-eabi/lib/thumb/v6-m/nofp\libc_nano.a(libc_a-init.o)
                0x0000000008005690                __libc_init_array
 .text.__retarget_lock_acquire_recursive
                0x00000000080056d8        0x2 C:/ST/STM32CubeIDE_1.13.2/STM32CubeIDE/plugins/com.st.stm32cube.ide.mcu.externaltools.gnu-tools-for-stm32.11.3.rel1.win32_1.1.1.202309131626/tools/bin/../lib/gcc/arm-none-eabi/11.3.1/../../../../arm-none-eabi/lib/thumb/v6-m/nofp\libc_nano.a(libc_a-lock.o)
                0x00000000080056d8                __retarget_lock_acquire_recursive
 .text.__retarget_lock_release_recursive
                0x00000000080056da        0x2 C:/ST/STM32CubeIDE_1.13.2/STM32CubeIDE/plugins/com.st.stm32cube.ide.mcu.externaltools.gnu-tools-for-stm32.11.3.rel1.win32_1.1.1.202309131626/tools/bin/../lib/gcc/arm-none-eabi/11.3.1/../../../../arm-none-eabi/lib/thumb/v6-m/nofp\libc_nano.a(libc_a-lock.o)
                0x00000000080056da                __retarget_lock_release_recursive
 .text.memcpy   0x00000000080056dc       0x12 C:/ST/STM32CubeIDE_1.13.2/STM32CubeIDE/plugins/com.st.stm32cube.ide.mcu.externaltools.gnu-tools-for-stm32.11.3.rel1.win32_1.1.1.202309131626/tools/bin/../lib/gcc/arm-none-eabi/11.3.1/../../../../arm-none-eabi/lib/thumb/v6-m/nofp\libc_nano.a(libc_a-memcpy-stub.o)
                0x00000000080056dc                memcpy
 *(.glue_7)
 .glue_7        0x00000000080056ee        0x0 linker stubs
 *(.glue_7t)
 .glue_7t       0x00000000080056ee        0x0 linker stubs
 *(.eh_frame)
 *fill*         0x00000000080056ee        0x2 
 .eh_frame      0x00000000080056f0        0x0 C:/ST/STM32CubeIDE_1.13.2/STM32CubeIDE/plugins/com.st.stm32cube.ide.mcu.externaltools.gnu-tools-for-stm32.11.3.rel1.win32_1.1.1.202309131626/tools/bin/../lib/gcc/arm-none-eabi/11.3.1/thumb/v6-m/nofp/crtbegin.o
 *(.init)
 .init          0x00000000080056f0        0x4 C:/ST/STM32CubeIDE_1.13.2/STM32CubeIDE/plugins/com.st.stm32cube.ide.mcu.externaltools.gnu-tools-for-stm32.11.3.rel1.win32_1.1.1.202309131626/tools/bin/../lib/gcc/arm-none-eabi/11.3.1/thumb/v6-m/nofp/crti.o
                0x00000000080056f0                _init
 .init          0x00000000080056f4        0x8 C:/ST/STM32CubeIDE_1.13.2/STM32CubeIDE/plugins/com.st.stm32cube.ide.mcu.externaltools.gnu-tools-for-stm32.11.3.rel1.win32_1.1.1.202309131626/tools/bin/../lib/gcc/arm-none-eabi/11.3.1/thumb/v6-m/nofp/crtn.o
 *(.fini)
 .fini          0x00000000080056fc        0x4 C:/ST/STM32CubeIDE_1.13.2/STM32CubeIDE/plugins/com.st.stm32cube.ide.mcu.externaltools.gnu-tools-for-stm32.11.3.rel1.win32_1.1.1.202309131626/tools/bin/../lib/gcc/arm-none-eabi/11.3.1/thumb/v6-m/nofp/crti.o
                0x00000000080056fc                _fini
 .fini          0x0000000008005700        0x8 C:/ST/STM32CubeIDE_1.13.2/STM32CubeIDE/plugins/com.st.stm32cube.ide.mcu.externaltools.gnu-tools-for-stm32.11.3.rel1.win32_1.1.1.202309131626/tools/bin/../lib/gcc/arm-none-eabi/11.3.1/thumb/v6-m/nofp/crtn.o
                0x0000000008005708                . = ALIGN (0x4)
                0x0000000008005708                _etext = .

.vfp11_veneer   0x0000000008005708        0x0
 .vfp11_veneer  0x0000000008005708        0x0 linker stubs

.v4_bx          0x0000000008005708        0x0
 .v4_bx         0x0000000008005708        0x0 linker stubs

.iplt           0x0000000008005708        0x0
 .iplt          0x0000000008005708        0x0 C:/ST/STM32CubeIDE_1.13.2/STM32CubeIDE/plugins/com.st.stm32cube.ide.mcu.externaltools.gnu-tools-for-stm32.11.3.rel1.win32_1.1.1.202309131626/tools/bin/../lib/gcc/arm-none-eabi/11.3.1/thumb/v6-m/nofp/crtbegin.o

.rodata         0x0000000008005708       0xf8
                0x0000000008005708                . = ALIGN (0x4)
 *(.rodata)
 *(.rodata*)
 .rodata.motion_light_control_fsm
                0x0000000008005708       0x18 ./Core/Src/main.o
 .rodata.motion_light_uv_control_fsm
                0x0000000008005720       0x20 ./Core/Src/main.o
 .rodata.pyd1598_dl_readout_fsm
                0x0000000008005740       0x14 ./Core/Src/pyd15X8.o
 .rodata.pyd1598_serin_send_datagram_fsm
                0x0000000008005754       0x18 ./Core/Src/pyd15X8.o
 .rodata.AHBPrescTable
                0x000000000800576c       0x40 ./Core/Src/system_stm32c0xx.o
                0x000000000800576c                AHBPrescTable
 .rodata.HAL_TIM_OC_ConfigChannel
                0x00000000080057ac       0x54 ./Drivers/STM32C0xx_HAL_Driver/Src/stm32c0xx_hal_tim.o
                0x0000000008005800                . = ALIGN (0x4)

.rel.dyn        0x0000000008005800        0x0
 .rel.iplt      0x0000000008005800        0x0 C:/ST/STM32CubeIDE_1.13.2/STM32CubeIDE/plugins/com.st.stm32cube.ide.mcu.externaltools.gnu-tools-for-stm32.11.3.rel1.win32_1.1.1.202309131626/tools/bin/../lib/gcc/arm-none-eabi/11.3.1/thumb/v6-m/nofp/crtbegin.o

.ARM.extab      0x0000000008005800        0x0
                0x0000000008005800                . = ALIGN (0x4)
 *(.ARM.extab* .gnu.linkonce.armextab.*)
                0x0000000008005800                . = ALIGN (0x4)

.ARM            0x0000000008005800        0x0
                0x0000000008005800                . = ALIGN (0x4)
                0x0000000008005800                __exidx_start = .
 *(.ARM.exidx*)
                0x0000000008005800                __exidx_end = .
                0x0000000008005800                . = ALIGN (0x4)

.preinit_array  0x0000000008005800        0x0
                0x0000000008005800                . = ALIGN (0x4)
                0x0000000008005800                PROVIDE (__preinit_array_start = .)
 *(.preinit_array*)
                0x0000000008005800                PROVIDE (__preinit_array_end = .)
                0x0000000008005800                . = ALIGN (0x4)

.init_array     0x0000000008005800        0x4
                0x0000000008005800                . = ALIGN (0x4)
                0x0000000008005800                PROVIDE (__init_array_start = .)
 *(SORT_BY_NAME(.init_array.*))
 *(.init_array*)
 .init_array    0x0000000008005800        0x4 C:/ST/STM32CubeIDE_1.13.2/STM32CubeIDE/plugins/com.st.stm32cube.ide.mcu.externaltools.gnu-tools-for-stm32.11.3.rel1.win32_1.1.1.202309131626/tools/bin/../lib/gcc/arm-none-eabi/11.3.1/thumb/v6-m/nofp/crtbegin.o
                0x0000000008005804                PROVIDE (__init_array_end = .)
                0x0000000008005804                . = ALIGN (0x4)

.fini_array     0x0000000008005804        0x4
                0x0000000008005804                . = ALIGN (0x4)
                [!provide]                        PROVIDE (__fini_array_start = .)
 *(SORT_BY_NAME(.fini_array.*))
 *(.fini_array*)
 .fini_array    0x0000000008005804        0x4 C:/ST/STM32CubeIDE_1.13.2/STM32CubeIDE/plugins/com.st.stm32cube.ide.mcu.externaltools.gnu-tools-for-stm32.11.3.rel1.win32_1.1.1.202309131626/tools/bin/../lib/gcc/arm-none-eabi/11.3.1/thumb/v6-m/nofp/crtbegin.o
                [!provide]                        PROVIDE (__fini_array_end = .)
                0x0000000008005808                . = ALIGN (0x4)
                0x0000000008005808                _sidata = LOADADDR (.data)

.data           0x0000000020000000       0x64 load address 0x0000000008005808
                0x0000000020000000                . = ALIGN (0x4)
                0x0000000020000000                _sdata = .
 *(.data)
 *(.data*)
 .data.readout_mask.0
                0x0000000020000000        0x8 ./Core/Src/pyd15X8.o
 .data.SystemCoreClock
                0x0000000020000008        0x4 ./Core/Src/system_stm32c0xx.o
                0x0000000020000008                SystemCoreClock
 .data.uwTickPrio
                0x000000002000000c        0x4 ./Drivers/STM32C0xx_HAL_Driver/Src/stm32c0xx_hal.o
                0x000000002000000c                uwTickPrio
 .data.uwTickFreq
                0x0000000020000010        0x1 ./Drivers/STM32C0xx_HAL_Driver/Src/stm32c0xx_hal.o
                0x0000000020000010                uwTickFreq
 *fill*         0x0000000020000011        0x3 
 .data._impure_data
                0x0000000020000014       0x4c C:/ST/STM32CubeIDE_1.13.2/STM32CubeIDE/plugins/com.st.stm32cube.ide.mcu.externaltools.gnu-tools-for-stm32.11.3.rel1.win32_1.1.1.202309131626/tools/bin/../lib/gcc/arm-none-eabi/11.3.1/../../../../arm-none-eabi/lib/thumb/v6-m/nofp\libc_nano.a(libc_a-impure.o)
                0x0000000020000014                _impure_data
 .data._impure_ptr
                0x0000000020000060        0x4 C:/ST/STM32CubeIDE_1.13.2/STM32CubeIDE/plugins/com.st.stm32cube.ide.mcu.externaltools.gnu-tools-for-stm32.11.3.rel1.win32_1.1.1.202309131626/tools/bin/../lib/gcc/arm-none-eabi/11.3.1/../../../../arm-none-eabi/lib/thumb/v6-m/nofp\libc_nano.a(libc_a-impure.o)
                0x0000000020000060                _impure_ptr
 *(.RamFunc)
 *(.RamFunc*)
                0x0000000020000064                . = ALIGN (0x4)
                0x0000000020000064                _edata = .

.igot.plt       0x0000000020000064        0x0 load address 0x000000000800586c
 .igot.plt      0x0000000020000064        0x0 C:/ST/STM32CubeIDE_1.13.2/STM32CubeIDE/plugins/com.st.stm32cube.ide.mcu.externaltools.gnu-tools-for-stm32.11.3.rel1.win32_1.1.1.202309131626/tools/bin/../lib/gcc/arm-none-eabi/11.3.1/thumb/v6-m/nofp/crtbegin.o
                0x0000000020000064                . = ALIGN (0x4)

.bss            0x0000000020000068      0x860 load address 0x000000000800586c
                0x0000000020000068                _sbss = .
                0x0000000020000068                __bss_start__ = _sbss
 *(.bss)
 .bss           0x0000000020000068       0x1c C:/ST/STM32CubeIDE_1.13.2/STM32CubeIDE/plugins/com.st.stm32cube.ide.mcu.externaltools.gnu-tools-for-stm32.11.3.rel1.win32_1.1.1.202309131626/tools/bin/../lib/gcc/arm-none-eabi/11.3.1/thumb/v6-m/nofp/crtbegin.o
 *(.bss*)
 *fill*         0x0000000020000084        0x4 
 .bss.motion_sensor
                0x0000000020000088       0x60 ./Core/Src/main.o
                0x0000000020000088                motion_sensor
 .bss.motion_initial_conf
                0x00000000200000e8        0x8 ./Core/Src/main.o
                0x00000000200000e8                motion_initial_conf
 .bss.deadline_timer_light_1
                0x00000000200000f0       0x68 ./Core/Src/main.o
                0x00000000200000f0                deadline_timer_light_1
 .bss.deadline_timer_light_2
                0x0000000020000158       0x68 ./Core/Src/main.o
                0x0000000020000158                deadline_timer_light_2
 .bss.deadline_timer_uv
                0x00000000200001c0       0x68 ./Core/Src/main.o
                0x00000000200001c0                deadline_timer_uv
 .bss.deadline  0x0000000020000228       0x18 ./Core/Src/main.o
                0x0000000020000228                deadline
 .bss.light_1   0x0000000020000240       0x24 ./Core/Src/main.o
                0x0000000020000240                light_1
 .bss.light_2   0x0000000020000264       0x24 ./Core/Src/main.o
                0x0000000020000264                light_2
 .bss.light_uv  0x0000000020000288       0x24 ./Core/Src/main.o
                0x0000000020000288                light_uv
 *fill*         0x00000000200002ac        0x4 
 .bss.deadline_buttons
                0x00000000200002b0       0x68 ./Core/Src/main.o
                0x00000000200002b0                deadline_buttons
 .bss.timer_buttons
                0x0000000020000318       0x18 ./Core/Src/main.o
                0x0000000020000318                timer_buttons
 .bss.button_light_1
                0x0000000020000330       0x18 ./Core/Src/main.o
                0x0000000020000330                button_light_1
 .bss.button_light_2
                0x0000000020000348       0x18 ./Core/Src/main.o
                0x0000000020000348                button_light_2
 .bss.button_uv
                0x0000000020000360       0x18 ./Core/Src/main.o
                0x0000000020000360                button_uv
 .bss.motion_sensed_light_1
                0x0000000020000378        0x1 ./Core/Src/main.o
                0x0000000020000378                motion_sensed_light_1
 .bss.motion_sensed_light_2
                0x0000000020000379        0x1 ./Core/Src/main.o
                0x0000000020000379                motion_sensed_light_2
 .bss.motion_sensed_uv
                0x000000002000037a        0x1 ./Core/Src/main.o
                0x000000002000037a                motion_sensed_uv
 *fill*         0x000000002000037b        0x5 
 .bss.deadline_led_indicator
                0x0000000020000380       0x68 ./Core/Src/main.o
                0x0000000020000380                deadline_led_indicator
 .bss.deadline_motion_light_1
                0x00000000200003e8       0x68 ./Core/Src/main.o
                0x00000000200003e8                deadline_motion_light_1
 .bss.timer_motion_light_1
                0x0000000020000450       0x18 ./Core/Src/main.o
                0x0000000020000450                timer_motion_light_1
 .bss.light_1_state
                0x0000000020000468        0x1 ./Core/Src/main.o
                0x0000000020000468                light_1_state
 *fill*         0x0000000020000469        0x7 
 .bss.deadline_motion_light_2
                0x0000000020000470       0x68 ./Core/Src/main.o
                0x0000000020000470                deadline_motion_light_2
 .bss.timer_motion_light_2
                0x00000000200004d8       0x18 ./Core/Src/main.o
                0x00000000200004d8                timer_motion_light_2
 .bss.light_2_state
                0x00000000200004f0        0x1 ./Core/Src/main.o
                0x00000000200004f0                light_2_state
 .bss.light_2_no_motion_state
                0x00000000200004f1        0x1 ./Core/Src/main.o
                0x00000000200004f1                light_2_no_motion_state
 *fill*         0x00000000200004f2        0x6 
 .bss.deadline_motion_uv
                0x00000000200004f8       0x68 ./Core/Src/main.o
                0x00000000200004f8                deadline_motion_uv
 .bss.timer_motion_uv
                0x0000000020000560       0x18 ./Core/Src/main.o
                0x0000000020000560                timer_motion_uv
 .bss.deadline_motion_uv_safe
                0x0000000020000578       0x68 ./Core/Src/main.o
                0x0000000020000578                deadline_motion_uv_safe
 .bss.timer_motion_uv_safe
                0x00000000200005e0       0x18 ./Core/Src/main.o
                0x00000000200005e0                timer_motion_uv_safe
 .bss.uv_state  0x00000000200005f8        0x1 ./Core/Src/main.o
                0x00000000200005f8                uv_state
 .bss.abort_uv  0x00000000200005f9        0x1 ./Core/Src/main.o
                0x00000000200005f9                abort_uv
 *fill*         0x00000000200005fa        0x2 
 .bss.__sbrk_heap_end
                0x00000000200005fc        0x4 ./Core/Src/sysmem.o
 .bss.htim1     0x0000000020000600       0x4c ./Core/Src/tim.o
                0x0000000020000600                htim1
 .bss.htim3     0x000000002000064c       0x4c ./Core/Src/tim.o
                0x000000002000064c                htim3
 .bss.htim14    0x0000000020000698       0x4c ./Core/Src/tim.o
                0x0000000020000698                htim14
 .bss.htim16    0x00000000200006e4       0x4c ./Core/Src/tim.o
                0x00000000200006e4                htim16
 .bss.htim17    0x0000000020000730       0x4c ./Core/Src/tim.o
                0x0000000020000730                htim17
 .bss.uwTick    0x000000002000077c        0x4 ./Drivers/STM32C0xx_HAL_Driver/Src/stm32c0xx_hal.o
                0x000000002000077c                uwTick
 .bss.__malloc_free_list
                0x0000000020000780        0x4 C:/ST/STM32CubeIDE_1.13.2/STM32CubeIDE/plugins/com.st.stm32cube.ide.mcu.externaltools.gnu-tools-for-stm32.11.3.rel1.win32_1.1.1.202309131626/tools/bin/../lib/gcc/arm-none-eabi/11.3.1/../../../../arm-none-eabi/lib/thumb/v6-m/nofp\libc_nano.a(libc_a-mallocr.o)
                0x0000000020000780                __malloc_free_list
 .bss.__malloc_sbrk_start
                0x0000000020000784        0x4 C:/ST/STM32CubeIDE_1.13.2/STM32CubeIDE/plugins/com.st.stm32cube.ide.mcu.externaltools.gnu-tools-for-stm32.11.3.rel1.win32_1.1.1.202309131626/tools/bin/../lib/gcc/arm-none-eabi/11.3.1/../../../../arm-none-eabi/lib/thumb/v6-m/nofp\libc_nano.a(libc_a-mallocr.o)
                0x0000000020000784                __malloc_sbrk_start
 .bss.__sf      0x0000000020000788      0x138 C:/ST/STM32CubeIDE_1.13.2/STM32CubeIDE/plugins/com.st.stm32cube.ide.mcu.externaltools.gnu-tools-for-stm32.11.3.rel1.win32_1.1.1.202309131626/tools/bin/../lib/gcc/arm-none-eabi/11.3.1/../../../../arm-none-eabi/lib/thumb/v6-m/nofp\libc_nano.a(libc_a-findfp.o)
                0x0000000020000788                __sf
 .bss.errno     0x00000000200008c0        0x4 C:/ST/STM32CubeIDE_1.13.2/STM32CubeIDE/plugins/com.st.stm32cube.ide.mcu.externaltools.gnu-tools-for-stm32.11.3.rel1.win32_1.1.1.202309131626/tools/bin/../lib/gcc/arm-none-eabi/11.3.1/../../../../arm-none-eabi/lib/thumb/v6-m/nofp\libc_nano.a(libc_a-reent.o)
                0x00000000200008c0                errno
 .bss.__lock___malloc_recursive_mutex
                0x00000000200008c4        0x1 C:/ST/STM32CubeIDE_1.13.2/STM32CubeIDE/plugins/com.st.stm32cube.ide.mcu.externaltools.gnu-tools-for-stm32.11.3.rel1.win32_1.1.1.202309131626/tools/bin/../lib/gcc/arm-none-eabi/11.3.1/../../../../arm-none-eabi/lib/thumb/v6-m/nofp\libc_nano.a(libc_a-lock.o)
                0x00000000200008c4                __lock___malloc_recursive_mutex
 *(COMMON)
                0x00000000200008c8                . = ALIGN (0x4)
 *fill*         0x00000000200008c5        0x3 
                0x00000000200008c8                _ebss = .
                0x00000000200008c8                __bss_end__ = _ebss

._user_heap_stack
                0x00000000200008c8      0x600 load address 0x000000000800586c
                0x00000000200008c8                . = ALIGN (0x8)
                [!provide]                        PROVIDE (end = .)
                0x00000000200008c8                PROVIDE (_end = .)
                0x0000000020000ac8                . = (. + _Min_Heap_Size)
 *fill*         0x00000000200008c8      0x200 
                0x0000000020000ec8                . = (. + _Min_Stack_Size)
 *fill*         0x0000000020000ac8      0x400 
                0x0000000020000ec8                . = ALIGN (0x8)

/DISCARD/
 libc.a(*)
 libm.a(*)
 libgcc.a(*)

.ARM.attributes
                0x0000000000000000       0x28
 *(.ARM.attributes)
 .ARM.attributes
                0x0000000000000000       0x1e C:/ST/STM32CubeIDE_1.13.2/STM32CubeIDE/plugins/com.st.stm32cube.ide.mcu.externaltools.gnu-tools-for-stm32.11.3.rel1.win32_1.1.1.202309131626/tools/bin/../lib/gcc/arm-none-eabi/11.3.1/thumb/v6-m/nofp/crti.o
 .ARM.attributes
                0x000000000000001e       0x2c C:/ST/STM32CubeIDE_1.13.2/STM32CubeIDE/plugins/com.st.stm32cube.ide.mcu.externaltools.gnu-tools-for-stm32.11.3.rel1.win32_1.1.1.202309131626/tools/bin/../lib/gcc/arm-none-eabi/11.3.1/thumb/v6-m/nofp/crtbegin.o
 .ARM.attributes
                0x000000000000004a       0x2c ./Core/Src/button.o
 .ARM.attributes
                0x0000000000000076       0x2c ./Core/Src/deadline_timer.o
 .ARM.attributes
                0x00000000000000a2       0x2c ./Core/Src/gpio.o
 .ARM.attributes
                0x00000000000000ce       0x2c ./Core/Src/led_indicator.o
 .ARM.attributes
                0x00000000000000fa       0x2c ./Core/Src/lights.o
 .ARM.attributes
                0x0000000000000126       0x2c ./Core/Src/main.o
 .ARM.attributes
                0x0000000000000152       0x2c ./Core/Src/pyd15X8.o
 .ARM.attributes
                0x000000000000017e       0x2c ./Core/Src/stm32c0xx_hal_msp.o
 .ARM.attributes
                0x00000000000001aa       0x2c ./Core/Src/stm32c0xx_it.o
 .ARM.attributes
                0x00000000000001d6       0x2c ./Core/Src/switch_selector.o
 .ARM.attributes
                0x0000000000000202       0x2c ./Core/Src/sysmem.o
 .ARM.attributes
                0x000000000000022e       0x2c ./Core/Src/system_stm32c0xx.o
 .ARM.attributes
                0x000000000000025a       0x2c ./Core/Src/tim.o
 .ARM.attributes
                0x0000000000000286       0x22 ./Core/Startup/startup_stm32c011f6ux.o
 .ARM.attributes
                0x00000000000002a8       0x2c ./Drivers/STM32C0xx_HAL_Driver/Src/stm32c0xx_hal.o
 .ARM.attributes
                0x00000000000002d4       0x2c ./Drivers/STM32C0xx_HAL_Driver/Src/stm32c0xx_hal_cortex.o
 .ARM.attributes
                0x0000000000000300       0x2c ./Drivers/STM32C0xx_HAL_Driver/Src/stm32c0xx_hal_gpio.o
 .ARM.attributes
                0x000000000000032c       0x2c ./Drivers/STM32C0xx_HAL_Driver/Src/stm32c0xx_hal_rcc.o
 .ARM.attributes
                0x0000000000000358       0x2c ./Drivers/STM32C0xx_HAL_Driver/Src/stm32c0xx_hal_tim.o
 .ARM.attributes
                0x0000000000000384       0x2c ./Drivers/STM32C0xx_HAL_Driver/Src/stm32c0xx_hal_tim_ex.o
 .ARM.attributes
                0x00000000000003b0       0x2c C:/ST/STM32CubeIDE_1.13.2/STM32CubeIDE/plugins/com.st.stm32cube.ide.mcu.externaltools.gnu-tools-for-stm32.11.3.rel1.win32_1.1.1.202309131626/tools/bin/../lib/gcc/arm-none-eabi/11.3.1/../../../../arm-none-eabi/lib/thumb/v6-m/nofp\libc_nano.a(libc_a-malloc.o)
 .ARM.attributes
                0x00000000000003dc       0x2c C:/ST/STM32CubeIDE_1.13.2/STM32CubeIDE/plugins/com.st.stm32cube.ide.mcu.externaltools.gnu-tools-for-stm32.11.3.rel1.win32_1.1.1.202309131626/tools/bin/../lib/gcc/arm-none-eabi/11.3.1/../../../../arm-none-eabi/lib/thumb/v6-m/nofp\libc_nano.a(libc_a-mallocr.o)
 .ARM.attributes
                0x0000000000000408       0x2c C:/ST/STM32CubeIDE_1.13.2/STM32CubeIDE/plugins/com.st.stm32cube.ide.mcu.externaltools.gnu-tools-for-stm32.11.3.rel1.win32_1.1.1.202309131626/tools/bin/../lib/gcc/arm-none-eabi/11.3.1/../../../../arm-none-eabi/lib/thumb/v6-m/nofp\libc_nano.a(libc_a-mlock.o)
 .ARM.attributes
                0x0000000000000434       0x2c C:/ST/STM32CubeIDE_1.13.2/STM32CubeIDE/plugins/com.st.stm32cube.ide.mcu.externaltools.gnu-tools-for-stm32.11.3.rel1.win32_1.1.1.202309131626/tools/bin/../lib/gcc/arm-none-eabi/11.3.1/../../../../arm-none-eabi/lib/thumb/v6-m/nofp\libc_nano.a(libc_a-findfp.o)
 .ARM.attributes
                0x0000000000000460       0x2c C:/ST/STM32CubeIDE_1.13.2/STM32CubeIDE/plugins/com.st.stm32cube.ide.mcu.externaltools.gnu-tools-for-stm32.11.3.rel1.win32_1.1.1.202309131626/tools/bin/../lib/gcc/arm-none-eabi/11.3.1/../../../../arm-none-eabi/lib/thumb/v6-m/nofp\libc_nano.a(libc_a-memset.o)
 .ARM.attributes
                0x000000000000048c       0x2c C:/ST/STM32CubeIDE_1.13.2/STM32CubeIDE/plugins/com.st.stm32cube.ide.mcu.externaltools.gnu-tools-for-stm32.11.3.rel1.win32_1.1.1.202309131626/tools/bin/../lib/gcc/arm-none-eabi/11.3.1/../../../../arm-none-eabi/lib/thumb/v6-m/nofp\libc_nano.a(libc_a-reent.o)
 .ARM.attributes
                0x00000000000004b8       0x2c C:/ST/STM32CubeIDE_1.13.2/STM32CubeIDE/plugins/com.st.stm32cube.ide.mcu.externaltools.gnu-tools-for-stm32.11.3.rel1.win32_1.1.1.202309131626/tools/bin/../lib/gcc/arm-none-eabi/11.3.1/../../../../arm-none-eabi/lib/thumb/v6-m/nofp\libc_nano.a(libc_a-impure.o)
 .ARM.attributes
                0x00000000000004e4       0x2c C:/ST/STM32CubeIDE_1.13.2/STM32CubeIDE/plugins/com.st.stm32cube.ide.mcu.externaltools.gnu-tools-for-stm32.11.3.rel1.win32_1.1.1.202309131626/tools/bin/../lib/gcc/arm-none-eabi/11.3.1/../../../../arm-none-eabi/lib/thumb/v6-m/nofp\libc_nano.a(libc_a-sbrkr.o)
 .ARM.attributes
                0x0000000000000510       0x2c C:/ST/STM32CubeIDE_1.13.2/STM32CubeIDE/plugins/com.st.stm32cube.ide.mcu.externaltools.gnu-tools-for-stm32.11.3.rel1.win32_1.1.1.202309131626/tools/bin/../lib/gcc/arm-none-eabi/11.3.1/../../../../arm-none-eabi/lib/thumb/v6-m/nofp\libc_nano.a(libc_a-errno.o)
 .ARM.attributes
                0x000000000000053c       0x2c C:/ST/STM32CubeIDE_1.13.2/STM32CubeIDE/plugins/com.st.stm32cube.ide.mcu.externaltools.gnu-tools-for-stm32.11.3.rel1.win32_1.1.1.202309131626/tools/bin/../lib/gcc/arm-none-eabi/11.3.1/../../../../arm-none-eabi/lib/thumb/v6-m/nofp\libc_nano.a(libc_a-init.o)
 .ARM.attributes
                0x0000000000000568       0x2c C:/ST/STM32CubeIDE_1.13.2/STM32CubeIDE/plugins/com.st.stm32cube.ide.mcu.externaltools.gnu-tools-for-stm32.11.3.rel1.win32_1.1.1.202309131626/tools/bin/../lib/gcc/arm-none-eabi/11.3.1/../../../../arm-none-eabi/lib/thumb/v6-m/nofp\libc_nano.a(libc_a-lock.o)
 .ARM.attributes
                0x0000000000000594       0x2c C:/ST/STM32CubeIDE_1.13.2/STM32CubeIDE/plugins/com.st.stm32cube.ide.mcu.externaltools.gnu-tools-for-stm32.11.3.rel1.win32_1.1.1.202309131626/tools/bin/../lib/gcc/arm-none-eabi/11.3.1/../../../../arm-none-eabi/lib/thumb/v6-m/nofp\libc_nano.a(libc_a-memcpy-stub.o)
 .ARM.attributes
                0x00000000000005c0       0x1e C:/ST/STM32CubeIDE_1.13.2/STM32CubeIDE/plugins/com.st.stm32cube.ide.mcu.externaltools.gnu-tools-for-stm32.11.3.rel1.win32_1.1.1.202309131626/tools/bin/../lib/gcc/arm-none-eabi/11.3.1/thumb/v6-m/nofp\libgcc.a(_udivsi3.o)
 .ARM.attributes
                0x00000000000005de       0x1e C:/ST/STM32CubeIDE_1.13.2/STM32CubeIDE/plugins/com.st.stm32cube.ide.mcu.externaltools.gnu-tools-for-stm32.11.3.rel1.win32_1.1.1.202309131626/tools/bin/../lib/gcc/arm-none-eabi/11.3.1/thumb/v6-m/nofp\libgcc.a(_dvmd_tls.o)
 .ARM.attributes
                0x00000000000005fc       0x1e C:/ST/STM32CubeIDE_1.13.2/STM32CubeIDE/plugins/com.st.stm32cube.ide.mcu.externaltools.gnu-tools-for-stm32.11.3.rel1.win32_1.1.1.202309131626/tools/bin/../lib/gcc/arm-none-eabi/11.3.1/thumb/v6-m/nofp/crtn.o
OUTPUT(reynolds_switch.elf elf32-littlearm)
LOAD linker stubs
LOAD C:/ST/STM32CubeIDE_1.13.2/STM32CubeIDE/plugins/com.st.stm32cube.ide.mcu.externaltools.gnu-tools-for-stm32.11.3.rel1.win32_1.1.1.202309131626/tools/bin/../lib/gcc/arm-none-eabi/11.3.1/../../../../arm-none-eabi/lib/thumb/v6-m/nofp\libc.a
LOAD C:/ST/STM32CubeIDE_1.13.2/STM32CubeIDE/plugins/com.st.stm32cube.ide.mcu.externaltools.gnu-tools-for-stm32.11.3.rel1.win32_1.1.1.202309131626/tools/bin/../lib/gcc/arm-none-eabi/11.3.1/../../../../arm-none-eabi/lib/thumb/v6-m/nofp\libm.a
LOAD C:/ST/STM32CubeIDE_1.13.2/STM32CubeIDE/plugins/com.st.stm32cube.ide.mcu.externaltools.gnu-tools-for-stm32.11.3.rel1.win32_1.1.1.202309131626/tools/bin/../lib/gcc/arm-none-eabi/11.3.1/thumb/v6-m/nofp\libgcc.a

.comment        0x0000000000000000       0x43
 .comment       0x0000000000000000       0x43 C:/ST/STM32CubeIDE_1.13.2/STM32CubeIDE/plugins/com.st.stm32cube.ide.mcu.externaltools.gnu-tools-for-stm32.11.3.rel1.win32_1.1.1.202309131626/tools/bin/../lib/gcc/arm-none-eabi/11.3.1/thumb/v6-m/nofp/crtbegin.o
                                         0x44 (size before relaxing)
 .comment       0x0000000000000043       0x44 ./Core/Src/button.o
 .comment       0x0000000000000043       0x44 ./Core/Src/deadline_timer.o
 .comment       0x0000000000000043       0x44 ./Core/Src/gpio.o
 .comment       0x0000000000000043       0x44 ./Core/Src/led_indicator.o
 .comment       0x0000000000000043       0x44 ./Core/Src/lights.o
 .comment       0x0000000000000043       0x44 ./Core/Src/main.o
 .comment       0x0000000000000043       0x44 ./Core/Src/pyd15X8.o
 .comment       0x0000000000000043       0x44 ./Core/Src/stm32c0xx_hal_msp.o
 .comment       0x0000000000000043       0x44 ./Core/Src/stm32c0xx_it.o
 .comment       0x0000000000000043       0x44 ./Core/Src/switch_selector.o
 .comment       0x0000000000000043       0x44 ./Core/Src/sysmem.o
 .comment       0x0000000000000043       0x44 ./Core/Src/system_stm32c0xx.o
 .comment       0x0000000000000043       0x44 ./Core/Src/tim.o
 .comment       0x0000000000000043       0x44 ./Drivers/STM32C0xx_HAL_Driver/Src/stm32c0xx_hal.o
 .comment       0x0000000000000043       0x44 ./Drivers/STM32C0xx_HAL_Driver/Src/stm32c0xx_hal_cortex.o
 .comment       0x0000000000000043       0x44 ./Drivers/STM32C0xx_HAL_Driver/Src/stm32c0xx_hal_gpio.o
 .comment       0x0000000000000043       0x44 ./Drivers/STM32C0xx_HAL_Driver/Src/stm32c0xx_hal_rcc.o
 .comment       0x0000000000000043       0x44 ./Drivers/STM32C0xx_HAL_Driver/Src/stm32c0xx_hal_tim.o
 .comment       0x0000000000000043       0x44 ./Drivers/STM32C0xx_HAL_Driver/Src/stm32c0xx_hal_tim_ex.o

.debug_info     0x0000000000000000     0xd8ce
 .debug_info    0x0000000000000000      0x56c ./Core/Src/button.o
 .debug_info    0x000000000000056c      0x5a0 ./Core/Src/deadline_timer.o
 .debug_info    0x0000000000000b0c      0x662 ./Core/Src/gpio.o
 .debug_info    0x000000000000116e      0x4be ./Core/Src/led_indicator.o
 .debug_info    0x000000000000162c      0x63f ./Core/Src/lights.o
 .debug_info    0x0000000000001c6b     0x2469 ./Core/Src/main.o
 .debug_info    0x00000000000040d4     0x1415 ./Core/Src/pyd15X8.o
 .debug_info    0x00000000000054e9      0x22a ./Core/Src/stm32c0xx_hal_msp.o
 .debug_info    0x0000000000005713      0x83c ./Core/Src/stm32c0xx_it.o
 .debug_info    0x0000000000005f4f      0x40e ./Core/Src/switch_selector.o
 .debug_info    0x000000000000635d      0x168 ./Core/Src/sysmem.o
 .debug_info    0x00000000000064c5      0x368 ./Core/Src/system_stm32c0xx.o
 .debug_info    0x000000000000682d      0xdab ./Core/Src/tim.o
 .debug_info    0x00000000000075d8       0x23 ./Core/Startup/startup_stm32c011f6ux.o
 .debug_info    0x00000000000075fb      0x856 ./Drivers/STM32C0xx_HAL_Driver/Src/stm32c0xx_hal.o
 .debug_info    0x0000000000007e51      0x82a ./Drivers/STM32C0xx_HAL_Driver/Src/stm32c0xx_hal_cortex.o
 .debug_info    0x000000000000867b      0x5b7 ./Drivers/STM32C0xx_HAL_Driver/Src/stm32c0xx_hal_gpio.o
 .debug_info    0x0000000000008c32      0x8bf ./Drivers/STM32C0xx_HAL_Driver/Src/stm32c0xx_hal_rcc.o
 .debug_info    0x00000000000094f1     0x2b65 ./Drivers/STM32C0xx_HAL_Driver/Src/stm32c0xx_hal_tim.o
 .debug_info    0x000000000000c056     0x1878 ./Drivers/STM32C0xx_HAL_Driver/Src/stm32c0xx_hal_tim_ex.o

.debug_abbrev   0x0000000000000000     0x255f
 .debug_abbrev  0x0000000000000000      0x1af ./Core/Src/button.o
 .debug_abbrev  0x00000000000001af      0x144 ./Core/Src/deadline_timer.o
 .debug_abbrev  0x00000000000002f3      0x1cb ./Core/Src/gpio.o
 .debug_abbrev  0x00000000000004be      0x1a8 ./Core/Src/led_indicator.o
 .debug_abbrev  0x0000000000000666      0x1a6 ./Core/Src/lights.o
 .debug_abbrev  0x000000000000080c      0x2c5 ./Core/Src/main.o
 .debug_abbrev  0x0000000000000ad1      0x289 ./Core/Src/pyd15X8.o
 .debug_abbrev  0x0000000000000d5a       0xf2 ./Core/Src/stm32c0xx_hal_msp.o
 .debug_abbrev  0x0000000000000e4c      0x1a6 ./Core/Src/stm32c0xx_it.o
 .debug_abbrev  0x0000000000000ff2      0x1e3 ./Core/Src/switch_selector.o
 .debug_abbrev  0x00000000000011d5       0xbc ./Core/Src/sysmem.o
 .debug_abbrev  0x0000000000001291      0x117 ./Core/Src/system_stm32c0xx.o
 .debug_abbrev  0x00000000000013a8      0x271 ./Core/Src/tim.o
 .debug_abbrev  0x0000000000001619       0x12 ./Core/Startup/startup_stm32c011f6ux.o
 .debug_abbrev  0x000000000000162b      0x2cb ./Drivers/STM32C0xx_HAL_Driver/Src/stm32c0xx_hal.o
 .debug_abbrev  0x00000000000018f6      0x2b7 ./Drivers/STM32C0xx_HAL_Driver/Src/stm32c0xx_hal_cortex.o
 .debug_abbrev  0x0000000000001bad      0x1d6 ./Drivers/STM32C0xx_HAL_Driver/Src/stm32c0xx_hal_gpio.o
 .debug_abbrev  0x0000000000001d83      0x2a8 ./Drivers/STM32C0xx_HAL_Driver/Src/stm32c0xx_hal_rcc.o
 .debug_abbrev  0x000000000000202b      0x28a ./Drivers/STM32C0xx_HAL_Driver/Src/stm32c0xx_hal_tim.o
 .debug_abbrev  0x00000000000022b5      0x2aa ./Drivers/STM32C0xx_HAL_Driver/Src/stm32c0xx_hal_tim_ex.o

.debug_aranges  0x0000000000000000      0xe08
 .debug_aranges
                0x0000000000000000       0x68 ./Core/Src/button.o
 .debug_aranges
                0x0000000000000068       0xa0 ./Core/Src/deadline_timer.o
 .debug_aranges
                0x0000000000000108       0x38 ./Core/Src/gpio.o
 .debug_aranges
                0x0000000000000140       0x68 ./Core/Src/led_indicator.o
 .debug_aranges
                0x00000000000001a8       0x80 ./Core/Src/lights.o
 .debug_aranges
                0x0000000000000228       0x88 ./Core/Src/main.o
 .debug_aranges
                0x00000000000002b0      0x160 ./Core/Src/pyd15X8.o
 .debug_aranges
                0x0000000000000410       0x20 ./Core/Src/stm32c0xx_hal_msp.o
 .debug_aranges
                0x0000000000000430       0x78 ./Core/Src/stm32c0xx_it.o
 .debug_aranges
                0x00000000000004a8       0x38 ./Core/Src/switch_selector.o
 .debug_aranges
                0x00000000000004e0       0x20 ./Core/Src/sysmem.o
 .debug_aranges
                0x0000000000000500       0x28 ./Core/Src/system_stm32c0xx.o
 .debug_aranges
                0x0000000000000528       0x50 ./Core/Src/tim.o
 .debug_aranges
                0x0000000000000578       0x28 ./Core/Startup/startup_stm32c011f6ux.o
 .debug_aranges
                0x00000000000005a0      0x110 ./Drivers/STM32C0xx_HAL_Driver/Src/stm32c0xx_hal.o
 .debug_aranges
                0x00000000000006b0       0xd8 ./Drivers/STM32C0xx_HAL_Driver/Src/stm32c0xx_hal_cortex.o
 .debug_aranges
                0x0000000000000788       0x68 ./Drivers/STM32C0xx_HAL_Driver/Src/stm32c0xx_hal_gpio.o
 .debug_aranges
                0x00000000000007f0       0xa0 ./Drivers/STM32C0xx_HAL_Driver/Src/stm32c0xx_hal_rcc.o
 .debug_aranges
                0x0000000000000890      0x3e0 ./Drivers/STM32C0xx_HAL_Driver/Src/stm32c0xx_hal_tim.o
 .debug_aranges
                0x0000000000000c70      0x198 ./Drivers/STM32C0xx_HAL_Driver/Src/stm32c0xx_hal_tim_ex.o

.debug_rnglists
                0x0000000000000000      0xab6
 .debug_rnglists
                0x0000000000000000       0x4a ./Core/Src/button.o
 .debug_rnglists
                0x000000000000004a       0x74 ./Core/Src/deadline_timer.o
 .debug_rnglists
                0x00000000000000be       0x28 ./Core/Src/gpio.o
 .debug_rnglists
                0x00000000000000e6       0x4b ./Core/Src/led_indicator.o
 .debug_rnglists
                0x0000000000000131       0x5c ./Core/Src/lights.o
 .debug_rnglists
                0x000000000000018d       0x6d ./Core/Src/main.o
 .debug_rnglists
                0x00000000000001fa      0x10a ./Core/Src/pyd15X8.o
 .debug_rnglists
                0x0000000000000304       0x13 ./Core/Src/stm32c0xx_hal_msp.o
 .debug_rnglists
                0x0000000000000317       0x55 ./Core/Src/stm32c0xx_it.o
 .debug_rnglists
                0x000000000000036c       0x27 ./Core/Src/switch_selector.o
 .debug_rnglists
                0x0000000000000393       0x13 ./Core/Src/sysmem.o
 .debug_rnglists
                0x00000000000003a6       0x1a ./Core/Src/system_stm32c0xx.o
 .debug_rnglists
                0x00000000000003c0       0x3b ./Core/Src/tim.o
 .debug_rnglists
                0x00000000000003fb       0x19 ./Core/Startup/startup_stm32c011f6ux.o
 .debug_rnglists
                0x0000000000000414       0xc8 ./Drivers/STM32C0xx_HAL_Driver/Src/stm32c0xx_hal.o
 .debug_rnglists
                0x00000000000004dc       0x9f ./Drivers/STM32C0xx_HAL_Driver/Src/stm32c0xx_hal_cortex.o
 .debug_rnglists
                0x000000000000057b       0x4b ./Drivers/STM32C0xx_HAL_Driver/Src/stm32c0xx_hal_gpio.o
 .debug_rnglists
                0x00000000000005c6       0x78 ./Drivers/STM32C0xx_HAL_Driver/Src/stm32c0xx_hal_rcc.o
 .debug_rnglists
                0x000000000000063e      0x32a ./Drivers/STM32C0xx_HAL_Driver/Src/stm32c0xx_hal_tim.o
 .debug_rnglists
                0x0000000000000968      0x14e ./Drivers/STM32C0xx_HAL_Driver/Src/stm32c0xx_hal_tim_ex.o

.debug_macro    0x0000000000000000    0x141ce
 .debug_macro   0x0000000000000000      0x1e8 ./Core/Src/button.o
 .debug_macro   0x00000000000001e8      0xa7e ./Core/Src/button.o
 .debug_macro   0x0000000000000c66       0x2e ./Core/Src/button.o
 .debug_macro   0x0000000000000c94       0x28 ./Core/Src/button.o
 .debug_macro   0x0000000000000cbc       0x22 ./Core/Src/button.o
 .debug_macro   0x0000000000000cde       0x8e ./Core/Src/button.o
 .debug_macro   0x0000000000000d6c       0x51 ./Core/Src/button.o
 .debug_macro   0x0000000000000dbd      0x103 ./Core/Src/button.o
 .debug_macro   0x0000000000000ec0       0x6a ./Core/Src/button.o
 .debug_macro   0x0000000000000f2a      0x1df ./Core/Src/button.o
 .debug_macro   0x0000000000001109       0x1c ./Core/Src/button.o
 .debug_macro   0x0000000000001125       0x22 ./Core/Src/button.o
 .debug_macro   0x0000000000001147       0xd1 ./Core/Src/button.o
 .debug_macro   0x0000000000001218      0x4da ./Core/Src/button.o
 .debug_macro   0x00000000000016f2      0x11f ./Core/Src/button.o
 .debug_macro   0x0000000000001811     0x91b4 ./Core/Src/button.o
 .debug_macro   0x000000000000a9c5       0x6c ./Core/Src/button.o
 .debug_macro   0x000000000000aa31      0x16c ./Core/Src/button.o
 .debug_macro   0x000000000000ab9d       0xe3 ./Core/Src/button.o
 .debug_macro   0x000000000000ac80     0x340f ./Core/Src/button.o
 .debug_macro   0x000000000000e08f      0x174 ./Core/Src/button.o
 .debug_macro   0x000000000000e203       0x5b ./Core/Src/button.o
 .debug_macro   0x000000000000e25e      0x366 ./Core/Src/button.o
 .debug_macro   0x000000000000e5c4      0xaee ./Core/Src/button.o
 .debug_macro   0x000000000000f0b2      0x136 ./Core/Src/button.o
 .debug_macro   0x000000000000f1e8      0x15f ./Core/Src/button.o
 .debug_macro   0x000000000000f347      0x166 ./Core/Src/button.o
 .debug_macro   0x000000000000f4ad      0x264 ./Core/Src/button.o
 .debug_macro   0x000000000000f711      0x17e ./Core/Src/button.o
 .debug_macro   0x000000000000f88f       0x43 ./Core/Src/button.o
 .debug_macro   0x000000000000f8d2      0x1f1 ./Core/Src/button.o
 .debug_macro   0x000000000000fac3      0x1aa ./Core/Src/button.o
 .debug_macro   0x000000000000fc6d      0x352 ./Core/Src/button.o
 .debug_macro   0x000000000000ffbf       0x28 ./Core/Src/button.o
 .debug_macro   0x000000000000ffe7       0xba ./Core/Src/button.o
 .debug_macro   0x00000000000100a1       0xff ./Core/Src/button.o
 .debug_macro   0x00000000000101a0       0xc6 ./Core/Src/button.o
 .debug_macro   0x0000000000010266      0xabb ./Core/Src/button.o
 .debug_macro   0x0000000000010d21       0xd9 ./Core/Src/button.o
 .debug_macro   0x0000000000010dfa      0x3ba ./Core/Src/button.o
 .debug_macro   0x00000000000111b4       0xdc ./Core/Src/button.o
 .debug_macro   0x0000000000011290       0x22 ./Core/Src/button.o
 .debug_macro   0x00000000000112b2       0x72 ./Core/Src/deadline_timer.o
 .debug_macro   0x0000000000011324       0x16 ./Core/Src/deadline_timer.o
 .debug_macro   0x000000000001133a      0x1d5 ./Core/Src/gpio.o
 .debug_macro   0x000000000001150f      0x1df ./Core/Src/led_indicator.o
 .debug_macro   0x00000000000116ee      0x1df ./Core/Src/lights.o
 .debug_macro   0x00000000000118cd      0x380 ./Core/Src/main.o
 .debug_macro   0x0000000000011c4d       0x24 ./Core/Src/main.o
 .debug_macro   0x0000000000011c71       0x61 ./Core/Src/main.o
 .debug_macro   0x0000000000011cd2       0x43 ./Core/Src/main.o
 .debug_macro   0x0000000000011d15       0x34 ./Core/Src/main.o
 .debug_macro   0x0000000000011d49       0x16 ./Core/Src/main.o
 .debug_macro   0x0000000000011d5f       0x35 ./Core/Src/main.o
 .debug_macro   0x0000000000011d94       0x16 ./Core/Src/main.o
 .debug_macro   0x0000000000011daa       0x43 ./Core/Src/main.o
 .debug_macro   0x0000000000011ded       0x34 ./Core/Src/main.o
 .debug_macro   0x0000000000011e21       0x10 ./Core/Src/main.o
 .debug_macro   0x0000000000011e31       0x58 ./Core/Src/main.o
 .debug_macro   0x0000000000011e89       0x8e ./Core/Src/main.o
 .debug_macro   0x0000000000011f17       0x1c ./Core/Src/main.o
 .debug_macro   0x0000000000011f33      0x177 ./Core/Src/main.o
 .debug_macro   0x00000000000120aa      0x369 ./Core/Src/main.o
 .debug_macro   0x0000000000012413       0x16 ./Core/Src/main.o
 .debug_macro   0x0000000000012429       0x29 ./Core/Src/main.o
 .debug_macro   0x0000000000012452       0xdd ./Core/Src/main.o
 .debug_macro   0x000000000001252f       0x1c ./Core/Src/main.o
 .debug_macro   0x000000000001254b       0x1c ./Core/Src/main.o
 .debug_macro   0x0000000000012567       0x10 ./Core/Src/main.o
 .debug_macro   0x0000000000012577       0x1c ./Core/Src/main.o
 .debug_macro   0x0000000000012593       0x16 ./Core/Src/main.o
 .debug_macro   0x00000000000125a9      0x147 ./Core/Src/main.o
 .debug_macro   0x00000000000126f0       0x16 ./Core/Src/main.o
 .debug_macro   0x0000000000012706       0x20 ./Core/Src/main.o
 .debug_macro   0x0000000000012726      0x1ed ./Core/Src/pyd15X8.o
 .debug_macro   0x0000000000012913      0x1cb ./Core/Src/stm32c0xx_hal_msp.o
 .debug_macro   0x0000000000012ade      0x1d5 ./Core/Src/stm32c0xx_it.o
 .debug_macro   0x0000000000012cb3      0x324 ./Core/Src/switch_selector.o
 .debug_macro   0x0000000000012fd7       0x16 ./Core/Src/switch_selector.o
 .debug_macro   0x0000000000012fed       0x16 ./Core/Src/switch_selector.o
 .debug_macro   0x0000000000013003       0xff ./Core/Src/sysmem.o
 .debug_macro   0x0000000000013102      0x23c ./Core/Src/sysmem.o
 .debug_macro   0x000000000001333e      0x1c2 ./Core/Src/system_stm32c0xx.o
 .debug_macro   0x0000000000013500      0x1d5 ./Core/Src/tim.o
 .debug_macro   0x00000000000136d5      0x1da ./Drivers/STM32C0xx_HAL_Driver/Src/stm32c0xx_hal.o
 .debug_macro   0x00000000000138af      0x1bc ./Drivers/STM32C0xx_HAL_Driver/Src/stm32c0xx_hal_cortex.o
 .debug_macro   0x0000000000013a6b      0x1f1 ./Drivers/STM32C0xx_HAL_Driver/Src/stm32c0xx_hal_gpio.o
 .debug_macro   0x0000000000013c5c      0x1ec ./Drivers/STM32C0xx_HAL_Driver/Src/stm32c0xx_hal_rcc.o
 .debug_macro   0x0000000000013e48      0x1c4 ./Drivers/STM32C0xx_HAL_Driver/Src/stm32c0xx_hal_tim.o
 .debug_macro   0x000000000001400c      0x1c2 ./Drivers/STM32C0xx_HAL_Driver/Src/stm32c0xx_hal_tim_ex.o

.debug_line     0x0000000000000000     0xff07
 .debug_line    0x0000000000000000      0x8e8 ./Core/Src/button.o
 .debug_line    0x00000000000008e8      0x64a ./Core/Src/deadline_timer.o
 .debug_line    0x0000000000000f32      0x81b ./Core/Src/gpio.o
 .debug_line    0x000000000000174d      0x8d0 ./Core/Src/led_indicator.o
 .debug_line    0x000000000000201d      0x967 ./Core/Src/lights.o
 .debug_line    0x0000000000002984      0xf8f ./Core/Src/main.o
 .debug_line    0x0000000000003913      0xf3d ./Core/Src/pyd15X8.o
 .debug_line    0x0000000000004850      0x743 ./Core/Src/stm32c0xx_hal_msp.o
 .debug_line    0x0000000000004f93      0x84f ./Core/Src/stm32c0xx_it.o
 .debug_line    0x00000000000057e2      0xa1a ./Core/Src/switch_selector.o
 .debug_line    0x00000000000061fc      0x579 ./Core/Src/sysmem.o
 .debug_line    0x0000000000006775      0x786 ./Core/Src/system_stm32c0xx.o
 .debug_line    0x0000000000006efb      0x951 ./Core/Src/tim.o
 .debug_line    0x000000000000784c       0x7d ./Core/Startup/startup_stm32c011f6ux.o
 .debug_line    0x00000000000078c9      0xad5 ./Drivers/STM32C0xx_HAL_Driver/Src/stm32c0xx_hal.o
 .debug_line    0x000000000000839e      0xb6e ./Drivers/STM32C0xx_HAL_Driver/Src/stm32c0xx_hal_cortex.o
 .debug_line    0x0000000000008f0c      0xb8b ./Drivers/STM32C0xx_HAL_Driver/Src/stm32c0xx_hal_gpio.o
 .debug_line    0x0000000000009a97      0xcf9 ./Drivers/STM32C0xx_HAL_Driver/Src/stm32c0xx_hal_rcc.o
 .debug_line    0x000000000000a790     0x3b7f ./Drivers/STM32C0xx_HAL_Driver/Src/stm32c0xx_hal_tim.o
 .debug_line    0x000000000000e30f     0x1bf8 ./Drivers/STM32C0xx_HAL_Driver/Src/stm32c0xx_hal_tim_ex.o

.debug_str      0x0000000000000000    0x7bd57
 .debug_str     0x0000000000000000    0x726ec ./Core/Src/button.o
                                      0x72ca8 (size before relaxing)
 .debug_str     0x00000000000726ec      0x3b3 ./Core/Src/deadline_timer.o
                                       0x4017 (size before relaxing)
 .debug_str     0x0000000000072a9f      0x35f ./Core/Src/gpio.o
                                      0x72c46 (size before relaxing)
 .debug_str     0x0000000000072dfe      0x294 ./Core/Src/led_indicator.o
                                      0x72b8f (size before relaxing)
 .debug_str     0x0000000000073092      0x39e ./Core/Src/lights.o
                                      0x72cc6 (size before relaxing)
 .debug_str     0x0000000000073430     0x594d ./Core/Src/main.o
                                      0x79155 (size before relaxing)
 .debug_str     0x0000000000078d7d      0x549 ./Core/Src/pyd15X8.o
                                      0x74299 (size before relaxing)
 .debug_str     0x00000000000792c6       0x43 ./Core/Src/stm32c0xx_hal_msp.o
                                      0x72940 (size before relaxing)
 .debug_str     0x0000000000079309      0x13a ./Core/Src/stm32c0xx_it.o
                                      0x72f97 (size before relaxing)
 .debug_str     0x0000000000079443       0x86 ./Core/Src/switch_selector.o
                                      0x7632b (size before relaxing)
 .debug_str     0x00000000000794c9      0x4dc ./Core/Src/sysmem.o
                                       0x5f65 (size before relaxing)
 .debug_str     0x00000000000799a5       0xad ./Core/Src/system_stm32c0xx.o
                                      0x72618 (size before relaxing)
 .debug_str     0x0000000000079a52      0x276 ./Core/Src/tim.o
                                      0x733ba (size before relaxing)
 .debug_str     0x0000000000079cc8       0x34 ./Core/Startup/startup_stm32c011f6ux.o
                                         0x7b (size before relaxing)
 .debug_str     0x0000000000079cfc      0x43e ./Drivers/STM32C0xx_HAL_Driver/Src/stm32c0xx_hal.o
                                      0x72c64 (size before relaxing)
 .debug_str     0x000000000007a13a      0x23f ./Drivers/STM32C0xx_HAL_Driver/Src/stm32c0xx_hal_cortex.o
                                      0x72a00 (size before relaxing)
 .debug_str     0x000000000007a379      0x1af ./Drivers/STM32C0xx_HAL_Driver/Src/stm32c0xx_hal_gpio.o
                                      0x72817 (size before relaxing)
 .debug_str     0x000000000007a528      0x469 ./Drivers/STM32C0xx_HAL_Driver/Src/stm32c0xx_hal_rcc.o
                                      0x72c0a (size before relaxing)
 .debug_str     0x000000000007a991      0xd72 ./Drivers/STM32C0xx_HAL_Driver/Src/stm32c0xx_hal_tim.o
                                      0x73b47 (size before relaxing)
 .debug_str     0x000000000007b703      0x654 ./Drivers/STM32C0xx_HAL_Driver/Src/stm32c0xx_hal_tim_ex.o
                                      0x734d5 (size before relaxing)

.debug_frame    0x0000000000000000     0x3570
 .debug_frame   0x0000000000000000      0x15c ./Core/Src/button.o
 .debug_frame   0x000000000000015c      0x268 ./Core/Src/deadline_timer.o
 .debug_frame   0x00000000000003c4       0x90 ./Core/Src/gpio.o
 .debug_frame   0x0000000000000454      0x150 ./Core/Src/led_indicator.o
 .debug_frame   0x00000000000005a4      0x1c0 ./Core/Src/lights.o
 .debug_frame   0x0000000000000764      0x1f0 ./Core/Src/main.o
 .debug_frame   0x0000000000000954      0x56c ./Core/Src/pyd15X8.o
 .debug_frame   0x0000000000000ec0       0x30 ./Core/Src/stm32c0xx_hal_msp.o
 .debug_frame   0x0000000000000ef0      0x160 ./Core/Src/stm32c0xx_it.o
 .debug_frame   0x0000000000001050       0x9c ./Core/Src/switch_selector.o
 .debug_frame   0x00000000000010ec       0x30 ./Core/Src/sysmem.o
 .debug_frame   0x000000000000111c       0x4c ./Core/Src/system_stm32c0xx.o
 .debug_frame   0x0000000000001168       0xe4 ./Core/Src/tim.o
 .debug_frame   0x000000000000124c      0x3a0 ./Drivers/STM32C0xx_HAL_Driver/Src/stm32c0xx_hal.o
 .debug_frame   0x00000000000015ec      0x2fc ./Drivers/STM32C0xx_HAL_Driver/Src/stm32c0xx_hal_cortex.o
 .debug_frame   0x00000000000018e8      0x150 ./Drivers/STM32C0xx_HAL_Driver/Src/stm32c0xx_hal_gpio.o
 .debug_frame   0x0000000000001a38      0x214 ./Drivers/STM32C0xx_HAL_Driver/Src/stm32c0xx_hal_rcc.o
 .debug_frame   0x0000000000001c4c      0xf40 ./Drivers/STM32C0xx_HAL_Driver/Src/stm32c0xx_hal_tim.o
 .debug_frame   0x0000000000002b8c      0x620 ./Drivers/STM32C0xx_HAL_Driver/Src/stm32c0xx_hal_tim_ex.o
 .debug_frame   0x00000000000031ac       0x40 C:/ST/STM32CubeIDE_1.13.2/STM32CubeIDE/plugins/com.st.stm32cube.ide.mcu.externaltools.gnu-tools-for-stm32.11.3.rel1.win32_1.1.1.202309131626/tools/bin/../lib/gcc/arm-none-eabi/11.3.1/../../../../arm-none-eabi/lib/thumb/v6-m/nofp\libc_nano.a(libc_a-malloc.o)
 .debug_frame   0x00000000000031ec       0x50 C:/ST/STM32CubeIDE_1.13.2/STM32CubeIDE/plugins/com.st.stm32cube.ide.mcu.externaltools.gnu-tools-for-stm32.11.3.rel1.win32_1.1.1.202309131626/tools/bin/../lib/gcc/arm-none-eabi/11.3.1/../../../../arm-none-eabi/lib/thumb/v6-m/nofp\libc_nano.a(libc_a-mallocr.o)
 .debug_frame   0x000000000000323c       0x40 C:/ST/STM32CubeIDE_1.13.2/STM32CubeIDE/plugins/com.st.stm32cube.ide.mcu.externaltools.gnu-tools-for-stm32.11.3.rel1.win32_1.1.1.202309131626/tools/bin/../lib/gcc/arm-none-eabi/11.3.1/../../../../arm-none-eabi/lib/thumb/v6-m/nofp\libc_nano.a(libc_a-mlock.o)
 .debug_frame   0x000000000000327c      0x138 C:/ST/STM32CubeIDE_1.13.2/STM32CubeIDE/plugins/com.st.stm32cube.ide.mcu.externaltools.gnu-tools-for-stm32.11.3.rel1.win32_1.1.1.202309131626/tools/bin/../lib/gcc/arm-none-eabi/11.3.1/../../../../arm-none-eabi/lib/thumb/v6-m/nofp\libc_nano.a(libc_a-findfp.o)
 .debug_frame   0x00000000000033b4       0x20 C:/ST/STM32CubeIDE_1.13.2/STM32CubeIDE/plugins/com.st.stm32cube.ide.mcu.externaltools.gnu-tools-for-stm32.11.3.rel1.win32_1.1.1.202309131626/tools/bin/../lib/gcc/arm-none-eabi/11.3.1/../../../../arm-none-eabi/lib/thumb/v6-m/nofp\libc_nano.a(libc_a-memset.o)
 .debug_frame   0x00000000000033d4       0x2c C:/ST/STM32CubeIDE_1.13.2/STM32CubeIDE/plugins/com.st.stm32cube.ide.mcu.externaltools.gnu-tools-for-stm32.11.3.rel1.win32_1.1.1.202309131626/tools/bin/../lib/gcc/arm-none-eabi/11.3.1/../../../../arm-none-eabi/lib/thumb/v6-m/nofp\libc_nano.a(libc_a-reent.o)
 .debug_frame   0x0000000000003400       0x2c C:/ST/STM32CubeIDE_1.13.2/STM32CubeIDE/plugins/com.st.stm32cube.ide.mcu.externaltools.gnu-tools-for-stm32.11.3.rel1.win32_1.1.1.202309131626/tools/bin/../lib/gcc/arm-none-eabi/11.3.1/../../../../arm-none-eabi/lib/thumb/v6-m/nofp\libc_nano.a(libc_a-sbrkr.o)
 .debug_frame   0x000000000000342c       0x20 C:/ST/STM32CubeIDE_1.13.2/STM32CubeIDE/plugins/com.st.stm32cube.ide.mcu.externaltools.gnu-tools-for-stm32.11.3.rel1.win32_1.1.1.202309131626/tools/bin/../lib/gcc/arm-none-eabi/11.3.1/../../../../arm-none-eabi/lib/thumb/v6-m/nofp\libc_nano.a(libc_a-errno.o)
 .debug_frame   0x000000000000344c       0x2c C:/ST/STM32CubeIDE_1.13.2/STM32CubeIDE/plugins/com.st.stm32cube.ide.mcu.externaltools.gnu-tools-for-stm32.11.3.rel1.win32_1.1.1.202309131626/tools/bin/../lib/gcc/arm-none-eabi/11.3.1/../../../../arm-none-eabi/lib/thumb/v6-m/nofp\libc_nano.a(libc_a-init.o)
 .debug_frame   0x0000000000003478       0xb0 C:/ST/STM32CubeIDE_1.13.2/STM32CubeIDE/plugins/com.st.stm32cube.ide.mcu.externaltools.gnu-tools-for-stm32.11.3.rel1.win32_1.1.1.202309131626/tools/bin/../lib/gcc/arm-none-eabi/11.3.1/../../../../arm-none-eabi/lib/thumb/v6-m/nofp\libc_nano.a(libc_a-lock.o)
 .debug_frame   0x0000000000003528       0x28 C:/ST/STM32CubeIDE_1.13.2/STM32CubeIDE/plugins/com.st.stm32cube.ide.mcu.externaltools.gnu-tools-for-stm32.11.3.rel1.win32_1.1.1.202309131626/tools/bin/../lib/gcc/arm-none-eabi/11.3.1/../../../../arm-none-eabi/lib/thumb/v6-m/nofp\libc_nano.a(libc_a-memcpy-stub.o)
 .debug_frame   0x0000000000003550       0x20 C:/ST/STM32CubeIDE_1.13.2/STM32CubeIDE/plugins/com.st.stm32cube.ide.mcu.externaltools.gnu-tools-for-stm32.11.3.rel1.win32_1.1.1.202309131626/tools/bin/../lib/gcc/arm-none-eabi/11.3.1/thumb/v6-m/nofp\libgcc.a(_udivsi3.o)

.debug_line_str
                0x0000000000000000       0x6f
 .debug_line_str
                0x0000000000000000       0x6f ./Core/Startup/startup_stm32c011f6ux.o
                                         0x87 (size before relaxing)
