Archive member included to satisfy reference by file (symbol)

C:/ST/STM32CubeIDE_1.16.0/STM32CubeIDE/plugins/com.st.stm32cube.ide.mcu.externaltools.gnu-tools-for-stm32.12.3.rel1.win32_1.0.200.202406191623/tools/bin/../lib/gcc/arm-none-eabi/12.3.1/../../../../arm-none-eabi/lib/thumb/v6-m/nofp\libc_nano.a(libc_a-exit.o)
                              C:/ST/STM32CubeIDE_1.16.0/STM32CubeIDE/plugins/com.st.stm32cube.ide.mcu.externaltools.gnu-tools-for-stm32.12.3.rel1.win32_1.0.200.202406191623/tools/bin/../lib/gcc/arm-none-eabi/12.3.1/../../../../arm-none-eabi/lib/thumb/v6-m/nofp/crt0.o (exit)
C:/ST/STM32CubeIDE_1.16.0/STM32CubeIDE/plugins/com.st.stm32cube.ide.mcu.externaltools.gnu-tools-for-stm32.12.3.rel1.win32_1.0.200.202406191623/tools/bin/../lib/gcc/arm-none-eabi/12.3.1/../../../../arm-none-eabi/lib/thumb/v6-m/nofp\libc_nano.a(libc_a-malloc.o)
                              ./Core/Src/BoardSupport/switch_selector.o (malloc)
C:/ST/STM32CubeIDE_1.16.0/STM32CubeIDE/plugins/com.st.stm32cube.ide.mcu.externaltools.gnu-tools-for-stm32.12.3.rel1.win32_1.0.200.202406191623/tools/bin/../lib/gcc/arm-none-eabi/12.3.1/../../../../arm-none-eabi/lib/thumb/v6-m/nofp\libc_nano.a(libc_a-mallocr.o)
                              C:/ST/STM32CubeIDE_1.16.0/STM32CubeIDE/plugins/com.st.stm32cube.ide.mcu.externaltools.gnu-tools-for-stm32.12.3.rel1.win32_1.0.200.202406191623/tools/bin/../lib/gcc/arm-none-eabi/12.3.1/../../../../arm-none-eabi/lib/thumb/v6-m/nofp\libc_nano.a(libc_a-malloc.o) (_malloc_r)
C:/ST/STM32CubeIDE_1.16.0/STM32CubeIDE/plugins/com.st.stm32cube.ide.mcu.externaltools.gnu-tools-for-stm32.12.3.rel1.win32_1.0.200.202406191623/tools/bin/../lib/gcc/arm-none-eabi/12.3.1/../../../../arm-none-eabi/lib/thumb/v6-m/nofp\libc_nano.a(libc_a-mlock.o)
                              C:/ST/STM32CubeIDE_1.16.0/STM32CubeIDE/plugins/com.st.stm32cube.ide.mcu.externaltools.gnu-tools-for-stm32.12.3.rel1.win32_1.0.200.202406191623/tools/bin/../lib/gcc/arm-none-eabi/12.3.1/../../../../arm-none-eabi/lib/thumb/v6-m/nofp\libc_nano.a(libc_a-mallocr.o) (__malloc_lock)
C:/ST/STM32CubeIDE_1.16.0/STM32CubeIDE/plugins/com.st.stm32cube.ide.mcu.externaltools.gnu-tools-for-stm32.12.3.rel1.win32_1.0.200.202406191623/tools/bin/../lib/gcc/arm-none-eabi/12.3.1/../../../../arm-none-eabi/lib/thumb/v6-m/nofp\libc_nano.a(libc_a-findfp.o)
                              C:/ST/STM32CubeIDE_1.16.0/STM32CubeIDE/plugins/com.st.stm32cube.ide.mcu.externaltools.gnu-tools-for-stm32.12.3.rel1.win32_1.0.200.202406191623/tools/bin/../lib/gcc/arm-none-eabi/12.3.1/../../../../arm-none-eabi/lib/thumb/v6-m/nofp\libc_nano.a(libc_a-exit.o) (__stdio_exit_handler)
C:/ST/STM32CubeIDE_1.16.0/STM32CubeIDE/plugins/com.st.stm32cube.ide.mcu.externaltools.gnu-tools-for-stm32.12.3.rel1.win32_1.0.200.202406191623/tools/bin/../lib/gcc/arm-none-eabi/12.3.1/../../../../arm-none-eabi/lib/thumb/v6-m/nofp\libc_nano.a(libc_a-fwalk.o)
                              C:/ST/STM32CubeIDE_1.16.0/STM32CubeIDE/plugins/com.st.stm32cube.ide.mcu.externaltools.gnu-tools-for-stm32.12.3.rel1.win32_1.0.200.202406191623/tools/bin/../lib/gcc/arm-none-eabi/12.3.1/../../../../arm-none-eabi/lib/thumb/v6-m/nofp\libc_nano.a(libc_a-findfp.o) (_fwalk_sglue)
C:/ST/STM32CubeIDE_1.16.0/STM32CubeIDE/plugins/com.st.stm32cube.ide.mcu.externaltools.gnu-tools-for-stm32.12.3.rel1.win32_1.0.200.202406191623/tools/bin/../lib/gcc/arm-none-eabi/12.3.1/../../../../arm-none-eabi/lib/thumb/v6-m/nofp\libc_nano.a(libc_a-stdio.o)
                              C:/ST/STM32CubeIDE_1.16.0/STM32CubeIDE/plugins/com.st.stm32cube.ide.mcu.externaltools.gnu-tools-for-stm32.12.3.rel1.win32_1.0.200.202406191623/tools/bin/../lib/gcc/arm-none-eabi/12.3.1/../../../../arm-none-eabi/lib/thumb/v6-m/nofp\libc_nano.a(libc_a-findfp.o) (__sread)
C:/ST/STM32CubeIDE_1.16.0/STM32CubeIDE/plugins/com.st.stm32cube.ide.mcu.externaltools.gnu-tools-for-stm32.12.3.rel1.win32_1.0.200.202406191623/tools/bin/../lib/gcc/arm-none-eabi/12.3.1/../../../../arm-none-eabi/lib/thumb/v6-m/nofp\libc_nano.a(libc_a-memset.o)
                              C:/ST/STM32CubeIDE_1.16.0/STM32CubeIDE/plugins/com.st.stm32cube.ide.mcu.externaltools.gnu-tools-for-stm32.12.3.rel1.win32_1.0.200.202406191623/tools/bin/../lib/gcc/arm-none-eabi/12.3.1/../../../../arm-none-eabi/lib/thumb/v6-m/nofp/crt0.o (memset)
C:/ST/STM32CubeIDE_1.16.0/STM32CubeIDE/plugins/com.st.stm32cube.ide.mcu.externaltools.gnu-tools-for-stm32.12.3.rel1.win32_1.0.200.202406191623/tools/bin/../lib/gcc/arm-none-eabi/12.3.1/../../../../arm-none-eabi/lib/thumb/v6-m/nofp\libc_nano.a(libc_a-closer.o)
                              C:/ST/STM32CubeIDE_1.16.0/STM32CubeIDE/plugins/com.st.stm32cube.ide.mcu.externaltools.gnu-tools-for-stm32.12.3.rel1.win32_1.0.200.202406191623/tools/bin/../lib/gcc/arm-none-eabi/12.3.1/../../../../arm-none-eabi/lib/thumb/v6-m/nofp\libc_nano.a(libc_a-stdio.o) (_close_r)
[...]
Memory Configuration

Name             Origin             Length             Attributes
RAM              0x20000000         0x00001800         xrw
FLASH            0x08000000         0x00004000         xr
*default*        0x00000000         0xffffffff

Linker script and memory map

LOAD C:/ST/STM32CubeIDE_1.16.0/STM32CubeIDE/plugins/com.st.stm32cube.ide.mcu.externaltools.gnu-tools-for-stm32.12.3.rel1.win32_1.0.200.202406191623/tools/bin/../lib/gcc/arm-none-eabi/12.3.1/thumb/v6-m/nofp/crti.o
LOAD C:/ST/STM32CubeIDE_1.16.0/STM32CubeIDE/plugins/com.st.stm32cube.ide.mcu.externaltools.gnu-tools-for-stm32.12.3.rel1.win32_1.0.200.202406191623/tools/bin/../lib/gcc/arm-none-eabi/12.3.1/thumb/v6-m/nofp/crtbegin.o
LOAD C:/ST/STM32CubeIDE_1.16.0/STM32CubeIDE/plugins/com.st.stm32cube.ide.mcu.externaltools.gnu-tools-for-stm32.12.3.rel1.win32_1.0.200.202406191623/tools/bin/../lib/gcc/arm-none-eabi/12.3.1/../../../../arm-none-eabi/lib/thumb/v6-m/nofp/crt0.o
LOAD ./Core/Src/Application/motion_light_driver.o
LOAD ./Core/Src/Application/nutone_app.o
LOAD ./Core/Src/BoardSupport/button.o
LOAD ./Core/Src/BoardSupport/led_indicator.o
LOAD ./Core/Src/BoardSupport/lights.o
LOAD ./Core/Src/BoardSupport/pyd15X8.o
LOAD ./Core/Src/BoardSupport/relay_l114fl_drv8210.o
LOAD ./Core/Src/BoardSupport/switch_selector.o
LOAD ./Core/Src/Middleware/NuTone.o
LOAD ./Core/Src/Middleware/deadline_timer.o
LOAD ./Core/Src/Middleware/output_ctrl.o
LOAD ./Core/Src/app.o
LOAD ./Core/Src/gpio.o
LOAD ./Core/Src/main.o
LOAD ./Core/Src/stm32c0xx_hal_msp.o
LOAD ./Core/Src/stm32c0xx_it.o
LOAD ./Core/Src/syscalls.o
LOAD ./Core/Src/sysmem.o
LOAD ./Core/Src/system_stm32c0xx.o
LOAD ./Core/Src/tim.o
LOAD ./Core/Startup/startup_stm32c011f6ux.o
LOAD ./Drivers/STM32C0xx_HAL_Driver/Src/stm32c0xx_hal.o
LOAD ./Drivers/STM32C0xx_HAL_Driver/Src/stm32c0xx_hal_cortex.o
LOAD ./Drivers/STM32C0xx_HAL_Driver/Src/stm32c0xx_hal_dma.o
LOAD ./Drivers/STM32C0xx_HAL_Driver/Src/stm32c0xx_hal_dma_ex.o
LOAD ./Drivers/STM32C0xx_HAL_Driver/Src/stm32c0xx_hal_exti.o
LOAD ./Drivers/STM32C0xx_HAL_Driver/Src/stm32c0xx_hal_flash.o
LOAD ./Drivers/STM32C0xx_HAL_Driver/Src/stm32c0xx_hal_flash_ex.o
LOAD ./Drivers/STM32C0xx_HAL_Driver/Src/stm32c0xx_hal_gpio.o
LOAD ./Drivers/STM32C0xx_HAL_Driver/Src/stm32c0xx_hal_pwr.o
LOAD ./Drivers/STM32C0xx_HAL_Driver/Src/stm32c0xx_hal_pwr_ex.o
LOAD ./Drivers/STM32C0xx_HAL_Driver/Src/stm32c0xx_hal_rcc.o
LOAD ./Drivers/STM32C0xx_HAL_Driver/Src/stm32c0xx_hal_rcc_ex.o
LOAD ./Drivers/STM32C0xx_HAL_Driver/Src/stm32c0xx_hal_tim.o
LOAD ./Drivers/STM32C0xx_HAL_Driver/Src/stm32c0xx_hal_tim_ex.o
START GROUP
LOAD C:/ST/STM32CubeIDE_1.16.0/STM32CubeIDE/plugins/com.st.stm32cube.ide.mcu.externaltools.gnu-tools-for-stm32.12.3.rel1.win32_1.0.200.202406191623/tools/bin/../lib/gcc/arm-none-eabi/12.3.1/../../../../arm-none-eabi/lib/thumb/v6-m/nofp\libc_nano.a
LOAD C:/ST/STM32CubeIDE_1.16.0/STM32CubeIDE/plugins/com.st.stm32cube.ide.mcu.externaltools.gnu-tools-for-stm32.12.3.rel1.win32_1.0.200.202406191623/tools/bin/../lib/gcc/arm-none-eabi/12.3.1/../../../../arm-none-eabi/lib/thumb/v6-m/nofp\libm.a
END GROUP
START GROUP
LOAD C:/ST/STM32CubeIDE_1.16.0/STM32CubeIDE/plugins/com.st.stm32cube.ide.mcu.externaltools.gnu-tools-for-stm32.12.3.rel1.win32_1.0.200.202406191623/tools/bin/../lib/gcc/arm-none-eabi/12.3.1/thumb/v6-m/nofp\libgcc.a
LOAD C:/ST/STM32CubeIDE_1.16.0/STM32CubeIDE/plugins/com.st.stm32cube.ide.mcu.externaltools.gnu-tools-for-stm32.12.3.rel1.win32_1.0.200.202406191623/tools/bin/../lib/gcc/arm-none-eabi/12.3.1/../../../../arm-none-eabi/lib/thumb/v6-m/nofp\libc_nano.a
END GROUP
START GROUP
LOAD C:/ST/STM32CubeIDE_1.16.0/STM32CubeIDE/plugins/com.st.stm32cube.ide.mcu.externaltools.gnu-tools-for-stm32.12.3.rel1.win32_1.0.200.202406191623/tools/bin/../lib/gcc/arm-none-eabi/12.3.1/thumb/v6-m/nofp\libgcc.a
LOAD C:/ST/STM32CubeIDE_1.16.0/STM32CubeIDE/plugins/com.st.stm32cube.ide.mcu.externaltools.gnu-tools-for-stm32.12.3.rel1.win32_1.0.200.202406191623/tools/bin/../lib/gcc/arm-none-eabi/12.3.1/../../../../arm-none-eabi/lib/thumb/v6-m/nofp\libc_nano.a
LOAD C:/ST/STM32CubeIDE_1.16.0/STM32CubeIDE/plugins/com.st.stm32cube.ide.mcu.externaltools.gnu-tools-for-stm32.12.3.rel1.win32_1.0.200.202406191623/tools/bin/../lib/gcc/arm-none-eabi/12.3.1/../../../../arm-none-eabi/lib/thumb/v6-m/nofp\libnosys.a
END GROUP
START GROUP
LOAD C:/ST/STM32CubeIDE_1.16.0/STM32CubeIDE/plugins/com.st.stm32cube.ide.mcu.externaltools.gnu-tools-for-stm32.12.3.rel1.win32_1.0.200.202406191623/tools/bin/../lib/gcc/arm-none-eabi/12.3.1/thumb/v6-m/nofp\libgcc.a
LOAD C:/ST/STM32CubeIDE_1.16.0/STM32CubeIDE/plugins/com.st.stm32cube.ide.mcu.externaltools.gnu-tools-for-stm32.12.3.rel1.win32_1.0.200.202406191623/tools/bin/../lib/gcc/arm-none-eabi/12.3.1/../../../../arm-none-eabi/lib/thumb/v6-m/nofp\libc_nano.a
LOAD C:/ST/STM32CubeIDE_1.16.0/STM32CubeIDE/plugins/com.st.stm32cube.ide.mcu.externaltools.gnu-tools-for-stm32.12.3.rel1.win32_1.0.200.202406191623/tools/bin/../lib/gcc/arm-none-eabi/12.3.1/../../../../arm-none-eabi/lib/thumb/v6-m/nofp\libnosys.a
END GROUP
LOAD C:/ST/STM32CubeIDE_1.16.0/STM32CubeIDE/plugins/com.st.stm32cube.ide.mcu.externaltools.gnu-tools-for-stm32.12.3.rel1.win32_1.0.200.202406191623/tools/bin/../lib/gcc/arm-none-eabi/12.3.1/thumb/v6-m/nofp/crtend.o
LOAD C:/ST/STM32CubeIDE_1.16.0/STM32CubeIDE/plugins/com.st.stm32cube.ide.mcu.externaltools.gnu-tools-for-stm32.12.3.rel1.win32_1.0.200.202406191623/tools/bin/../lib/gcc/arm-none-eabi/12.3.1/thumb/v6-m/nofp/crtn.o
                0x20001800                        _estack = (ORIGIN (RAM) + LENGTH (RAM))
                0x00000200                        _Min_Heap_Size = 0x200
                0x00000400                        _Min_Stack_Size = 0x400

.isr_vector     0x08000000       0xc0
                0x08000000                        . = ALIGN (0x4)
 *(.isr_vector)
 .isr_vector    0x08000000       0xc0 ./Core/Startup/startup_stm32c011f6ux.o
                0x08000000                g_pfnVectors
                0x080000c0                        . = ALIGN (0x4)

.text           0x080000c0     0x3bdc
                0x080000c0                        . = ALIGN (0x4)
 *(.text)
 .text          0x080000c0       0x48 C:/ST/STM32CubeIDE_1.16.0/STM32CubeIDE/plugins/com.st.stm32cube.ide.mcu.externaltools.gnu-tools-for-stm32.12.3.rel1.win32_1.0.200.202406191623/tools/bin/../lib/gcc/arm-none-eabi/12.3.1/thumb/v6-m/nofp/crtbegin.o
 .text          0x08000108      0x114 C:/ST/STM32CubeIDE_1.16.0/STM32CubeIDE/plugins/com.st.stm32cube.ide.mcu.externaltools.gnu-tools-for-stm32.12.3.rel1.win32_1.0.200.202406191623/tools/bin/../lib/gcc/arm-none-eabi/12.3.1/thumb/v6-m/nofp\libgcc.a(_udivsi3.o)
                0x08000108                __aeabi_uidiv
                0x08000108                __udivsi3
                0x08000214                __aeabi_uidivmod
 .text          0x0800021c        0x4 C:/ST/STM32CubeIDE_1.16.0/STM32CubeIDE/plugins/com.st.stm32cube.ide.mcu.externaltools.gnu-tools-for-stm32.12.3.rel1.win32_1.0.200.202406191623/tools/bin/../lib/gcc/arm-none-eabi/12.3.1/thumb/v6-m/nofp\libgcc.a(_dvmd_tls.o)
                0x0800021c                __aeabi_idiv0
                0x0800021c                __aeabi_ldiv0
 *(.text*)
 .text.nutone_app_config
                0x08000220       0x54 ./Core/Src/Application/nutone_app.o
                0x08000220                nutone_app_config
 .text.nutone_fan_fsm
                0x08000274       0x34 ./Core/Src/Application/nutone_app.o
                0x08000274                nutone_fan_fsm
 .text.nutone_white_fsm
                0x080002a8      0x144 ./Core/Src/Application/nutone_app.o
                0x080002a8                nutone_white_fsm
 .text.nutone_vyv_fsm
                0x080003ec      0x26c ./Core/Src/Application/nutone_app.o
                0x080003ec                nutone_vyv_fsm
 .text.nutone_app_fsm
                0x08000658       0x1e ./Core/Src/Application/nutone_app.o
                0x08000658                nutone_app_fsm
 .text.nutone_app_check_button_event
                0x08000676       0x30 ./Core/Src/Application/nutone_app.o
                0x08000676                nutone_app_check_button_event
 .text.nutone_app_check_events
                0x080006a6       0xc6 ./Core/Src/Application/nutone_app.o
                0x080006a6                nutone_app_check_events
 .text.nutone_app_set_outputs
                0x0800076c       0x28 ./Core/Src/Application/nutone_app.o
                0x0800076c                nutone_app_set_outputs
 .text.nutone_app_process
                0x08000794       0x18 ./Core/Src/Application/nutone_app.o
                0x08000794                nutone_app_process
 .text.button_setup
                0x080007ac       0x2e ./Core/Src/BoardSupport/button.o
                0x080007ac                button_setup
 .text.button_positive_edge_detected
                0x080007da       0x20 ./Core/Src/BoardSupport/button.o
                0x080007da                button_positive_edge_detected
 .text.button_negative_edge_detected
                0x080007fa       0x1e ./Core/Src/BoardSupport/button.o
                0x080007fa                button_negative_edge_detected
 .text.button_get_status
                0x08000818       0x38 ./Core/Src/BoardSupport/button.o
                0x08000818                button_get_status
 .text.button_debounce_fsm
                0x08000850       0x5c ./Core/Src/BoardSupport/button.o
                0x08000850                button_debounce_fsm
 .text.button_check_isr_request
                0x080008ac       0x20 ./Core/Src/BoardSupport/button.o
                0x080008ac                button_check_isr_request
 .text.led_signal_setup
                0x080008cc       0x1a ./Core/Src/BoardSupport/led_indicator.o
                0x080008cc                led_signal_setup
 .text.led_signal_type_selector
                0x080008e6        0x6 ./Core/Src/BoardSupport/led_indicator.o
                0x080008e6                led_signal_type_selector
 .text.led_signal_start
                0x080008ec        0x8 ./Core/Src/BoardSupport/led_indicator.o
                0x080008ec                led_signal_start
 .text.led_signal_stop
                0x080008f4        0x8 ./Core/Src/BoardSupport/led_indicator.o
                0x080008f4                led_signal_stop
 .text.led_signal_turn_on
                0x080008fc       0x1a ./Core/Src/BoardSupport/led_indicator.o
                0x080008fc                led_signal_turn_on
 .text.led_signal_turn_off
                0x08000916       0x1a ./Core/Src/BoardSupport/led_indicator.o
                0x08000916                led_signal_turn_off
 .text.led_signal_solid_fsm
                0x08000930       0x58 ./Core/Src/BoardSupport/led_indicator.o
                0x08000930                led_signal_solid_fsm
 .text.led_signal_toggle
                0x08000988       0x18 ./Core/Src/BoardSupport/led_indicator.o
                0x08000988                led_signal_toggle
 .text.led_signal_togle_fsm
                0x080009a0       0x62 ./Core/Src/BoardSupport/led_indicator.o
                0x080009a0                led_signal_togle_fsm
 .text.led_signal_fsm
                0x08000a02       0x32 ./Core/Src/BoardSupport/led_indicator.o
                0x08000a02                led_signal_fsm
 .text.pyd1598_direct_link_setup
                0x08000a34       0x44 ./Core/Src/BoardSupport/pyd15X8.o
                0x08000a34                pyd1598_direct_link_setup
 .text.pyd1598_request_write
                0x08000a78        0x6 ./Core/Src/BoardSupport/pyd15X8.o
                0x08000a78                pyd1598_request_write
 .text.pyd1598_check_isr_request
                0x08000a7e       0x1a ./Core/Src/BoardSupport/pyd15X8.o
                0x08000a7e                pyd1598_check_isr_request
 .text.pyd1598_read_wakeup_signal
                0x08000a98       0x1c ./Core/Src/BoardSupport/pyd15X8.o
                0x08000a98                pyd1598_read_wakeup_signal
 .text.pyd1598_serin_add_to_datagram
                0x08000ab4       0x10 ./Core/Src/BoardSupport/pyd15X8.o
                0x08000ab4                pyd1598_serin_add_to_datagram
 .text.pyd1598_serin_add_threshold
                0x08000ac4       0x14 ./Core/Src/BoardSupport/pyd15X8.o
                0x08000ac4                pyd1598_serin_add_threshold
 .text.pyd1598_serin_add_blind_time
                0x08000ad8       0x18 ./Core/Src/BoardSupport/pyd15X8.o
                0x08000ad8                pyd1598_serin_add_blind_time
 .text.pyd1598_serin_add_pulse_counter
                0x08000af0       0x18 ./Core/Src/BoardSupport/pyd15X8.o
                0x08000af0                pyd1598_serin_add_pulse_counter
 .text.pyd1598_serin_add_window_time
                0x08000b08       0x18 ./Core/Src/BoardSupport/pyd15X8.o
                0x08000b08                pyd1598_serin_add_window_time
 .text.pyd1598_serin_add_operation_mode
                0x08000b20       0x14 ./Core/Src/BoardSupport/pyd15X8.o
                0x08000b20                pyd1598_serin_add_operation_mode
 .text.pyd1598_serin_add_signal_source
                0x08000b34       0x18 ./Core/Src/BoardSupport/pyd15X8.o
                0x08000b34                pyd1598_serin_add_signal_source
 .text.pyd1598_serin_add_hpf_cutoff
                0x08000b4c       0x18 ./Core/Src/BoardSupport/pyd15X8.o
                0x08000b4c                pyd1598_serin_add_hpf_cutoff
 .text.pyd1598_serin_add_count_mode
                0x08000b64       0x18 ./Core/Src/BoardSupport/pyd15X8.o
                0x08000b64                pyd1598_serin_add_count_mode
 .text.pyd1598_serin_add_all_conf
                0x08000b7c       0x60 ./Core/Src/BoardSupport/pyd15X8.o
                0x08000b7c                pyd1598_serin_add_all_conf
 .text.pyd1598_serin_setup
                0x08000bdc       0x42 ./Core/Src/BoardSupport/pyd15X8.o
                0x08000bdc                pyd1598_serin_setup
 .text.pyd1598_setup
                0x08000c1e       0x50 ./Core/Src/BoardSupport/pyd15X8.o
                0x08000c1e                pyd1598_setup
 .text.pyd1598_serin_set_zero_pulse
                0x08000c6e       0x2e ./Core/Src/BoardSupport/pyd15X8.o
                0x08000c6e                pyd1598_serin_set_zero_pulse
 .text.pyd1598_serin_set_one_pulse
                0x08000c9c       0x24 ./Core/Src/BoardSupport/pyd15X8.o
                0x08000c9c                pyd1598_serin_set_one_pulse
 .text.pyd1598_direct_link_set_as_output
                0x08000cc0       0x18 ./Core/Src/BoardSupport/pyd15X8.o
                0x08000cc0                pyd1598_direct_link_set_as_output
 .text.pyd1598_direct_link_set_as_input
                0x08000cd8       0x18 ./Core/Src/BoardSupport/pyd15X8.o
                0x08000cd8                pyd1598_direct_link_set_as_input
 .text.pyd1598_direct_link_set_as_interrupt_input
                0x08000cf0       0x18 ./Core/Src/BoardSupport/pyd15X8.o
                0x08000cf0                pyd1598_direct_link_set_as_interrupt_input
 .text.pyd1598_direct_link_set_one_pulse
                0x08000d08       0x24 ./Core/Src/BoardSupport/pyd15X8.o
                0x08000d08                pyd1598_direct_link_set_one_pulse
 .text.pyd1598_direct_link_set_negative_edge
                0x08000d2c       0x16 ./Core/Src/BoardSupport/pyd15X8.o
                0x08000d2c                pyd1598_direct_link_set_negative_edge
 *fill*         0x08000d42        0x2 
 .text.pyd1598_serin_send_datagram_fsm
                0x08000d44       0xf0 ./Core/Src/BoardSupport/pyd15X8.o
                0x08000d44                pyd1598_serin_send_datagram_fsm
 .text.pyd1598_direct_link_read_pin
                0x08000e34       0x70 ./Core/Src/BoardSupport/pyd15X8.o
                0x08000e34                pyd1598_direct_link_read_pin
 .text.pyd1598_dl_readout_fsm
                0x08000ea4      0x1b8 ./Core/Src/BoardSupport/pyd15X8.o
                0x08000ea4                pyd1598_dl_readout_fsm
 .text.relay_ask_off_pulse_fsm
                0x0800105c       0x22 ./Core/Src/BoardSupport/relay_l114fl_drv8210.o
                0x0800105c                relay_ask_off_pulse_fsm
 .text.relay_ask_on_pulse_fsm
                0x0800107e       0x22 ./Core/Src/BoardSupport/relay_l114fl_drv8210.o
                0x0800107e                relay_ask_on_pulse_fsm
 .text.relay_check_init_fsm
                0x080010a0       0x1a ./Core/Src/BoardSupport/relay_l114fl_drv8210.o
                0x080010a0                relay_check_init_fsm
 .text.relay_acknowledge_init_fsm
                0x080010ba        0xa ./Core/Src/BoardSupport/relay_l114fl_drv8210.o
                0x080010ba                relay_acknowledge_init_fsm
 .text.relay_on
                0x080010c4       0x22 ./Core/Src/BoardSupport/relay_l114fl_drv8210.o
                0x080010c4                relay_on
 .text.relay_off
                0x080010e6       0x22 ./Core/Src/BoardSupport/relay_l114fl_drv8210.o
                0x080010e6                relay_off
 .text.relay_deenergize
                0x08001108       0x20 ./Core/Src/BoardSupport/relay_l114fl_drv8210.o
                0x08001108                relay_deenergize
 .text.relay_setup
                0x08001128       0x3e ./Core/Src/BoardSupport/relay_l114fl_drv8210.o
                0x08001128                relay_setup
 .text.relay_pulse_fsm
                0x08001166       0xc2 ./Core/Src/BoardSupport/relay_l114fl_drv8210.o
                0x08001166                relay_pulse_fsm
 .text.relay_on_pulse_fsm
                0x08001228       0x2c ./Core/Src/BoardSupport/relay_l114fl_drv8210.o
                0x08001228                relay_on_pulse_fsm
 .text.relay_off_pulse_fsm
                0x08001254       0x2c ./Core/Src/BoardSupport/relay_l114fl_drv8210.o
                0x08001254                relay_off_pulse_fsm
 .text.switch_selector_read_bit
                0x08001280       0x5a ./Core/Src/BoardSupport/switch_selector.o
                0x08001280                switch_selector_read_bit
 .text.switch_selector_setup
                0x080012da       0x5e ./Core/Src/BoardSupport/switch_selector.o
                0x080012da                switch_selector_setup
 .text.nutone_setup
                0x08001338       0x60 ./Core/Src/Middleware/NuTone.o
                0x08001338                nutone_setup
 .text.nutone_set_command
                0x08001398        0x6 ./Core/Src/Middleware/NuTone.o
                0x08001398                nutone_set_command
 *fill*         0x0800139e        0x2 
 .text.nutone_select_state
                0x080013a0       0x70 ./Core/Src/Middleware/NuTone.o
                0x080013a0                nutone_select_state
 .text.nutone_fsm
                0x08001410      0x2c8 ./Core/Src/Middleware/NuTone.o
                0x08001410                nutone_fsm
 .text.deadline_timer_force_expiration
                0x080016d8        0xa ./Core/Src/Middleware/deadline_timer.o
                0x080016d8                deadline_timer_force_expiration
 .text.deadline_timer_set_initial_time
                0x080016e2       0x10 ./Core/Src/Middleware/deadline_timer.o
                0x080016e2                deadline_timer_set_initial_time
 .text.timer_clock_clear
                0x080016f2       0x12 ./Core/Src/Middleware/deadline_timer.o
                0x080016f2                timer_clock_clear
 .text.timer_clock_set_time
                0x08001704       0x14 ./Core/Src/Middleware/deadline_timer.o
                0x08001704                timer_clock_set_time
 .text.deadline_timer_setup
                0x08001718       0x48 ./Core/Src/Middleware/deadline_timer.o
                0x08001718                deadline_timer_setup
 .text.deadline_timer_increment
                0x08001760       0x2c ./Core/Src/Middleware/deadline_timer.o
                0x08001760                deadline_timer_increment
 .text.deadline_timer_count
                0x0800178c        0xa ./Core/Src/Middleware/deadline_timer.o
                0x0800178c                deadline_timer_count
 .text.deadline_timer_compare_check
                0x08001796       0x2e ./Core/Src/Middleware/deadline_timer.o
                0x08001796                deadline_timer_compare_check
 .text.deadline_timer_check
                0x080017c4       0x34 ./Core/Src/Middleware/deadline_timer.o
                0x080017c4                deadline_timer_check
 .text.output_fsm_ctrl
                0x080017f8       0xcc ./Core/Src/Middleware/output_ctrl.o
                0x080017f8                output_fsm_ctrl
 .text.output_led_indicator
                0x080018c4       0x2c ./Core/Src/Middleware/output_ctrl.o
                0x080018c4                output_led_indicator
 .text.HAL_DIRECT_LINK_conf_as_input
                0x080018f0       0x34 ./Core/Src/gpio.o
                0x080018f0                HAL_DIRECT_LINK_conf_as_input
 .text.HAL_DIRECT_LINK_conf_as_interrupt_input
                0x08001924       0x48 ./Core/Src/gpio.o
                0x08001924                HAL_DIRECT_LINK_conf_as_interrupt_input
 .text.HAL_DIRECT_LINK_conf_as_output
                0x0800196c       0x4c ./Core/Src/gpio.o
                0x0800196c                HAL_DIRECT_LINK_conf_as_output
 .text.MX_GPIO_Init
                0x080019b8      0x170 ./Core/Src/gpio.o
                0x080019b8                MX_GPIO_Init
 .text.HAL_TIM_PeriodElapsedCallback
                0x08001b28       0xd0 ./Core/Src/main.o
                0x08001b28                HAL_TIM_PeriodElapsedCallback
 .text.HAL_GPIO_EXTI_Rising_Callback
                0x08001bf8       0x94 ./Core/Src/main.o
                0x08001bf8                HAL_GPIO_EXTI_Rising_Callback
 .text.HAL_GPIO_EXTI_Falling_Callback
                0x08001c8c       0x70 ./Core/Src/main.o
                0x08001c8c                HAL_GPIO_EXTI_Falling_Callback
 .text.Error_Handler
                0x08001cfc        0x4 ./Core/Src/main.o
                0x08001cfc                Error_Handler
 .text.SystemClock_Config
                0x08001d00       0x54 ./Core/Src/main.o
                0x08001d00                SystemClock_Config
 .text.main     0x08001d54      0x5a4 ./Core/Src/main.o
                0x08001d54                main
 .text.HAL_MspInit
                0x080022f8       0x3c ./Core/Src/stm32c0xx_hal_msp.o
                0x080022f8                HAL_MspInit
 .text.NMI_Handler
                0x08002334        0x2 ./Core/Src/stm32c0xx_it.o
                0x08002334                NMI_Handler
 .text.HardFault_Handler
                0x08002336        0x2 ./Core/Src/stm32c0xx_it.o
                0x08002336                HardFault_Handler
 .text.SVC_Handler
                0x08002338        0x2 ./Core/Src/stm32c0xx_it.o
                0x08002338                SVC_Handler
 .text.PendSV_Handler
                0x0800233a        0x2 ./Core/Src/stm32c0xx_it.o
                0x0800233a                PendSV_Handler
 .text.SysTick_Handler
                0x0800233c        0x8 ./Core/Src/stm32c0xx_it.o
                0x0800233c                SysTick_Handler
 .text.EXTI2_3_IRQHandler
                0x08002344       0x10 ./Core/Src/stm32c0xx_it.o
                0x08002344                EXTI2_3_IRQHandler
 .text.EXTI4_15_IRQHandler
                0x08002354       0x12 ./Core/Src/stm32c0xx_it.o
                0x08002354                EXTI4_15_IRQHandler
 *fill*         0x08002366        0x2 
 .text.TIM1_BRK_UP_TRG_COM_IRQHandler
                0x08002368       0x10 ./Core/Src/stm32c0xx_it.o
                0x08002368                TIM1_BRK_UP_TRG_COM_IRQHandler
 .text.TIM1_CC_IRQHandler
                0x08002378       0x10 ./Core/Src/stm32c0xx_it.o
                0x08002378                TIM1_CC_IRQHandler
 .text.TIM14_IRQHandler
                0x08002388       0x10 ./Core/Src/stm32c0xx_it.o
                0x08002388                TIM14_IRQHandler
 .text.TIM16_IRQHandler
                0x08002398       0x10 ./Core/Src/stm32c0xx_it.o
                0x08002398                TIM16_IRQHandler
 .text.TIM17_IRQHandler
                0x080023a8       0x10 ./Core/Src/stm32c0xx_it.o
                0x080023a8                TIM17_IRQHandler
 .text._sbrk    0x080023b8       0x48 ./Core/Src/sysmem.o
                0x080023b8                _sbrk
 .text.SystemInit
                0x08002400       0x10 ./Core/Src/system_stm32c0xx.o
                0x08002400                SystemInit
 .text.MX_TIM1_Init
                0x08002410       0x80 ./Core/Src/tim.o
                0x08002410                MX_TIM1_Init
 .text.MX_TIM3_Init
                0x08002490       0xcc ./Core/Src/tim.o
                0x08002490                MX_TIM3_Init
 .text.MX_TIM14_Init
                0x0800255c       0x30 ./Core/Src/tim.o
                0x0800255c                MX_TIM14_Init
 .text.MX_TIM16_Init
                0x0800258c       0x34 ./Core/Src/tim.o
                0x0800258c                MX_TIM16_Init
 .text.MX_TIM17_Init
                0x080025c0       0x34 ./Core/Src/tim.o
                0x080025c0                MX_TIM17_Init
 .text.HAL_TIM_Base_MspInit
                0x080025f4       0xfc ./Core/Src/tim.o
                0x080025f4                HAL_TIM_Base_MspInit
 .text.Reset_Handler
                0x080026f0       0x50 ./Core/Startup/startup_stm32c011f6ux.o
                0x080026f0                Reset_Handler
 .text.Default_Handler
                0x08002740        0x2 ./Core/Startup/startup_stm32c011f6ux.o
                0x08002740                I2C1_IRQHandler
                0x08002740                DMAMUX1_IRQHandler
                0x08002740                SPI1_IRQHandler
                0x08002740                ADC1_IRQHandler
                0x08002740                RTC_IRQHandler
                0x08002740                TIM3_IRQHandler
                0x08002740                RCC_IRQHandler
                0x08002740                DMA1_Channel1_IRQHandler
                0x08002740                Default_Handler
                0x08002740                EXTI0_1_IRQHandler
                0x08002740                WWDG_IRQHandler
                0x08002740                DMA1_Channel2_3_IRQHandler
                0x08002740                USART2_IRQHandler
                0x08002740                FLASH_IRQHandler
                0x08002740                USART1_IRQHandler
 *fill*         0x08002742        0x2 
 .text.HAL_InitTick
                0x08002744       0x58 ./Drivers/STM32C0xx_HAL_Driver/Src/stm32c0xx_hal.o
                0x08002744                HAL_InitTick
 .text.HAL_Init
                0x0800279c       0x18 ./Drivers/STM32C0xx_HAL_Driver/Src/stm32c0xx_hal.o
                0x0800279c                HAL_Init
 .text.HAL_IncTick
                0x080027b4       0x18 ./Drivers/STM32C0xx_HAL_Driver/Src/stm32c0xx_hal.o
                0x080027b4                HAL_IncTick
 .text.HAL_GetTick
                0x080027cc        0xc ./Drivers/STM32C0xx_HAL_Driver/Src/stm32c0xx_hal.o
                0x080027cc                HAL_GetTick
 .text.HAL_Delay
                0x080027d8       0x24 ./Drivers/STM32C0xx_HAL_Driver/Src/stm32c0xx_hal.o
                0x080027d8                HAL_Delay
 .text.HAL_SYSCFG_EnableRemap
                0x080027fc       0x10 ./Drivers/STM32C0xx_HAL_Driver/Src/stm32c0xx_hal.o
                0x080027fc                HAL_SYSCFG_EnableRemap
 .text.__NVIC_SetPriority
                0x0800280c       0x60 ./Drivers/STM32C0xx_HAL_Driver/Src/stm32c0xx_hal_cortex.o
 .text.SysTick_Config
                0x0800286c       0x38 ./Drivers/STM32C0xx_HAL_Driver/Src/stm32c0xx_hal_cortex.o
 .text.HAL_NVIC_SetPriority
                0x080028a4        0x8 ./Drivers/STM32C0xx_HAL_Driver/Src/stm32c0xx_hal_cortex.o
                0x080028a4                HAL_NVIC_SetPriority
 .text.HAL_NVIC_EnableIRQ
                0x080028ac       0x18 ./Drivers/STM32C0xx_HAL_Driver/Src/stm32c0xx_hal_cortex.o
                0x080028ac                HAL_NVIC_EnableIRQ
 .text.HAL_NVIC_DisableIRQ
                0x080028c4       0x20 ./Drivers/STM32C0xx_HAL_Driver/Src/stm32c0xx_hal_cortex.o
                0x080028c4                HAL_NVIC_DisableIRQ
 .text.HAL_SYSTICK_Config
                0x080028e4        0x8 ./Drivers/STM32C0xx_HAL_Driver/Src/stm32c0xx_hal_cortex.o
                0x080028e4                HAL_SYSTICK_Config
 .text.HAL_GPIO_Init
                0x080028ec      0x1b0 ./Drivers/STM32C0xx_HAL_Driver/Src/stm32c0xx_hal_gpio.o
                0x080028ec                HAL_GPIO_Init
 .text.HAL_GPIO_DeInit
                0x08002a9c      0x100 ./Drivers/STM32C0xx_HAL_Driver/Src/stm32c0xx_hal_gpio.o
                0x08002a9c                HAL_GPIO_DeInit
 .text.HAL_GPIO_ReadPin
                0x08002b9c        0xe ./Drivers/STM32C0xx_HAL_Driver/Src/stm32c0xx_hal_gpio.o
                0x08002b9c                HAL_GPIO_ReadPin
 .text.HAL_GPIO_WritePin
                0x08002baa        0xc ./Drivers/STM32C0xx_HAL_Driver/Src/stm32c0xx_hal_gpio.o
                0x08002baa                HAL_GPIO_WritePin
 .text.HAL_GPIO_TogglePin
                0x08002bb6       0x10 ./Drivers/STM32C0xx_HAL_Driver/Src/stm32c0xx_hal_gpio.o
                0x08002bb6                HAL_GPIO_TogglePin
 *fill*         0x08002bc6        0x2 
 .text.HAL_GPIO_EXTI_IRQHandler
                0x08002bc8       0x30 ./Drivers/STM32C0xx_HAL_Driver/Src/stm32c0xx_hal_gpio.o
                0x08002bc8                HAL_GPIO_EXTI_IRQHandler
 .text.HAL_RCC_OscConfig
                0x08002bf8      0x2bc ./Drivers/STM32C0xx_HAL_Driver/Src/stm32c0xx_hal_rcc.o
                0x08002bf8                HAL_RCC_OscConfig
 .text.HAL_RCC_GetSysClockFreq
                0x08002eb4       0x70 ./Drivers/STM32C0xx_HAL_Driver/Src/stm32c0xx_hal_rcc.o
                0x08002eb4                HAL_RCC_GetSysClockFreq
 .text.HAL_RCC_ClockConfig
                0x08002f24      0x190 ./Drivers/STM32C0xx_HAL_Driver/Src/stm32c0xx_hal_rcc.o
                0x08002f24                HAL_RCC_ClockConfig
 .text.TIM_OC1_SetConfig
                0x080030b4       0x80 ./Drivers/STM32C0xx_HAL_Driver/Src/stm32c0xx_hal_tim.o
 .text.TIM_OC3_SetConfig
                0x08003134       0x84 ./Drivers/STM32C0xx_HAL_Driver/Src/stm32c0xx_hal_tim.o
 .text.TIM_OC4_SetConfig
                0x080031b8       0x68 ./Drivers/STM32C0xx_HAL_Driver/Src/stm32c0xx_hal_tim.o
 .text.TIM_OC5_SetConfig
                0x08003220       0x64 ./Drivers/STM32C0xx_HAL_Driver/Src/stm32c0xx_hal_tim.o
 .text.TIM_OC6_SetConfig
                0x08003284       0x68 ./Drivers/STM32C0xx_HAL_Driver/Src/stm32c0xx_hal_tim.o
 .text.TIM_TI1_ConfigInputStage
                0x080032ec       0x22 ./Drivers/STM32C0xx_HAL_Driver/Src/stm32c0xx_hal_tim.o
 *fill*         0x0800330e        0x2 
 .text.TIM_TI2_ConfigInputStage
                0x08003310       0x28 ./Drivers/STM32C0xx_HAL_Driver/Src/stm32c0xx_hal_tim.o
 .text.TIM_ITRx_SetConfig
                0x08003338       0x14 ./Drivers/STM32C0xx_HAL_Driver/Src/stm32c0xx_hal_tim.o
 .text.HAL_TIM_Base_Start_IT
                0x0800334c       0x68 ./Drivers/STM32C0xx_HAL_Driver/Src/stm32c0xx_hal_tim.o
                0x0800334c                HAL_TIM_Base_Start_IT
 .text.HAL_TIM_OC_MspInit
                0x080033b4        0x2 ./Drivers/STM32C0xx_HAL_Driver/Src/stm32c0xx_hal_tim.o
                0x080033b4                HAL_TIM_OC_MspInit
 .text.HAL_TIM_OnePulse_MspInit
                0x080033b6        0x2 ./Drivers/STM32C0xx_HAL_Driver/Src/stm32c0xx_hal_tim.o
                0x080033b6                HAL_TIM_OnePulse_MspInit
 .text.HAL_TIM_OC_DelayElapsedCallback
                0x080033b8        0x2 ./Drivers/STM32C0xx_HAL_Driver/Src/stm32c0xx_hal_tim.o
                0x080033b8                HAL_TIM_OC_DelayElapsedCallback
 .text.HAL_TIM_IC_CaptureCallback
                0x080033ba        0x2 ./Drivers/STM32C0xx_HAL_Driver/Src/stm32c0xx_hal_tim.o
                0x080033ba                HAL_TIM_IC_CaptureCallback
 .text.HAL_TIM_PWM_PulseFinishedCallback
                0x080033bc        0x2 ./Drivers/STM32C0xx_HAL_Driver/Src/stm32c0xx_hal_tim.o
                0x080033bc                HAL_TIM_PWM_PulseFinishedCallback
 .text.HAL_TIM_TriggerCallback
                0x080033be        0x2 ./Drivers/STM32C0xx_HAL_Driver/Src/stm32c0xx_hal_tim.o
                0x080033be                HAL_TIM_TriggerCallback
 .text.HAL_TIM_IRQHandler
                0x080033c0      0x160 ./Drivers/STM32C0xx_HAL_Driver/Src/stm32c0xx_hal_tim.o
                0x080033c0                HAL_TIM_IRQHandler
 .text.TIM_Base_SetConfig
                0x08003520       0x90 ./Drivers/STM32C0xx_HAL_Driver/Src/stm32c0xx_hal_tim.o
                0x08003520                TIM_Base_SetConfig
 .text.HAL_TIM_Base_Init
                0x080035b0       0x60 ./Drivers/STM32C0xx_HAL_Driver/Src/stm32c0xx_hal_tim.o
                0x080035b0                HAL_TIM_Base_Init
 .text.HAL_TIM_OC_Init
                0x08003610       0x60 ./Drivers/STM32C0xx_HAL_Driver/Src/stm32c0xx_hal_tim.o
                0x08003610                HAL_TIM_OC_Init
 .text.HAL_TIM_OnePulse_Init
                0x08003670       0x5e ./Drivers/STM32C0xx_HAL_Driver/Src/stm32c0xx_hal_tim.o
                0x08003670                HAL_TIM_OnePulse_Init
 *fill*         0x080036ce        0x2 
 .text.TIM_OC2_SetConfig
                0x080036d0       0x78 ./Drivers/STM32C0xx_HAL_Driver/Src/stm32c0xx_hal_tim.o
                0x080036d0                TIM_OC2_SetConfig
 .text.HAL_TIM_OC_ConfigChannel
                0x08003748       0x6c ./Drivers/STM32C0xx_HAL_Driver/Src/stm32c0xx_hal_tim.o
                0x08003748                HAL_TIM_OC_ConfigChannel
 .text.TIM_ETR_SetConfig
                0x080037b4       0x18 ./Drivers/STM32C0xx_HAL_Driver/Src/stm32c0xx_hal_tim.o
                0x080037b4                TIM_ETR_SetConfig
 .text.HAL_TIM_ConfigClockSource
                0x080037cc      0x108 ./Drivers/STM32C0xx_HAL_Driver/Src/stm32c0xx_hal_tim.o
                0x080037cc                HAL_TIM_ConfigClockSource
 .text.TIM_SlaveTimer_SetConfig
                0x080038d4       0xc4 ./Drivers/STM32C0xx_HAL_Driver/Src/stm32c0xx_hal_tim.o
 .text.HAL_TIM_SlaveConfigSynchro
                0x08003998       0x5c ./Drivers/STM32C0xx_HAL_Driver/Src/stm32c0xx_hal_tim.o
                0x08003998                HAL_TIM_SlaveConfigSynchro
 .text.HAL_TIMEx_MasterConfigSynchronization
                0x080039f4       0x70 ./Drivers/STM32C0xx_HAL_Driver/Src/stm32c0xx_hal_tim_ex.o
                0x080039f4                HAL_TIMEx_MasterConfigSynchronization
 .text.HAL_TIMEx_CommutCallback
                0x08003a64        0x2 ./Drivers/STM32C0xx_HAL_Driver/Src/stm32c0xx_hal_tim_ex.o
                0x08003a64                HAL_TIMEx_CommutCallback
 .text.HAL_TIMEx_BreakCallback
                0x08003a66        0x2 ./Drivers/STM32C0xx_HAL_Driver/Src/stm32c0xx_hal_tim_ex.o
                0x08003a66                HAL_TIMEx_BreakCallback
 .text.HAL_TIMEx_Break2Callback
                0x08003a68        0x2 ./Drivers/STM32C0xx_HAL_Driver/Src/stm32c0xx_hal_tim_ex.o
                0x08003a68                HAL_TIMEx_Break2Callback
 *fill*         0x08003a6a        0x2 
 .text.malloc   0x08003a6c       0x14 C:/ST/STM32CubeIDE_1.16.0/STM32CubeIDE/plugins/com.st.stm32cube.ide.mcu.externaltools.gnu-tools-for-stm32.12.3.rel1.win32_1.0.200.202406191623/tools/bin/../lib/gcc/arm-none-eabi/12.3.1/../../../../arm-none-eabi/lib/thumb/v6-m/nofp\libc_nano.a(libc_a-malloc.o)
                0x08003a6c                malloc
 .text.sbrk_aligned
                0x08003a80       0x44 C:/ST/STM32CubeIDE_1.16.0/STM32CubeIDE/plugins/com.st.stm32cube.ide.mcu.externaltools.gnu-tools-for-stm32.12.3.rel1.win32_1.0.200.202406191623/tools/bin/../lib/gcc/arm-none-eabi/12.3.1/../../../../arm-none-eabi/lib/thumb/v6-m/nofp\libc_nano.a(libc_a-mallocr.o)
 .text._malloc_r
                0x08003ac4      0x100 C:/ST/STM32CubeIDE_1.16.0/STM32CubeIDE/plugins/com.st.stm32cube.ide.mcu.externaltools.gnu-tools-for-stm32.12.3.rel1.win32_1.0.200.202406191623/tools/bin/../lib/gcc/arm-none-eabi/12.3.1/../../../../arm-none-eabi/lib/thumb/v6-m/nofp\libc_nano.a(libc_a-mallocr.o)
                0x08003ac4                _malloc_r
 .text.__malloc_lock
                0x08003bc4       0x10 C:/ST/STM32CubeIDE_1.16.0/STM32CubeIDE/plugins/com.st.stm32cube.ide.mcu.externaltools.gnu-tools-for-stm32.12.3.rel1.win32_1.0.200.202406191623/tools/bin/../lib/gcc/arm-none-eabi/12.3.1/../../../../arm-none-eabi/lib/thumb/v6-m/nofp\libc_nano.a(libc_a-mlock.o)
                0x08003bc4                __malloc_lock
 .text.__malloc_unlock
                0x08003bd4       0x10 C:/ST/STM32CubeIDE_1.16.0/STM32CubeIDE/plugins/com.st.stm32cube.ide.mcu.externaltools.gnu-tools-for-stm32.12.3.rel1.win32_1.0.200.202406191623/tools/bin/../lib/gcc/arm-none-eabi/12.3.1/../../../../arm-none-eabi/lib/thumb/v6-m/nofp\libc_nano.a(libc_a-mlock.o)
                0x08003bd4                __malloc_unlock
 .text.memset   0x08003be4       0x10 C:/ST/STM32CubeIDE_1.16.0/STM32CubeIDE/plugins/com.st.stm32cube.ide.mcu.externaltools.gnu-tools-for-stm32.12.3.rel1.win32_1.0.200.202406191623/tools/bin/../lib/gcc/arm-none-eabi/12.3.1/../../../../arm-none-eabi/lib/thumb/v6-m/nofp\libc_nano.a(libc_a-memset.o)
                0x08003be4                memset
 .text._sbrk_r  0x08003bf4       0x24 C:/ST/STM32CubeIDE_1.16.0/STM32CubeIDE/plugins/com.st.stm32cube.ide.mcu.externaltools.gnu-tools-for-stm32.12.3.rel1.win32_1.0.200.202406191623/tools/bin/../lib/gcc/arm-none-eabi/12.3.1/../../../../arm-none-eabi/lib/thumb/v6-m/nofp\libc_nano.a(libc_a-sbrkr.o)
                0x08003bf4                _sbrk_r
 .text.__errno  0x08003c18        0xc C:/ST/STM32CubeIDE_1.16.0/STM32CubeIDE/plugins/com.st.stm32cube.ide.mcu.externaltools.gnu-tools-for-stm32.12.3.rel1.win32_1.0.200.202406191623/tools/bin/../lib/gcc/arm-none-eabi/12.3.1/../../../../arm-none-eabi/lib/thumb/v6-m/nofp\libc_nano.a(libc_a-errno.o)
                0x08003c18                __errno
 .text.__libc_init_array
                0x08003c24       0x48 C:/ST/STM32CubeIDE_1.16.0/STM32CubeIDE/plugins/com.st.stm32cube.ide.mcu.externaltools.gnu-tools-for-stm32.12.3.rel1.win32_1.0.200.202406191623/tools/bin/../lib/gcc/arm-none-eabi/12.3.1/../../../../arm-none-eabi/lib/thumb/v6-m/nofp\libc_nano.a(libc_a-init.o)
                0x08003c24                __libc_init_array
 .text.__retarget_lock_acquire_recursive
                0x08003c6c        0x2 C:/ST/STM32CubeIDE_1.16.0/STM32CubeIDE/plugins/com.st.stm32cube.ide.mcu.externaltools.gnu-tools-for-stm32.12.3.rel1.win32_1.0.200.202406191623/tools/bin/../lib/gcc/arm-none-eabi/12.3.1/../../../../arm-none-eabi/lib/thumb/v6-m/nofp\libc_nano.a(libc_a-lock.o)
                0x08003c6c                __retarget_lock_acquire_recursive
 .text.__retarget_lock_release_recursive
                0x08003c6e        0x2 C:/ST/STM32CubeIDE_1.16.0/STM32CubeIDE/plugins/com.st.stm32cube.ide.mcu.externaltools.gnu-tools-for-stm32.12.3.rel1.win32_1.0.200.202406191623/tools/bin/../lib/gcc/arm-none-eabi/12.3.1/../../../../arm-none-eabi/lib/thumb/v6-m/nofp\libc_nano.a(libc_a-lock.o)
                0x08003c6e                __retarget_lock_release_recursive
 .text.memcpy   0x08003c70       0x12 C:/ST/STM32CubeIDE_1.16.0/STM32CubeIDE/plugins/com.st.stm32cube.ide.mcu.externaltools.gnu-tools-for-stm32.12.3.rel1.win32_1.0.200.202406191623/tools/bin/../lib/gcc/arm-none-eabi/12.3.1/../../../../arm-none-eabi/lib/thumb/v6-m/nofp\libc_nano.a(libc_a-memcpy-stub.o)
                0x08003c70                memcpy
 *(.glue_7)
 .glue_7        0x08003c82        0x0 linker stubs
 *(.glue_7t)
 .glue_7t       0x08003c82        0x0 linker stubs
 *(.eh_frame)
 *fill*         0x08003c82        0x2 
 .eh_frame      0x08003c84        0x0 C:/ST/STM32CubeIDE_1.16.0/STM32CubeIDE/plugins/com.st.stm32cube.ide.mcu.externaltools.gnu-tools-for-stm32.12.3.rel1.win32_1.0.200.202406191623/tools/bin/../lib/gcc/arm-none-eabi/12.3.1/thumb/v6-m/nofp/crtbegin.o
 *(.init)
 .init          0x08003c84        0x4 C:/ST/STM32CubeIDE_1.16.0/STM32CubeIDE/plugins/com.st.stm32cube.ide.mcu.externaltools.gnu-tools-for-stm32.12.3.rel1.win32_1.0.200.202406191623/tools/bin/../lib/gcc/arm-none-eabi/12.3.1/thumb/v6-m/nofp/crti.o
                0x08003c84                _init
 .init          0x08003c88        0x8 C:/ST/STM32CubeIDE_1.16.0/STM32CubeIDE/plugins/com.st.stm32cube.ide.mcu.externaltools.gnu-tools-for-stm32.12.3.rel1.win32_1.0.200.202406191623/tools/bin/../lib/gcc/arm-none-eabi/12.3.1/thumb/v6-m/nofp/crtn.o
 *(.fini)
 .fini          0x08003c90        0x4 C:/ST/STM32CubeIDE_1.16.0/STM32CubeIDE/plugins/com.st.stm32cube.ide.mcu.externaltools.gnu-tools-for-stm32.12.3.rel1.win32_1.0.200.202406191623/tools/bin/../lib/gcc/arm-none-eabi/12.3.1/thumb/v6-m/nofp/crti.o
                0x08003c90                _fini
 .fini          0x08003c94        0x8 C:/ST/STM32CubeIDE_1.16.0/STM32CubeIDE/plugins/com.st.stm32cube.ide.mcu.externaltools.gnu-tools-for-stm32.12.3.rel1.win32_1.0.200.202406191623/tools/bin/../lib/gcc/arm-none-eabi/12.3.1/thumb/v6-m/nofp/crtn.o
                0x08003c9c                        . = ALIGN (0x4)
                0x08003c9c                        _etext = .

.vfp11_veneer   0x08003c9c        0x0
 .vfp11_veneer  0x08003c9c        0x0 linker stubs

.v4_bx          0x08003c9c        0x0
 .v4_bx         0x08003c9c        0x0 linker stubs

.iplt           0x08003c9c        0x0
 .iplt          0x08003c9c        0x0 C:/ST/STM32CubeIDE_1.16.0/STM32CubeIDE/plugins/com.st.stm32cube.ide.mcu.externaltools.gnu-tools-for-stm32.12.3.rel1.win32_1.0.200.202406191623/tools/bin/../lib/gcc/arm-none-eabi/12.3.1/thumb/v6-m/nofp/crtbegin.o

.rodata         0x08003c9c      0x16c
                0x08003c9c                        . = ALIGN (0x4)
 *(.rodata)
 *(.rodata*)
 .rodata.nutone_white_fsm
                0x08003c9c       0x18 ./Core/Src/Application/nutone_app.o
 .rodata.nutone_vyv_fsm
                0x08003cb4       0x30 ./Core/Src/Application/nutone_app.o
 .rodata.pyd1598_serin_send_datagram_fsm
                0x08003ce4       0x18 ./Core/Src/BoardSupport/pyd15X8.o
 .rodata.pyd1598_dl_readout_fsm
                0x08003cfc       0x14 ./Core/Src/BoardSupport/pyd15X8.o
 .rodata.nutone_select_state
                0x08003d10       0x1c ./Core/Src/Middleware/NuTone.o
 .rodata.nutone_fsm
                0x08003d2c       0x48 ./Core/Src/Middleware/NuTone.o
 .rodata.AHBPrescTable
                0x08003d74       0x40 ./Core/Src/system_stm32c0xx.o
                0x08003d74                AHBPrescTable
 .rodata.HAL_TIM_OC_ConfigChannel
                0x08003db4       0x54 ./Drivers/STM32C0xx_HAL_Driver/Src/stm32c0xx_hal_tim.o
                0x08003e08                        . = ALIGN (0x4)

.rel.dyn        0x08003e08        0x0
 .rel.iplt      0x08003e08        0x0 C:/ST/STM32CubeIDE_1.16.0/STM32CubeIDE/plugins/com.st.stm32cube.ide.mcu.externaltools.gnu-tools-for-stm32.12.3.rel1.win32_1.0.200.202406191623/tools/bin/../lib/gcc/arm-none-eabi/12.3.1/thumb/v6-m/nofp/crtbegin.o

.ARM.extab      0x08003e08        0x0
                0x08003e08                        . = ALIGN (0x4)
 *(.ARM.extab* .gnu.linkonce.armextab.*)
                0x08003e08                        . = ALIGN (0x4)

.ARM            0x08003e08        0x0
                0x08003e08                        . = ALIGN (0x4)
                0x08003e08                        __exidx_start = .
 *(.ARM.exidx*)
                0x08003e08                        __exidx_end = .
                0x08003e08                        . = ALIGN (0x4)

.preinit_array  0x08003e08        0x0
                0x08003e08                        . = ALIGN (0x4)
                0x08003e08                        PROVIDE (__preinit_array_start = .)
 *(.preinit_array*)
                0x08003e08                        PROVIDE (__preinit_array_end = .)
                0x08003e08                        . = ALIGN (0x4)

.init_array     0x08003e08        0x4
                0x08003e08                        . = ALIGN (0x4)
                0x08003e08                        PROVIDE (__init_array_start = .)
 *(SORT_BY_NAME(.init_array.*))
 *(.init_array*)
 .init_array    0x08003e08        0x4 C:/ST/STM32CubeIDE_1.16.0/STM32CubeIDE/plugins/com.st.stm32cube.ide.mcu.externaltools.gnu-tools-for-stm32.12.3.rel1.win32_1.0.200.202406191623/tools/bin/../lib/gcc/arm-none-eabi/12.3.1/thumb/v6-m/nofp/crtbegin.o
                0x08003e0c                        PROVIDE (__init_array_end = .)
                0x08003e0c                        . = ALIGN (0x4)

.fini_array     0x08003e0c        0x4
                0x08003e0c                        . = ALIGN (0x4)
                [!provide]                        PROVIDE (__fini_array_start = .)
 *(SORT_BY_NAME(.fini_array.*))
 *(.fini_array*)
 .fini_array    0x08003e0c        0x4 C:/ST/STM32CubeIDE_1.16.0/STM32CubeIDE/plugins/com.st.stm32cube.ide.mcu.externaltools.gnu-tools-for-stm32.12.3.rel1.win32_1.0.200.202406191623/tools/bin/../lib/gcc/arm-none-eabi/12.3.1/thumb/v6-m/nofp/crtbegin.o
                [!provide]                        PROVIDE (__fini_array_end = .)
                0x08003e10                        . = ALIGN (0x4)
                0x08003e10                        _sidata = LOADADDR (.data)

.data           0x20000000       0x68 load address 0x08003e10
                0x20000000                        . = ALIGN (0x4)
                0x20000000                        _sdata = .
 *(.data)
 *(.data*)
 .data.readout_mask.0
                0x20000000        0x8 ./Core/Src/BoardSupport/pyd15X8.o
 .data.abort_uv
                0x20000008        0x1 ./Core/Src/main.o
                0x20000008                abort_uv
 *fill*         0x20000009        0x3 
 .data.SystemCoreClock
                0x2000000c        0x4 ./Core/Src/system_stm32c0xx.o
                0x2000000c                SystemCoreClock
 .data.uwTickFreq
                0x20000010        0x1 ./Drivers/STM32C0xx_HAL_Driver/Src/stm32c0xx_hal.o
                0x20000010                uwTickFreq
 *fill*         0x20000011        0x3 
 .data.uwTickPrio
                0x20000014        0x4 ./Drivers/STM32C0xx_HAL_Driver/Src/stm32c0xx_hal.o
                0x20000014                uwTickPrio
 .data._impure_ptr
                0x20000018        0x4 C:/ST/STM32CubeIDE_1.16.0/STM32CubeIDE/plugins/com.st.stm32cube.ide.mcu.externaltools.gnu-tools-for-stm32.12.3.rel1.win32_1.0.200.202406191623/tools/bin/../lib/gcc/arm-none-eabi/12.3.1/../../../../arm-none-eabi/lib/thumb/v6-m/nofp\libc_nano.a(libc_a-impure.o)
                0x20000018                _impure_ptr
 .data._impure_data
                0x2000001c       0x4c C:/ST/STM32CubeIDE_1.16.0/STM32CubeIDE/plugins/com.st.stm32cube.ide.mcu.externaltools.gnu-tools-for-stm32.12.3.rel1.win32_1.0.200.202406191623/tools/bin/../lib/gcc/arm-none-eabi/12.3.1/../../../../arm-none-eabi/lib/thumb/v6-m/nofp\libc_nano.a(libc_a-impure.o)
                0x2000001c                _impure_data
 *(.RamFunc)
 *(.RamFunc*)
                0x20000068                        . = ALIGN (0x4)
                0x20000068                        _edata = .

.igot.plt       0x20000068        0x0 load address 0x08003e78
 .igot.plt      0x20000068        0x0 C:/ST/STM32CubeIDE_1.16.0/STM32CubeIDE/plugins/com.st.stm32cube.ide.mcu.externaltools.gnu-tools-for-stm32.12.3.rel1.win32_1.0.200.202406191623/tools/bin/../lib/gcc/arm-none-eabi/12.3.1/thumb/v6-m/nofp/crtbegin.o
                0x20000068                        . = ALIGN (0x4)

.bss            0x20000068      0xa0c load address 0x08003e78
                0x20000068                        _sbss = .
                0x20000068                        __bss_start__ = _sbss
 *(.bss)
 .bss           0x20000068       0x1c C:/ST/STM32CubeIDE_1.16.0/STM32CubeIDE/plugins/com.st.stm32cube.ide.mcu.externaltools.gnu-tools-for-stm32.12.3.rel1.win32_1.0.200.202406191623/tools/bin/../lib/gcc/arm-none-eabi/12.3.1/thumb/v6-m/nofp/crtbegin.o
 *(.bss*)
 .bss.nutone_app_hand
                0x20000084       0x40 ./Core/Src/main.o
                0x20000084                nutone_app_hand
 *fill*         0x200000c4        0x4 
 .bss.vyv_timeoff
                0x200000c8       0x68 ./Core/Src/main.o
                0x200000c8                vyv_timeoff
 .bss.ctrl_timer
                0x20000130       0x68 ./Core/Src/main.o
                0x20000130                ctrl_timer
 .bss.uv_state  0x20000198        0x1 ./Core/Src/main.o
                0x20000198                uv_state
 *fill*         0x20000199        0x7 
 .bss.deadline_uv_wait_timeout
                0x200001a0       0x68 ./Core/Src/main.o
                0x200001a0                deadline_uv_wait_timeout
 .bss.timer_motion_uv_timeout
                0x20000208       0x18 ./Core/Src/main.o
                0x20000208                timer_motion_uv_timeout
 .bss.deadline_motion_uv_timeout
                0x20000220       0x68 ./Core/Src/main.o
                0x20000220                deadline_motion_uv_timeout
 .bss.timer_motion_uv_safe
                0x20000288       0x18 ./Core/Src/main.o
                0x20000288                timer_motion_uv_safe
 .bss.deadline_motion_uv_safe
                0x200002a0       0x68 ./Core/Src/main.o
                0x200002a0                deadline_motion_uv_safe
 .bss.timer_motion_uv
                0x20000308       0x18 ./Core/Src/main.o
                0x20000308                timer_motion_uv
 .bss.deadline_motion_uv
                0x20000320       0x68 ./Core/Src/main.o
                0x20000320                deadline_motion_uv
 .bss.light_2_state
                0x20000388        0x1 ./Core/Src/main.o
                0x20000388                light_2_state
 *fill*         0x20000389        0x7 
 .bss.timer_motion_light_2
                0x20000390       0x18 ./Core/Src/main.o
                0x20000390                timer_motion_light_2
 .bss.deadline_motion_light_2
                0x200003a8       0x68 ./Core/Src/main.o
                0x200003a8                deadline_motion_light_2
 .bss.light_1_state
                0x20000410        0x1 ./Core/Src/main.o
                0x20000410                light_1_state
 *fill*         0x20000411        0x7 
 .bss.timer_motion_light_1
                0x20000418       0x18 ./Core/Src/main.o
                0x20000418                timer_motion_light_1
 .bss.deadline_motion_light_1
                0x20000430       0x68 ./Core/Src/main.o
                0x20000430                deadline_motion_light_1
 .bss.deadline_led_indicator
                0x20000498       0x68 ./Core/Src/main.o
                0x20000498                deadline_led_indicator
 .bss.motion_sensed_uv
                0x20000500        0x1 ./Core/Src/main.o
                0x20000500                motion_sensed_uv
 .bss.motion_sensed_light_2
                0x20000501        0x1 ./Core/Src/main.o
                0x20000501                motion_sensed_light_2
 .bss.motion_sensed_light_1
                0x20000502        0x1 ./Core/Src/main.o
                0x20000502                motion_sensed_light_1
 *fill*         0x20000503        0x1 
 .bss.button_uv
                0x20000504       0x1c ./Core/Src/main.o
                0x20000504                button_uv
 .bss.button_light_2
                0x20000520       0x1c ./Core/Src/main.o
                0x20000520                button_light_2
 .bss.button_light_1
                0x2000053c       0x1c ./Core/Src/main.o
                0x2000053c                button_light_1
 .bss.timer_buttons
                0x20000558       0x18 ./Core/Src/main.o
                0x20000558                timer_buttons
 .bss.deadline_buttons
                0x20000570       0x68 ./Core/Src/main.o
                0x20000570                deadline_buttons
 .bss.general_clock
                0x200005d8       0x18 ./Core/Src/main.o
                0x200005d8                general_clock
 .bss.deadline_timer_uv
                0x200005f0       0x68 ./Core/Src/main.o
                0x200005f0                deadline_timer_uv
 .bss.deadline_timer_light_2
                0x20000658       0x68 ./Core/Src/main.o
                0x20000658                deadline_timer_light_2
 .bss.deadline_timer_light_1
                0x200006c0       0x68 ./Core/Src/main.o
                0x200006c0                deadline_timer_light_1
 .bss.deadline  0x20000728       0x18 ./Core/Src/main.o
                0x20000728                deadline
 .bss.motion_initial_conf
                0x20000740        0x8 ./Core/Src/main.o
                0x20000740                motion_initial_conf
 .bss.motion_sensor
                0x20000748       0x60 ./Core/Src/main.o
                0x20000748                motion_sensor
 .bss.__sbrk_heap_end
                0x200007a8        0x4 ./Core/Src/sysmem.o
 .bss.htim17    0x200007ac       0x4c ./Core/Src/tim.o
                0x200007ac                htim17
 .bss.htim16    0x200007f8       0x4c ./Core/Src/tim.o
                0x200007f8                htim16
 .bss.htim14    0x20000844       0x4c ./Core/Src/tim.o
                0x20000844                htim14
 .bss.htim3     0x20000890       0x4c ./Core/Src/tim.o
                0x20000890                htim3
 .bss.htim1     0x200008dc       0x4c ./Core/Src/tim.o
                0x200008dc                htim1
 .bss.uwTick    0x20000928        0x4 ./Drivers/STM32C0xx_HAL_Driver/Src/stm32c0xx_hal.o
                0x20000928                uwTick
 .bss.__malloc_sbrk_start
                0x2000092c        0x4 C:/ST/STM32CubeIDE_1.16.0/STM32CubeIDE/plugins/com.st.stm32cube.ide.mcu.externaltools.gnu-tools-for-stm32.12.3.rel1.win32_1.0.200.202406191623/tools/bin/../lib/gcc/arm-none-eabi/12.3.1/../../../../arm-none-eabi/lib/thumb/v6-m/nofp\libc_nano.a(libc_a-mallocr.o)
                0x2000092c                __malloc_sbrk_start
 .bss.__malloc_free_list
                0x20000930        0x4 C:/ST/STM32CubeIDE_1.16.0/STM32CubeIDE/plugins/com.st.stm32cube.ide.mcu.externaltools.gnu-tools-for-stm32.12.3.rel1.win32_1.0.200.202406191623/tools/bin/../lib/gcc/arm-none-eabi/12.3.1/../../../../arm-none-eabi/lib/thumb/v6-m/nofp\libc_nano.a(libc_a-mallocr.o)
                0x20000930                __malloc_free_list
 .bss.__sf      0x20000934      0x138 C:/ST/STM32CubeIDE_1.16.0/STM32CubeIDE/plugins/com.st.stm32cube.ide.mcu.externaltools.gnu-tools-for-stm32.12.3.rel1.win32_1.0.200.202406191623/tools/bin/../lib/gcc/arm-none-eabi/12.3.1/../../../../arm-none-eabi/lib/thumb/v6-m/nofp\libc_nano.a(libc_a-findfp.o)
                0x20000934                __sf
 .bss.errno     0x20000a6c        0x4 C:/ST/STM32CubeIDE_1.16.0/STM32CubeIDE/plugins/com.st.stm32cube.ide.mcu.externaltools.gnu-tools-for-stm32.12.3.rel1.win32_1.0.200.202406191623/tools/bin/../lib/gcc/arm-none-eabi/12.3.1/../../../../arm-none-eabi/lib/thumb/v6-m/nofp\libc_nano.a(libc_a-reent.o)
                0x20000a6c                errno
 .bss.__lock___malloc_recursive_mutex
                0x20000a70        0x1 C:/ST/STM32CubeIDE_1.16.0/STM32CubeIDE/plugins/com.st.stm32cube.ide.mcu.externaltools.gnu-tools-for-stm32.12.3.rel1.win32_1.0.200.202406191623/tools/bin/../lib/gcc/arm-none-eabi/12.3.1/../../../../arm-none-eabi/lib/thumb/v6-m/nofp\libc_nano.a(libc_a-lock.o)
                0x20000a70                __lock___malloc_recursive_mutex
 *(COMMON)
                0x20000a74                        . = ALIGN (0x4)
 *fill*         0x20000a71        0x3 
                0x20000a74                        _ebss = .
                0x20000a74                        __bss_end__ = _ebss

._user_heap_stack
                0x20000a74      0x604 load address 0x08003e78
                0x20000a78                        . = ALIGN (0x8)
 *fill*         0x20000a74        0x4 
                [!provide]                        PROVIDE (end = .)
                0x20000a78                        PROVIDE (_end = .)
                0x20000c78                        . = (. + _Min_Heap_Size)
 *fill*         0x20000a78      0x200 
                0x20001078                        . = (. + _Min_Stack_Size)
 *fill*         0x20000c78      0x400 
                0x20001078                        . = ALIGN (0x8)

/DISCARD/
 libc.a(*)
 libm.a(*)
 libgcc.a(*)

.ARM.attributes
                0x00000000       0x28
 *(.ARM.attributes)
 .ARM.attributes
                0x00000000       0x1e C:/ST/STM32CubeIDE_1.16.0/STM32CubeIDE/plugins/com.st.stm32cube.ide.mcu.externaltools.gnu-tools-for-stm32.12.3.rel1.win32_1.0.200.202406191623/tools/bin/../lib/gcc/arm-none-eabi/12.3.1/thumb/v6-m/nofp/crti.o
 .ARM.attributes
                0x0000001e       0x2c C:/ST/STM32CubeIDE_1.16.0/STM32CubeIDE/plugins/com.st.stm32cube.ide.mcu.externaltools.gnu-tools-for-stm32.12.3.rel1.win32_1.0.200.202406191623/tools/bin/../lib/gcc/arm-none-eabi/12.3.1/thumb/v6-m/nofp/crtbegin.o
 .ARM.attributes
                0x0000004a       0x2c ./Core/Src/Application/nutone_app.o
 .ARM.attributes
                0x00000076       0x2c ./Core/Src/BoardSupport/button.o
 .ARM.attributes
                0x000000a2       0x2c ./Core/Src/BoardSupport/led_indicator.o
 .ARM.attributes
                0x000000ce       0x2c ./Core/Src/BoardSupport/pyd15X8.o
 .ARM.attributes
                0x000000fa       0x2c ./Core/Src/BoardSupport/relay_l114fl_drv8210.o
 .ARM.attributes
                0x00000126       0x2c ./Core/Src/BoardSupport/switch_selector.o
 .ARM.attributes
                0x00000152       0x2c ./Core/Src/Middleware/NuTone.o
 .ARM.attributes
                0x0000017e       0x2c ./Core/Src/Middleware/deadline_timer.o
 .ARM.attributes
                0x000001aa       0x2c ./Core/Src/Middleware/output_ctrl.o
 .ARM.attributes
                0x000001d6       0x2c ./Core/Src/gpio.o
 .ARM.attributes
                0x00000202       0x2c ./Core/Src/main.o
 .ARM.attributes
                0x0000022e       0x2c ./Core/Src/stm32c0xx_hal_msp.o
 .ARM.attributes
                0x0000025a       0x2c ./Core/Src/stm32c0xx_it.o
 .ARM.attributes
                0x00000286       0x2c ./Core/Src/sysmem.o
 .ARM.attributes
                0x000002b2       0x2c ./Core/Src/system_stm32c0xx.o
 .ARM.attributes
                0x000002de       0x2c ./Core/Src/tim.o
 .ARM.attributes
                0x0000030a       0x22 ./Core/Startup/startup_stm32c011f6ux.o
 .ARM.attributes
                0x0000032c       0x2c ./Drivers/STM32C0xx_HAL_Driver/Src/stm32c0xx_hal.o
 .ARM.attributes
                0x00000358       0x2c ./Drivers/STM32C0xx_HAL_Driver/Src/stm32c0xx_hal_cortex.o
 .ARM.attributes
                0x00000384       0x2c ./Drivers/STM32C0xx_HAL_Driver/Src/stm32c0xx_hal_gpio.o
 .ARM.attributes
                0x000003b0       0x2c ./Drivers/STM32C0xx_HAL_Driver/Src/stm32c0xx_hal_rcc.o
 .ARM.attributes
                0x000003dc       0x2c ./Drivers/STM32C0xx_HAL_Driver/Src/stm32c0xx_hal_tim.o
 .ARM.attributes
                0x00000408       0x2c ./Drivers/STM32C0xx_HAL_Driver/Src/stm32c0xx_hal_tim_ex.o
 .ARM.attributes
                0x00000434       0x2c C:/ST/STM32CubeIDE_1.16.0/STM32CubeIDE/plugins/com.st.stm32cube.ide.mcu.externaltools.gnu-tools-for-stm32.12.3.rel1.win32_1.0.200.202406191623/tools/bin/../lib/gcc/arm-none-eabi/12.3.1/../../../../arm-none-eabi/lib/thumb/v6-m/nofp\libc_nano.a(libc_a-malloc.o)
 .ARM.attributes
                0x00000460       0x2c C:/ST/STM32CubeIDE_1.16.0/STM32CubeIDE/plugins/com.st.stm32cube.ide.mcu.externaltools.gnu-tools-for-stm32.12.3.rel1.win32_1.0.200.202406191623/tools/bin/../lib/gcc/arm-none-eabi/12.3.1/../../../../arm-none-eabi/lib/thumb/v6-m/nofp\libc_nano.a(libc_a-mallocr.o)
 .ARM.attributes
                0x0000048c       0x2c C:/ST/STM32CubeIDE_1.16.0/STM32CubeIDE/plugins/com.st.stm32cube.ide.mcu.externaltools.gnu-tools-for-stm32.12.3.rel1.win32_1.0.200.202406191623/tools/bin/../lib/gcc/arm-none-eabi/12.3.1/../../../../arm-none-eabi/lib/thumb/v6-m/nofp\libc_nano.a(libc_a-mlock.o)
 .ARM.attributes
                0x000004b8       0x2c C:/ST/STM32CubeIDE_1.16.0/STM32CubeIDE/plugins/com.st.stm32cube.ide.mcu.externaltools.gnu-tools-for-stm32.12.3.rel1.win32_1.0.200.202406191623/tools/bin/../lib/gcc/arm-none-eabi/12.3.1/../../../../arm-none-eabi/lib/thumb/v6-m/nofp\libc_nano.a(libc_a-findfp.o)
 .ARM.attributes
                0x000004e4       0x2c C:/ST/STM32CubeIDE_1.16.0/STM32CubeIDE/plugins/com.st.stm32cube.ide.mcu.externaltools.gnu-tools-for-stm32.12.3.rel1.win32_1.0.200.202406191623/tools/bin/../lib/gcc/arm-none-eabi/12.3.1/../../../../arm-none-eabi/lib/thumb/v6-m/nofp\libc_nano.a(libc_a-memset.o)
 .ARM.attributes
                0x00000510       0x2c C:/ST/STM32CubeIDE_1.16.0/STM32CubeIDE/plugins/com.st.stm32cube.ide.mcu.externaltools.gnu-tools-for-stm32.12.3.rel1.win32_1.0.200.202406191623/tools/bin/../lib/gcc/arm-none-eabi/12.3.1/../../../../arm-none-eabi/lib/thumb/v6-m/nofp\libc_nano.a(libc_a-reent.o)
 .ARM.attributes
                0x0000053c       0x2c C:/ST/STM32CubeIDE_1.16.0/STM32CubeIDE/plugins/com.st.stm32cube.ide.mcu.externaltools.gnu-tools-for-stm32.12.3.rel1.win32_1.0.200.202406191623/tools/bin/../lib/gcc/arm-none-eabi/12.3.1/../../../../arm-none-eabi/lib/thumb/v6-m/nofp\libc_nano.a(libc_a-impure.o)
 .ARM.attributes
                0x00000568       0x2c C:/ST/STM32CubeIDE_1.16.0/STM32CubeIDE/plugins/com.st.stm32cube.ide.mcu.externaltools.gnu-tools-for-stm32.12.3.rel1.win32_1.0.200.202406191623/tools/bin/../lib/gcc/arm-none-eabi/12.3.1/../../../../arm-none-eabi/lib/thumb/v6-m/nofp\libc_nano.a(libc_a-sbrkr.o)
 .ARM.attributes
                0x00000594       0x2c C:/ST/STM32CubeIDE_1.16.0/STM32CubeIDE/plugins/com.st.stm32cube.ide.mcu.externaltools.gnu-tools-for-stm32.12.3.rel1.win32_1.0.200.202406191623/tools/bin/../lib/gcc/arm-none-eabi/12.3.1/../../../../arm-none-eabi/lib/thumb/v6-m/nofp\libc_nano.a(libc_a-errno.o)
 .ARM.attributes
                0x000005c0       0x2c C:/ST/STM32CubeIDE_1.16.0/STM32CubeIDE/plugins/com.st.stm32cube.ide.mcu.externaltools.gnu-tools-for-stm32.12.3.rel1.win32_1.0.200.202406191623/tools/bin/../lib/gcc/arm-none-eabi/12.3.1/../../../../arm-none-eabi/lib/thumb/v6-m/nofp\libc_nano.a(libc_a-init.o)
 .ARM.attributes
                0x000005ec       0x2c C:/ST/STM32CubeIDE_1.16.0/STM32CubeIDE/plugins/com.st.stm32cube.ide.mcu.externaltools.gnu-tools-for-stm32.12.3.rel1.win32_1.0.200.202406191623/tools/bin/../lib/gcc/arm-none-eabi/12.3.1/../../../../arm-none-eabi/lib/thumb/v6-m/nofp\libc_nano.a(libc_a-lock.o)
 .ARM.attributes
                0x00000618       0x2c C:/ST/STM32CubeIDE_1.16.0/STM32CubeIDE/plugins/com.st.stm32cube.ide.mcu.externaltools.gnu-tools-for-stm32.12.3.rel1.win32_1.0.200.202406191623/tools/bin/../lib/gcc/arm-none-eabi/12.3.1/../../../../arm-none-eabi/lib/thumb/v6-m/nofp\libc_nano.a(libc_a-memcpy-stub.o)
 .ARM.attributes
                0x00000644       0x1e C:/ST/STM32CubeIDE_1.16.0/STM32CubeIDE/plugins/com.st.stm32cube.ide.mcu.externaltools.gnu-tools-for-stm32.12.3.rel1.win32_1.0.200.202406191623/tools/bin/../lib/gcc/arm-none-eabi/12.3.1/thumb/v6-m/nofp\libgcc.a(_udivsi3.o)
 .ARM.attributes
                0x00000662       0x1e C:/ST/STM32CubeIDE_1.16.0/STM32CubeIDE/plugins/com.st.stm32cube.ide.mcu.externaltools.gnu-tools-for-stm32.12.3.rel1.win32_1.0.200.202406191623/tools/bin/../lib/gcc/arm-none-eabi/12.3.1/thumb/v6-m/nofp\libgcc.a(_dvmd_tls.o)
 .ARM.attributes
                0x00000680       0x1e C:/ST/STM32CubeIDE_1.16.0/STM32CubeIDE/plugins/com.st.stm32cube.ide.mcu.externaltools.gnu-tools-for-stm32.12.3.rel1.win32_1.0.200.202406191623/tools/bin/../lib/gcc/arm-none-eabi/12.3.1/thumb/v6-m/nofp/crtn.o
OUTPUT(reynolds-switch.elf elf32-littlearm)
LOAD linker stubs
LOAD C:/ST/STM32CubeIDE_1.16.0/STM32CubeIDE/plugins/com.st.stm32cube.ide.mcu.externaltools.gnu-tools-for-stm32.12.3.rel1.win32_1.0.200.202406191623/tools/bin/../lib/gcc/arm-none-eabi/12.3.1/../../../../arm-none-eabi/lib/thumb/v6-m/nofp\libc.a
LOAD C:/ST/STM32CubeIDE_1.16.0/STM32CubeIDE/plugins/com.st.stm32cube.ide.mcu.externaltools.gnu-tools-for-stm32.12.3.rel1.win32_1.0.200.202406191623/tools/bin/../lib/gcc/arm-none-eabi/12.3.1/../../../../arm-none-eabi/lib/thumb/v6-m/nofp\libm.a
LOAD C:/ST/STM32CubeIDE_1.16.0/STM32CubeIDE/plugins/com.st.stm32cube.ide.mcu.externaltools.gnu-tools-for-stm32.12.3.rel1.win32_1.0.200.202406191623/tools/bin/../lib/gcc/arm-none-eabi/12.3.1/thumb/v6-m/nofp\libgcc.a

.debug_info     0x00000000    0x149f2
 .debug_info    0x00000000     0x1c20 ./Core/Src/Application/nutone_app.o
 .debug_info    0x00001c20      0x6ce ./Core/Src/BoardSupport/button.o
 .debug_info    0x000022ee      0x590 ./Core/Src/BoardSupport/led_indicator.o
 .debug_info    0x0000287e     0x1adb ./Core/Src/BoardSupport/pyd15X8.o
 .debug_info    0x00004359      0x749 ./Core/Src/BoardSupport/relay_l114fl_drv8210.o
 .debug_info    0x00004aa2      0x4c5 ./Core/Src/BoardSupport/switch_selector.o
 .debug_info    0x00004f67      0xa0b ./Core/Src/Middleware/NuTone.o
 .debug_info    0x00005972      0x7be ./Core/Src/Middleware/deadline_timer.o
 .debug_info    0x00006130      0x7bb ./Core/Src/Middleware/output_ctrl.o
 .debug_info    0x000068eb      0x988 ./Core/Src/gpio.o
 .debug_info    0x00007273     0x3574 ./Core/Src/main.o
 .debug_info    0x0000a7e7      0x250 ./Core/Src/stm32c0xx_hal_msp.o
 .debug_info    0x0000aa37      0x8e1 ./Core/Src/stm32c0xx_it.o
 .debug_info    0x0000b318      0x186 ./Core/Src/sysmem.o
 .debug_info    0x0000b49e      0x372 ./Core/Src/system_stm32c0xx.o
 .debug_info    0x0000b810     0x115c ./Core/Src/tim.o
 .debug_info    0x0000c96c       0x30 ./Core/Startup/startup_stm32c011f6ux.o
 .debug_info    0x0000c99c      0x90b ./Drivers/STM32C0xx_HAL_Driver/Src/stm32c0xx_hal.o
 .debug_info    0x0000d2a7      0x9a3 ./Drivers/STM32C0xx_HAL_Driver/Src/stm32c0xx_hal_cortex.o
 .debug_info    0x0000dc4a      0x616 ./Drivers/STM32C0xx_HAL_Driver/Src/stm32c0xx_hal_gpio.o
 .debug_info    0x0000e260      0xb2b ./Drivers/STM32C0xx_HAL_Driver/Src/stm32c0xx_hal_rcc.o
 .debug_info    0x0000ed8b     0x3dd4 ./Drivers/STM32C0xx_HAL_Driver/Src/stm32c0xx_hal_tim.o
 .debug_info    0x00012b5f     0x1e93 ./Drivers/STM32C0xx_HAL_Driver/Src/stm32c0xx_hal_tim_ex.o

.debug_abbrev   0x00000000     0x2e85
 .debug_abbrev  0x00000000      0x270 ./Core/Src/Application/nutone_app.o
 .debug_abbrev  0x00000270      0x1e7 ./Core/Src/BoardSupport/button.o
 .debug_abbrev  0x00000457      0x1bc ./Core/Src/BoardSupport/led_indicator.o
 .debug_abbrev  0x00000613      0x2e8 ./Core/Src/BoardSupport/pyd15X8.o
 .debug_abbrev  0x000008fb      0x1cd ./Core/Src/BoardSupport/relay_l114fl_drv8210.o
 .debug_abbrev  0x00000ac8      0x227 ./Core/Src/BoardSupport/switch_selector.o
 .debug_abbrev  0x00000cef      0x217 ./Core/Src/Middleware/NuTone.o
 .debug_abbrev  0x00000f06      0x179 ./Core/Src/Middleware/deadline_timer.o
 .debug_abbrev  0x0000107f      0x198 ./Core/Src/Middleware/output_ctrl.o
 .debug_abbrev  0x00001217      0x1e6 ./Core/Src/gpio.o
 .debug_abbrev  0x000013fd      0x317 ./Core/Src/main.o
 .debug_abbrev  0x00001714      0x106 ./Core/Src/stm32c0xx_hal_msp.o
 .debug_abbrev  0x0000181a      0x1ce ./Core/Src/stm32c0xx_it.o
 .debug_abbrev  0x000019e8       0xdc ./Core/Src/sysmem.o
 .debug_abbrev  0x00001ac4      0x11d ./Core/Src/system_stm32c0xx.o
 .debug_abbrev  0x00001be1      0x271 ./Core/Src/tim.o
 .debug_abbrev  0x00001e52       0x24 ./Core/Startup/startup_stm32c011f6ux.o
 .debug_abbrev  0x00001e76      0x30e ./Drivers/STM32C0xx_HAL_Driver/Src/stm32c0xx_hal.o
 .debug_abbrev  0x00002184      0x317 ./Drivers/STM32C0xx_HAL_Driver/Src/stm32c0xx_hal_cortex.o
 .debug_abbrev  0x0000249b      0x20b ./Drivers/STM32C0xx_HAL_Driver/Src/stm32c0xx_hal_gpio.o
 .debug_abbrev  0x000026a6      0x2c2 ./Drivers/STM32C0xx_HAL_Driver/Src/stm32c0xx_hal_rcc.o
 .debug_abbrev  0x00002968      0x285 ./Drivers/STM32C0xx_HAL_Driver/Src/stm32c0xx_hal_tim.o
 .debug_abbrev  0x00002bed      0x298 ./Drivers/STM32C0xx_HAL_Driver/Src/stm32c0xx_hal_tim_ex.o

.debug_loclists
                0x00000000     0x7b81
 .debug_loclists
                0x00000000      0x245 ./Core/Src/Application/nutone_app.o
 .debug_loclists
                0x00000245      0x222 ./Core/Src/BoardSupport/button.o
 .debug_loclists
                0x00000467      0x246 ./Core/Src/BoardSupport/led_indicator.o
 .debug_loclists
                0x000006ad      0xaf1 ./Core/Src/BoardSupport/pyd15X8.o
 .debug_loclists
                0x0000119e      0x1a4 ./Core/Src/BoardSupport/relay_l114fl_drv8210.o
 .debug_loclists
                0x00001342      0x20e ./Core/Src/BoardSupport/switch_selector.o
 .debug_loclists
                0x00001550      0x1d3 ./Core/Src/Middleware/NuTone.o
 .debug_loclists
                0x00001723      0x2a1 ./Core/Src/Middleware/deadline_timer.o
 .debug_loclists
                0x000019c4       0xb0 ./Core/Src/Middleware/output_ctrl.o
 .debug_loclists
                0x00001a74       0xf0 ./Core/Src/gpio.o
 .debug_loclists
                0x00001b64      0x389 ./Core/Src/main.o
 .debug_loclists
                0x00001eed       0x61 ./Core/Src/sysmem.o
 .debug_loclists
                0x00001f4e       0x26 ./Core/Src/system_stm32c0xx.o
 .debug_loclists
                0x00001f74       0xce ./Core/Src/tim.o
 .debug_loclists
                0x00002042      0x165 ./Drivers/STM32C0xx_HAL_Driver/Src/stm32c0xx_hal.o
 .debug_loclists
                0x000021a7      0x1c5 ./Drivers/STM32C0xx_HAL_Driver/Src/stm32c0xx_hal_cortex.o
 .debug_loclists
                0x0000236c      0x2d3 ./Drivers/STM32C0xx_HAL_Driver/Src/stm32c0xx_hal_gpio.o
 .debug_loclists
                0x0000263f      0x42f ./Drivers/STM32C0xx_HAL_Driver/Src/stm32c0xx_hal_rcc.o
 .debug_loclists
                0x00002a6e     0x3776 ./Drivers/STM32C0xx_HAL_Driver/Src/stm32c0xx_hal_tim.o
 .debug_loclists
                0x000061e4     0x199d ./Drivers/STM32C0xx_HAL_Driver/Src/stm32c0xx_hal_tim_ex.o

.debug_aranges  0x00000000      0xe88
 .debug_aranges
                0x00000000       0x68 ./Core/Src/Application/nutone_app.o
 .debug_aranges
                0x00000068       0x70 ./Core/Src/BoardSupport/button.o
 .debug_aranges
                0x000000d8       0x68 ./Core/Src/BoardSupport/led_indicator.o
 .debug_aranges
                0x00000140      0x160 ./Core/Src/BoardSupport/pyd15X8.o
 .debug_aranges
                0x000002a0       0x80 ./Core/Src/BoardSupport/relay_l114fl_drv8210.o
 .debug_aranges
                0x00000320       0x38 ./Core/Src/BoardSupport/switch_selector.o
 .debug_aranges
                0x00000358       0x48 ./Core/Src/Middleware/NuTone.o
 .debug_aranges
                0x000003a0       0xa0 ./Core/Src/Middleware/deadline_timer.o
 .debug_aranges
                0x00000440       0x28 ./Core/Src/Middleware/output_ctrl.o
 .debug_aranges
                0x00000468       0x38 ./Core/Src/gpio.o
 .debug_aranges
                0x000004a0       0x70 ./Core/Src/main.o
 .debug_aranges
                0x00000510       0x20 ./Core/Src/stm32c0xx_hal_msp.o
 .debug_aranges
                0x00000530       0x78 ./Core/Src/stm32c0xx_it.o
 .debug_aranges
                0x000005a8       0x20 ./Core/Src/sysmem.o
 .debug_aranges
                0x000005c8       0x28 ./Core/Src/system_stm32c0xx.o
 .debug_aranges
                0x000005f0       0x50 ./Core/Src/tim.o
 .debug_aranges
                0x00000640       0x28 ./Core/Startup/startup_stm32c011f6ux.o
 .debug_aranges
                0x00000668       0xf0 ./Drivers/STM32C0xx_HAL_Driver/Src/stm32c0xx_hal.o
 .debug_aranges
                0x00000758       0xc0 ./Drivers/STM32C0xx_HAL_Driver/Src/stm32c0xx_hal_cortex.o
 .debug_aranges
                0x00000818       0x68 ./Drivers/STM32C0xx_HAL_Driver/Src/stm32c0xx_hal_gpio.o
 .debug_aranges
                0x00000880       0x90 ./Drivers/STM32C0xx_HAL_Driver/Src/stm32c0xx_hal_rcc.o
 .debug_aranges
                0x00000910      0x3e0 ./Drivers/STM32C0xx_HAL_Driver/Src/stm32c0xx_hal_tim.o
 .debug_aranges
                0x00000cf0      0x198 ./Drivers/STM32C0xx_HAL_Driver/Src/stm32c0xx_hal_tim_ex.o

.debug_rnglists
                0x00000000      0xb2d
 .debug_rnglists
                0x00000000       0x68 ./Core/Src/Application/nutone_app.o
 .debug_rnglists
                0x00000068       0x4f ./Core/Src/BoardSupport/button.o
 .debug_rnglists
                0x000000b7       0x49 ./Core/Src/BoardSupport/led_indicator.o
 .debug_rnglists
                0x00000100      0x105 ./Core/Src/BoardSupport/pyd15X8.o
 .debug_rnglists
                0x00000205       0x5c ./Core/Src/BoardSupport/relay_l114fl_drv8210.o
 .debug_rnglists
                0x00000261       0x25 ./Core/Src/BoardSupport/switch_selector.o
 .debug_rnglists
                0x00000286       0x32 ./Core/Src/Middleware/NuTone.o
 .debug_rnglists
                0x000002b8       0x73 ./Core/Src/Middleware/deadline_timer.o
 .debug_rnglists
                0x0000032b       0x1a ./Core/Src/Middleware/output_ctrl.o
 .debug_rnglists
                0x00000345       0x26 ./Core/Src/gpio.o
 .debug_rnglists
                0x0000036b       0x70 ./Core/Src/main.o
 .debug_rnglists
                0x000003db       0x13 ./Core/Src/stm32c0xx_hal_msp.o
 .debug_rnglists
                0x000003ee       0x55 ./Core/Src/stm32c0xx_it.o
 .debug_rnglists
                0x00000443       0x13 ./Core/Src/sysmem.o
 .debug_rnglists
                0x00000456       0x19 ./Core/Src/system_stm32c0xx.o
 .debug_rnglists
                0x0000046f       0x3b ./Core/Src/tim.o
 .debug_rnglists
                0x000004aa       0x19 ./Core/Startup/startup_stm32c011f6ux.o
 .debug_rnglists
                0x000004c3       0xaf ./Drivers/STM32C0xx_HAL_Driver/Src/stm32c0xx_hal.o
 .debug_rnglists
                0x00000572       0x97 ./Drivers/STM32C0xx_HAL_Driver/Src/stm32c0xx_hal_cortex.o
 .debug_rnglists
                0x00000609       0x4b ./Drivers/STM32C0xx_HAL_Driver/Src/stm32c0xx_hal_gpio.o
 .debug_rnglists
                0x00000654       0x8a ./Drivers/STM32C0xx_HAL_Driver/Src/stm32c0xx_hal_rcc.o
 .debug_rnglists
                0x000006de      0x310 ./Drivers/STM32C0xx_HAL_Driver/Src/stm32c0xx_hal_tim.o
 .debug_rnglists
                0x000009ee      0x13f ./Drivers/STM32C0xx_HAL_Driver/Src/stm32c0xx_hal_tim_ex.o

.debug_macro    0x00000000    0x14048
 .debug_macro   0x00000000      0x24b ./Core/Src/Application/nutone_app.o
 .debug_macro   0x0000024b       0x2e ./Core/Src/Application/nutone_app.o
 .debug_macro   0x00000279       0x28 ./Core/Src/Application/nutone_app.o
 .debug_macro   0x000002a1       0x22 ./Core/Src/Application/nutone_app.o
 .debug_macro   0x000002c3       0x8e ./Core/Src/Application/nutone_app.o
 .debug_macro   0x00000351       0x51 ./Core/Src/Application/nutone_app.o
 .debug_macro   0x000003a2      0x103 ./Core/Src/Application/nutone_app.o
 .debug_macro   0x000004a5       0x6a ./Core/Src/Application/nutone_app.o
 .debug_macro   0x0000050f      0x1df ./Core/Src/Application/nutone_app.o
 .debug_macro   0x000006ee       0x1c ./Core/Src/Application/nutone_app.o
 .debug_macro   0x0000070a       0x22 ./Core/Src/Application/nutone_app.o
 .debug_macro   0x0000072c       0xd1 ./Core/Src/Application/nutone_app.o
 .debug_macro   0x000007fd      0x4da ./Core/Src/Application/nutone_app.o
 .debug_macro   0x00000cd7      0x11f ./Core/Src/Application/nutone_app.o
 .debug_macro   0x00000df6     0x8fa0 ./Core/Src/Application/nutone_app.o
 .debug_macro   0x00009d96       0x6c ./Core/Src/Application/nutone_app.o
 .debug_macro   0x00009e02      0x198 ./Core/Src/Application/nutone_app.o
 .debug_macro   0x00009f9a       0xe3 ./Core/Src/Application/nutone_app.o
 .debug_macro   0x0000a07d     0x3440 ./Core/Src/Application/nutone_app.o
 .debug_macro   0x0000d4bd      0x189 ./Core/Src/Application/nutone_app.o
 .debug_macro   0x0000d646       0x5b ./Core/Src/Application/nutone_app.o
 .debug_macro   0x0000d6a1      0x397 ./Core/Src/Application/nutone_app.o
 .debug_macro   0x0000da38      0xb24 ./Core/Src/Application/nutone_app.o
 .debug_macro   0x0000e55c      0x145 ./Core/Src/Application/nutone_app.o
 .debug_macro   0x0000e6a1      0x15f ./Core/Src/Application/nutone_app.o
 .debug_macro   0x0000e800      0x174 ./Core/Src/Application/nutone_app.o
 .debug_macro   0x0000e974      0x264 ./Core/Src/Application/nutone_app.o
 .debug_macro   0x0000ebd8      0x17e ./Core/Src/Application/nutone_app.o
 .debug_macro   0x0000ed56       0x43 ./Core/Src/Application/nutone_app.o
 .debug_macro   0x0000ed99      0x1f1 ./Core/Src/Application/nutone_app.o
 .debug_macro   0x0000ef8a      0x1aa ./Core/Src/Application/nutone_app.o
 .debug_macro   0x0000f134      0x367 ./Core/Src/Application/nutone_app.o
 .debug_macro   0x0000f49b       0x28 ./Core/Src/Application/nutone_app.o
 .debug_macro   0x0000f4c3       0xb3 ./Core/Src/Application/nutone_app.o
 .debug_macro   0x0000f576      0x104 ./Core/Src/Application/nutone_app.o
 .debug_macro   0x0000f67a       0xef ./Core/Src/Application/nutone_app.o
 .debug_macro   0x0000f769      0xaa6 ./Core/Src/Application/nutone_app.o
 .debug_macro   0x0001020f       0xd9 ./Core/Src/Application/nutone_app.o
 .debug_macro   0x000102e8      0x3c2 ./Core/Src/Application/nutone_app.o
 .debug_macro   0x000106aa       0xdc ./Core/Src/Application/nutone_app.o
 .debug_macro   0x00010786       0x22 ./Core/Src/Application/nutone_app.o
 .debug_macro   0x000107a8       0xdd ./Core/Src/Application/nutone_app.o
 .debug_macro   0x00010885       0x1c ./Core/Src/Application/nutone_app.o
 .debug_macro   0x000108a1       0x22 ./Core/Src/Application/nutone_app.o
 .debug_macro   0x000108c3      0x1e8 ./Core/Src/BoardSupport/button.o
 .debug_macro   0x00010aab      0x1df ./Core/Src/BoardSupport/led_indicator.o
 .debug_macro   0x00010c8a      0x1ed ./Core/Src/BoardSupport/pyd15X8.o
 .debug_macro   0x00010e77      0x1df ./Core/Src/BoardSupport/relay_l114fl_drv8210.o
 .debug_macro   0x00011056      0x324 ./Core/Src/BoardSupport/switch_selector.o
 .debug_macro   0x0001137a       0x61 ./Core/Src/BoardSupport/switch_selector.o
 .debug_macro   0x000113db       0x24 ./Core/Src/BoardSupport/switch_selector.o
 .debug_macro   0x000113ff       0x43 ./Core/Src/BoardSupport/switch_selector.o
 .debug_macro   0x00011442       0x34 ./Core/Src/BoardSupport/switch_selector.o
 .debug_macro   0x00011476       0x16 ./Core/Src/BoardSupport/switch_selector.o
 .debug_macro   0x0001148c       0x35 ./Core/Src/BoardSupport/switch_selector.o
 .debug_macro   0x000114c1      0x369 ./Core/Src/BoardSupport/switch_selector.o
 .debug_macro   0x0001182a       0x10 ./Core/Src/BoardSupport/switch_selector.o
 .debug_macro   0x0001183a       0x16 ./Core/Src/BoardSupport/switch_selector.o
 .debug_macro   0x00011850       0x43 ./Core/Src/BoardSupport/switch_selector.o
 .debug_macro   0x00011893       0x34 ./Core/Src/BoardSupport/switch_selector.o
 .debug_macro   0x000118c7       0x10 ./Core/Src/BoardSupport/switch_selector.o
 .debug_macro   0x000118d7       0x58 ./Core/Src/BoardSupport/switch_selector.o
 .debug_macro   0x0001192f       0x8e ./Core/Src/BoardSupport/switch_selector.o
 .debug_macro   0x000119bd       0x1c ./Core/Src/BoardSupport/switch_selector.o
 .debug_macro   0x000119d9      0x177 ./Core/Src/BoardSupport/switch_selector.o
 .debug_macro   0x00011b50       0x16 ./Core/Src/BoardSupport/switch_selector.o
 .debug_macro   0x00011b66       0x16 ./Core/Src/BoardSupport/switch_selector.o
 .debug_macro   0x00011b7c      0x146 ./Core/Src/BoardSupport/switch_selector.o
 .debug_macro   0x00011cc2       0x16 ./Core/Src/BoardSupport/switch_selector.o
 .debug_macro   0x00011cd8       0x20 ./Core/Src/BoardSupport/switch_selector.o
 .debug_macro   0x00011cf8       0x16 ./Core/Src/BoardSupport/switch_selector.o
 .debug_macro   0x00011d0e       0x16 ./Core/Src/BoardSupport/switch_selector.o
 .debug_macro   0x00011d24       0x29 ./Core/Src/BoardSupport/switch_selector.o
 .debug_macro   0x00011d4d      0x20b ./Core/Src/Middleware/NuTone.o
 .debug_macro   0x00011f58       0x22 ./Core/Src/Middleware/NuTone.o
 .debug_macro   0x00011f7a      0x314 ./Core/Src/Middleware/deadline_timer.o
 .debug_macro   0x0001228e       0x10 ./Core/Src/Middleware/deadline_timer.o
 .debug_macro   0x0001229e       0x1c ./Core/Src/Middleware/deadline_timer.o
 .debug_macro   0x000122ba       0x1c ./Core/Src/Middleware/deadline_timer.o
 .debug_macro   0x000122d6      0x1fc ./Core/Src/Middleware/output_ctrl.o
 .debug_macro   0x000124d2      0x1d5 ./Core/Src/gpio.o
 .debug_macro   0x000126a7      0x40e ./Core/Src/main.o
 .debug_macro   0x00012ab5       0x28 ./Core/Src/main.o
 .debug_macro   0x00012add      0x1cb ./Core/Src/stm32c0xx_hal_msp.o
 .debug_macro   0x00012ca8      0x1d5 ./Core/Src/stm32c0xx_it.o
 .debug_macro   0x00012e7d       0xff ./Core/Src/sysmem.o
 .debug_macro   0x00012f7c      0x23c ./Core/Src/sysmem.o
 .debug_macro   0x000131b8      0x1c2 ./Core/Src/system_stm32c0xx.o
 .debug_macro   0x0001337a      0x1d5 ./Core/Src/tim.o
 .debug_macro   0x0001354f      0x1da ./Drivers/STM32C0xx_HAL_Driver/Src/stm32c0xx_hal.o
 .debug_macro   0x00013729      0x1bc ./Drivers/STM32C0xx_HAL_Driver/Src/stm32c0xx_hal_cortex.o
 .debug_macro   0x000138e5      0x1f1 ./Drivers/STM32C0xx_HAL_Driver/Src/stm32c0xx_hal_gpio.o
 .debug_macro   0x00013ad6      0x1ec ./Drivers/STM32C0xx_HAL_Driver/Src/stm32c0xx_hal_rcc.o
 .debug_macro   0x00013cc2      0x1c4 ./Drivers/STM32C0xx_HAL_Driver/Src/stm32c0xx_hal_tim.o
 .debug_macro   0x00013e86      0x1c2 ./Drivers/STM32C0xx_HAL_Driver/Src/stm32c0xx_hal_tim_ex.o

.debug_line     0x00000000    0x1633d
 .debug_line    0x00000000      0xfd3 ./Core/Src/Application/nutone_app.o
 .debug_line    0x00000fd3      0xaa5 ./Core/Src/BoardSupport/button.o
 .debug_line    0x00001a78      0x9a5 ./Core/Src/BoardSupport/led_indicator.o
 .debug_line    0x0000241d     0x1370 ./Core/Src/BoardSupport/pyd15X8.o
 .debug_line    0x0000378d      0xb10 ./Core/Src/BoardSupport/relay_l114fl_drv8210.o
 .debug_line    0x0000429d      0xab8 ./Core/Src/BoardSupport/switch_selector.o
 .debug_line    0x00004d55      0xe01 ./Core/Src/Middleware/NuTone.o
 .debug_line    0x00005b56      0xc1e ./Core/Src/Middleware/deadline_timer.o
 .debug_line    0x00006774      0x879 ./Core/Src/Middleware/output_ctrl.o
 .debug_line    0x00006fed      0x92c ./Core/Src/gpio.o
 .debug_line    0x00007919     0x14a6 ./Core/Src/main.o
 .debug_line    0x00008dbf      0x756 ./Core/Src/stm32c0xx_hal_msp.o
 .debug_line    0x00009515      0x877 ./Core/Src/stm32c0xx_it.o
 .debug_line    0x00009d8c      0x5ad ./Core/Src/sysmem.o
 .debug_line    0x0000a339      0x7bb ./Core/Src/system_stm32c0xx.o
 .debug_line    0x0000aaf4      0xaf2 ./Core/Src/tim.o
 .debug_line    0x0000b5e6       0x7d ./Core/Startup/startup_stm32c011f6ux.o
 .debug_line    0x0000b663      0xb01 ./Drivers/STM32C0xx_HAL_Driver/Src/stm32c0xx_hal.o
 .debug_line    0x0000c164      0xc2e ./Drivers/STM32C0xx_HAL_Driver/Src/stm32c0xx_hal_cortex.o
 .debug_line    0x0000cd92      0xc8e ./Drivers/STM32C0xx_HAL_Driver/Src/stm32c0xx_hal_gpio.o
 .debug_line    0x0000da20      0xfea ./Drivers/STM32C0xx_HAL_Driver/Src/stm32c0xx_hal_rcc.o
 .debug_line    0x0000ea0a     0x5413 ./Drivers/STM32C0xx_HAL_Driver/Src/stm32c0xx_hal_tim.o
 .debug_line    0x00013e1d     0x2520 ./Drivers/STM32C0xx_HAL_Driver/Src/stm32c0xx_hal_tim_ex.o

.debug_str      0x00000000    0x7ca23
 .debug_str     0x00000000    0x74923 ./Core/Src/Application/nutone_app.o
                              0x7514f (size before relaxing)
 .debug_str     0x00074923      0x12e ./Core/Src/BoardSupport/button.o
                              0x72b25 (size before relaxing)
 .debug_str     0x00074a51       0xea ./Core/Src/BoardSupport/led_indicator.o
                              0x72909 (size before relaxing)
 .debug_str     0x00074b3b      0x616 ./Core/Src/BoardSupport/pyd15X8.o
                              0x74013 (size before relaxing)
 .debug_str     0x00075151      0x129 ./Core/Src/BoardSupport/relay_l114fl_drv8210.o
                              0x72a5c (size before relaxing)
 .debug_str     0x0007527a     0x39a2 ./Core/Src/BoardSupport/switch_selector.o
                              0x7606f (size before relaxing)
 .debug_str     0x00078c1c       0xb1 ./Core/Src/Middleware/NuTone.o
                              0x731f7 (size before relaxing)
 .debug_str     0x00078ccd      0x1fb ./Core/Src/Middleware/deadline_timer.o
                              0x76244 (size before relaxing)
 .debug_str     0x00078ec8       0x46 ./Core/Src/Middleware/output_ctrl.o
                              0x72d51 (size before relaxing)
 .debug_str     0x00078f0e      0x1ae ./Core/Src/gpio.o
                              0x729cb (size before relaxing)
 .debug_str     0x000790bc      0xf55 ./Core/Src/main.o
                              0x79b9b (size before relaxing)
 .debug_str     0x0007a011       0x43 ./Core/Src/stm32c0xx_hal_msp.o
                              0x726ad (size before relaxing)
 .debug_str     0x0007a054      0x13a ./Core/Src/stm32c0xx_it.o
                              0x72d04 (size before relaxing)
 .debug_str     0x0007a18e      0x4dc ./Core/Src/sysmem.o
                               0x5fd6 (size before relaxing)
 .debug_str     0x0007a66a       0xad ./Core/Src/system_stm32c0xx.o
                              0x72385 (size before relaxing)
 .debug_str     0x0007a717      0x276 ./Core/Src/tim.o
                              0x7313f (size before relaxing)
 .debug_str     0x0007a98d       0x44 ./Core/Startup/startup_stm32c011f6ux.o
                                 0x8e (size before relaxing)
 .debug_str     0x0007a9d1      0x3f8 ./Drivers/STM32C0xx_HAL_Driver/Src/stm32c0xx_hal.o
                              0x72990 (size before relaxing)
 .debug_str     0x0007adc9      0x270 ./Drivers/STM32C0xx_HAL_Driver/Src/stm32c0xx_hal_cortex.o
                              0x727a5 (size before relaxing)
 .debug_str     0x0007b039      0x1af ./Drivers/STM32C0xx_HAL_Driver/Src/stm32c0xx_hal_gpio.o
                              0x72584 (size before relaxing)
 .debug_str     0x0007b1e8      0x475 ./Drivers/STM32C0xx_HAL_Driver/Src/stm32c0xx_hal_rcc.o
                              0x72991 (size before relaxing)
 .debug_str     0x0007b65d      0xd72 ./Drivers/STM32C0xx_HAL_Driver/Src/stm32c0xx_hal_tim.o
                              0x738b4 (size before relaxing)
 .debug_str     0x0007c3cf      0x654 ./Drivers/STM32C0xx_HAL_Driver/Src/stm32c0xx_hal_tim_ex.o
                              0x73242 (size before relaxing)

.comment        0x00000000       0x43
 .comment       0x00000000       0x43 ./Core/Src/Application/nutone_app.o
                                 0x44 (size before relaxing)
 .comment       0x00000043       0x44 ./Core/Src/BoardSupport/button.o
 .comment       0x00000043       0x44 ./Core/Src/BoardSupport/led_indicator.o
 .comment       0x00000043       0x44 ./Core/Src/BoardSupport/pyd15X8.o
 .comment       0x00000043       0x44 ./Core/Src/BoardSupport/relay_l114fl_drv8210.o
 .comment       0x00000043       0x44 ./Core/Src/BoardSupport/switch_selector.o
 .comment       0x00000043       0x44 ./Core/Src/Middleware/NuTone.o
 .comment       0x00000043       0x44 ./Core/Src/Middleware/deadline_timer.o
 .comment       0x00000043       0x44 ./Core/Src/Middleware/output_ctrl.o
 .comment       0x00000043       0x44 ./Core/Src/gpio.o
 .comment       0x00000043       0x44 ./Core/Src/main.o
 .comment       0x00000043       0x44 ./Core/Src/stm32c0xx_hal_msp.o
 .comment       0x00000043       0x44 ./Core/Src/stm32c0xx_it.o
 .comment       0x00000043       0x44 ./Core/Src/sysmem.o
 .comment       0x00000043       0x44 ./Core/Src/system_stm32c0xx.o
 .comment       0x00000043       0x44 ./Core/Src/tim.o
 .comment       0x00000043       0x44 ./Drivers/STM32C0xx_HAL_Driver/Src/stm32c0xx_hal.o
 .comment       0x00000043       0x44 ./Drivers/STM32C0xx_HAL_Driver/Src/stm32c0xx_hal_cortex.o
 .comment       0x00000043       0x44 ./Drivers/STM32C0xx_HAL_Driver/Src/stm32c0xx_hal_gpio.o
 .comment       0x00000043       0x44 ./Drivers/STM32C0xx_HAL_Driver/Src/stm32c0xx_hal_rcc.o
 .comment       0x00000043       0x44 ./Drivers/STM32C0xx_HAL_Driver/Src/stm32c0xx_hal_tim.o
 .comment       0x00000043       0x44 ./Drivers/STM32C0xx_HAL_Driver/Src/stm32c0xx_hal_tim_ex.o

.debug_frame    0x00000000     0x294c
 .debug_frame   0x00000000      0x120 ./Core/Src/Application/nutone_app.o
 .debug_frame   0x00000120       0xf4 ./Core/Src/BoardSupport/button.o
 .debug_frame   0x00000214       0xf0 ./Core/Src/BoardSupport/led_indicator.o
 .debug_frame   0x00000304      0x438 ./Core/Src/BoardSupport/pyd15X8.o
 .debug_frame   0x0000073c      0x130 ./Core/Src/BoardSupport/relay_l114fl_drv8210.o
 .debug_frame   0x0000086c       0x94 ./Core/Src/BoardSupport/switch_selector.o
 .debug_frame   0x00000900       0x8c ./Core/Src/Middleware/NuTone.o
 .debug_frame   0x0000098c      0x1c0 ./Core/Src/Middleware/deadline_timer.o
 .debug_frame   0x00000b4c       0x50 ./Core/Src/Middleware/output_ctrl.o
 .debug_frame   0x00000b9c       0x98 ./Core/Src/gpio.o
 .debug_frame   0x00000c34      0x15c ./Core/Src/main.o
 .debug_frame   0x00000d90       0x28 ./Core/Src/stm32c0xx_hal_msp.o
 .debug_frame   0x00000db8      0x110 ./Core/Src/stm32c0xx_it.o
 .debug_frame   0x00000ec8       0x28 ./Core/Src/sysmem.o
 .debug_frame   0x00000ef0       0x30 ./Core/Src/system_stm32c0xx.o
 .debug_frame   0x00000f20       0xb8 ./Core/Src/tim.o
 .debug_frame   0x00000fd8      0x1ec ./Drivers/STM32C0xx_HAL_Driver/Src/stm32c0xx_hal.o
 .debug_frame   0x000011c4      0x194 ./Drivers/STM32C0xx_HAL_Driver/Src/stm32c0xx_hal_cortex.o
 .debug_frame   0x00001358       0xe8 ./Drivers/STM32C0xx_HAL_Driver/Src/stm32c0xx_hal_gpio.o
 .debug_frame   0x00001440      0x170 ./Drivers/STM32C0xx_HAL_Driver/Src/stm32c0xx_hal_rcc.o
 .debug_frame   0x000015b0      0xb18 ./Drivers/STM32C0xx_HAL_Driver/Src/stm32c0xx_hal_tim.o
 .debug_frame   0x000020c8      0x4c0 ./Drivers/STM32C0xx_HAL_Driver/Src/stm32c0xx_hal_tim_ex.o
 .debug_frame   0x00002588       0x40 C:/ST/STM32CubeIDE_1.16.0/STM32CubeIDE/plugins/com.st.stm32cube.ide.mcu.externaltools.gnu-tools-for-stm32.12.3.rel1.win32_1.0.200.202406191623/tools/bin/../lib/gcc/arm-none-eabi/12.3.1/../../../../arm-none-eabi/lib/thumb/v6-m/nofp\libc_nano.a(libc_a-malloc.o)
 .debug_frame   0x000025c8       0x50 C:/ST/STM32CubeIDE_1.16.0/STM32CubeIDE/plugins/com.st.stm32cube.ide.mcu.externaltools.gnu-tools-for-stm32.12.3.rel1.win32_1.0.200.202406191623/tools/bin/../lib/gcc/arm-none-eabi/12.3.1/../../../../arm-none-eabi/lib/thumb/v6-m/nofp\libc_nano.a(libc_a-mallocr.o)
 .debug_frame   0x00002618       0x40 C:/ST/STM32CubeIDE_1.16.0/STM32CubeIDE/plugins/com.st.stm32cube.ide.mcu.externaltools.gnu-tools-for-stm32.12.3.rel1.win32_1.0.200.202406191623/tools/bin/../lib/gcc/arm-none-eabi/12.3.1/../../../../arm-none-eabi/lib/thumb/v6-m/nofp\libc_nano.a(libc_a-mlock.o)
 .debug_frame   0x00002658      0x138 C:/ST/STM32CubeIDE_1.16.0/STM32CubeIDE/plugins/com.st.stm32cube.ide.mcu.externaltools.gnu-tools-for-stm32.12.3.rel1.win32_1.0.200.202406191623/tools/bin/../lib/gcc/arm-none-eabi/12.3.1/../../../../arm-none-eabi/lib/thumb/v6-m/nofp\libc_nano.a(libc_a-findfp.o)
 .debug_frame   0x00002790       0x20 C:/ST/STM32CubeIDE_1.16.0/STM32CubeIDE/plugins/com.st.stm32cube.ide.mcu.externaltools.gnu-tools-for-stm32.12.3.rel1.win32_1.0.200.202406191623/tools/bin/../lib/gcc/arm-none-eabi/12.3.1/../../../../arm-none-eabi/lib/thumb/v6-m/nofp\libc_nano.a(libc_a-memset.o)
 .debug_frame   0x000027b0       0x2c C:/ST/STM32CubeIDE_1.16.0/STM32CubeIDE/plugins/com.st.stm32cube.ide.mcu.externaltools.gnu-tools-for-stm32.12.3.rel1.win32_1.0.200.202406191623/tools/bin/../lib/gcc/arm-none-eabi/12.3.1/../../../../arm-none-eabi/lib/thumb/v6-m/nofp\libc_nano.a(libc_a-reent.o)
 .debug_frame   0x000027dc       0x2c C:/ST/STM32CubeIDE_1.16.0/STM32CubeIDE/plugins/com.st.stm32cube.ide.mcu.externaltools.gnu-tools-for-stm32.12.3.rel1.win32_1.0.200.202406191623/tools/bin/../lib/gcc/arm-none-eabi/12.3.1/../../../../arm-none-eabi/lib/thumb/v6-m/nofp\libc_nano.a(libc_a-sbrkr.o)
 .debug_frame   0x00002808       0x20 C:/ST/STM32CubeIDE_1.16.0/STM32CubeIDE/plugins/com.st.stm32cube.ide.mcu.externaltools.gnu-tools-for-stm32.12.3.rel1.win32_1.0.200.202406191623/tools/bin/../lib/gcc/arm-none-eabi/12.3.1/../../../../arm-none-eabi/lib/thumb/v6-m/nofp\libc_nano.a(libc_a-errno.o)
 .debug_frame   0x00002828       0x2c C:/ST/STM32CubeIDE_1.16.0/STM32CubeIDE/plugins/com.st.stm32cube.ide.mcu.externaltools.gnu-tools-for-stm32.12.3.rel1.win32_1.0.200.202406191623/tools/bin/../lib/gcc/arm-none-eabi/12.3.1/../../../../arm-none-eabi/lib/thumb/v6-m/nofp\libc_nano.a(libc_a-init.o)
 .debug_frame   0x00002854       0xb0 C:/ST/STM32CubeIDE_1.16.0/STM32CubeIDE/plugins/com.st.stm32cube.ide.mcu.externaltools.gnu-tools-for-stm32.12.3.rel1.win32_1.0.200.202406191623/tools/bin/../lib/gcc/arm-none-eabi/12.3.1/../../../../arm-none-eabi/lib/thumb/v6-m/nofp\libc_nano.a(libc_a-lock.o)
 .debug_frame   0x00002904       0x28 C:/ST/STM32CubeIDE_1.16.0/STM32CubeIDE/plugins/com.st.stm32cube.ide.mcu.externaltools.gnu-tools-for-stm32.12.3.rel1.win32_1.0.200.202406191623/tools/bin/../lib/gcc/arm-none-eabi/12.3.1/../../../../arm-none-eabi/lib/thumb/v6-m/nofp\libc_nano.a(libc_a-memcpy-stub.o)
 .debug_frame   0x0000292c       0x20 C:/ST/STM32CubeIDE_1.16.0/STM32CubeIDE/plugins/com.st.stm32cube.ide.mcu.externaltools.gnu-tools-for-stm32.12.3.rel1.win32_1.0.200.202406191623/tools/bin/../lib/gcc/arm-none-eabi/12.3.1/thumb/v6-m/nofp\libgcc.a(_udivsi3.o)

.debug_line_str
                0x00000000       0x72
 .debug_line_str
                0x00000000       0x72 ./Core/Startup/startup_stm32c011f6ux.o