../Core/Src/BoardSupport/button.c:13:9:button_setup	16	static
../Core/Src/BoardSupport/button.c:46:9:button_set_logic	0	static
../Core/Src/BoardSupport/button.c:110:9:button_get_state	8	static
../Core/Src/BoardSupport/button.c:132:9:button_positive_edge_detected	0	static
../Core/Src/BoardSupport/button.c:150:9:button_negative_edge_detected	0	static
../Core/Src/BoardSupport/button.c:167:9:button_clear_debounce_lock	0	static
../Core/Src/BoardSupport/button.c:172:9:button_clear_edge_detected	0	static
../Core/Src/BoardSupport/button.c:178:9:button_get_status	16	static
../Core/Src/BoardSupport/button.c:54:9:button_debounce_fsm	24	static
../Core/Src/BoardSupport/button.c:221:9:button_set_isr_attended	0	static
../Core/Src/BoardSupport/button.c:229:9:button_check_isr_request	8	static
