../Core/Src/BoardSupport/lights.c:57:9:light_ask_off_pulse_fsm	0	static
../Core/Src/BoardSupport/lights.c:79:9:light_ask_on_pulse_fsm	0	static
../Core/Src/BoardSupport/lights.c:100:9:light_check_init_fsm	0	static
../Core/Src/BoardSupport/lights.c:106:9:light_acknowledge_init_fsm	0	static
../Core/Src/BoardSupport/lights.c:184:9:light_on	8	static
../Core/Src/BoardSupport/lights.c:199:9:light_off	8	static
../Core/Src/BoardSupport/lights.c:215:9:light_deenergize	8	static
../Core/Src/BoardSupport/lights.c:11:9:light_setup	24	static
../Core/Src/BoardSupport/lights.c:114:9:light_pulse_fsm	24	static
../Core/Src/BoardSupport/lights.c:25:9:light_on_pulse_fsm	8	static
../Core/Src/BoardSupport/lights.c:40:9:light_off_pulse_fsm	8	static
../Core/Src/BoardSupport/lights.c:230:9:light_get_status	0	static
../Core/Src/BoardSupport/lights.c:237:9:light_get_power_status	0	static
