../Core/Src/BoardSupport/pyd15X8.c:67:6:pyd1598_direct_link_setup	24	static
../Core/Src/BoardSupport/pyd15X8.c:305:6:pyd1598_request_write	0	static
../Core/Src/BoardSupport/pyd15X8.c:423:9:pyd1598_check_isr_request	0	static
../Core/Src/BoardSupport/pyd15X8.c:431:9:pyd1598_read_wakeup_signal	0	static
../Core/Src/BoardSupport/pyd15X8.c:450:9:pyd1598_direct_link_get_out_of_range	0	static
../Core/Src/BoardSupport/pyd15X8.c:508:9:pyd1598_direct_link_get_config	0	static
../Core/Src/BoardSupport/pyd15X8.c:692:9:pyd1598_direct_link_extract	0	static
../Core/Src/BoardSupport/pyd15X8.c:519:9:pyd1598_direct_link_get_threshold	24	static
../Core/Src/BoardSupport/pyd15X8.c:535:9:pyd1598_direct_link_get_blind_time	24	static
../Core/Src/BoardSupport/pyd15X8.c:549:9:pyd1598_direct_link_get_pulse_counter	24	static
../Core/Src/BoardSupport/pyd15X8.c:563:9:pyd1598_direct_link_get_window_time	24	static
../Core/Src/BoardSupport/pyd15X8.c:578:9:pyd1598_direct_link_get_operation_mode	24	static
../Core/Src/BoardSupport/pyd15X8.c:611:9:pyd1598_direct_link_get_signal_source	24	static
../Core/Src/BoardSupport/pyd15X8.c:469:9:pyd1598_direct_link_get_adc_counts	24	static
../Core/Src/BoardSupport/pyd15X8.c:642:9:pyd1598_direct_link_get_hpf_cutoff	24	static
../Core/Src/BoardSupport/pyd15X8.c:667:9:pyd1598_direct_link_get_count_mode	24	static
../Core/Src/BoardSupport/pyd15X8.c:828:9:pyd1598_serin_add_to_datagram	8	static
../Core/Src/BoardSupport/pyd15X8.c:721:9:pyd1598_serin_add_threshold	8	static
../Core/Src/BoardSupport/pyd15X8.c:737:9:pyd1598_serin_add_blind_time	8	static
../Core/Src/BoardSupport/pyd15X8.c:751:9:pyd1598_serin_add_pulse_counter	8	static
../Core/Src/BoardSupport/pyd15X8.c:763:9:pyd1598_serin_add_window_time	8	static
../Core/Src/BoardSupport/pyd15X8.c:775:9:pyd1598_serin_add_operation_mode	8	static
../Core/Src/BoardSupport/pyd15X8.c:786:9:pyd1598_serin_add_signal_source	8	static
../Core/Src/BoardSupport/pyd15X8.c:800:9:pyd1598_serin_add_hpf_cutoff	8	static
../Core/Src/BoardSupport/pyd15X8.c:814:9:pyd1598_serin_add_count_mode	8	static
../Core/Src/BoardSupport/pyd15X8.c:703:9:pyd1598_serin_add_all_conf	16	static
../Core/Src/BoardSupport/pyd15X8.c:45:6:pyd1598_serin_setup	24	static
../Core/Src/BoardSupport/pyd15X8.c:21:6:pyd1598_setup	24	static
../Core/Src/BoardSupport/pyd15X8.c:859:6:pyd1598_serin_set_zero_pulse	24	static
../Core/Src/BoardSupport/pyd15X8.c:867:6:pyd1598_serin_set_one_pulse	24	static
../Core/Src/BoardSupport/pyd15X8.c:873:6:pyd1598_serin_set_end_of_msg	16	static
../Core/Src/BoardSupport/pyd15X8.c:878:6:pyd1598_direct_link_set_as_output	16	static
../Core/Src/BoardSupport/pyd15X8.c:883:6:pyd1598_direct_link_set_as_input	16	static
../Core/Src/BoardSupport/pyd15X8.c:888:6:pyd1598_direct_link_set_as_interrupt_input	16	static
../Core/Src/BoardSupport/pyd15X8.c:893:6:pyd1598_direct_link_set_zero_pulse	24	static
../Core/Src/BoardSupport/pyd15X8.c:899:6:pyd1598_direct_link_set_one_pulse	24	static
../Core/Src/BoardSupport/pyd15X8.c:904:6:pyd1598_direct_link_set_negative_edge	16	static
../Core/Src/BoardSupport/pyd15X8.c:311:6:pyd1598_serin_send_datagram_fsm	56	static
../Core/Src/BoardSupport/pyd15X8.c:908:6:pyd1598_direct_link_get_bit_value	16	static
../Core/Src/BoardSupport/pyd15X8.c:915:9:pyd1598_direct_link_read_pin	16	static,ignoring_inline_asm
../Core/Src/BoardSupport/pyd15X8.c:112:6:pyd1598_dl_readout_fsm	40	static
