../Core/Src/BoardSupport/pyd15X8.c:67:6:pyd1598_direct_link_setup	24	static
../Core/Src/BoardSupport/pyd15X8.c:306:6:pyd1598_request_write	0	static
../Core/Src/BoardSupport/pyd15X8.c:424:9:pyd1598_check_isr_request	0	static
../Core/Src/BoardSupport/pyd15X8.c:432:9:pyd1598_read_wakeup_signal	8	static
../Core/Src/BoardSupport/pyd15X8.c:455:9:pyd1598_direct_link_get_out_of_range	0	static
../Core/Src/BoardSupport/pyd15X8.c:513:9:pyd1598_direct_link_get_config	0	static
../Core/Src/BoardSupport/pyd15X8.c:524:9:pyd1598_direct_link_get_threshold	0	static
../Core/Src/BoardSupport/pyd15X8.c:540:9:pyd1598_direct_link_get_blind_time	0	static
../Core/Src/BoardSupport/pyd15X8.c:554:9:pyd1598_direct_link_get_pulse_counter	0	static
../Core/Src/BoardSupport/pyd15X8.c:568:9:pyd1598_direct_link_get_window_time	0	static
../Core/Src/BoardSupport/pyd15X8.c:583:9:pyd1598_direct_link_get_operation_mode	0	static
../Core/Src/BoardSupport/pyd15X8.c:616:9:pyd1598_direct_link_get_signal_source	0	static
../Core/Src/BoardSupport/pyd15X8.c:474:9:pyd1598_direct_link_get_adc_counts	32	static
../Core/Src/BoardSupport/pyd15X8.c:647:9:pyd1598_direct_link_get_hpf_cutoff	0	static
../Core/Src/BoardSupport/pyd15X8.c:672:9:pyd1598_direct_link_get_count_mode	8	static
../Core/Src/BoardSupport/pyd15X8.c:697:9:pyd1598_direct_link_extract	0	static
../Core/Src/BoardSupport/pyd15X8.c:726:9:pyd1598_serin_add_threshold	0	static
../Core/Src/BoardSupport/pyd15X8.c:742:9:pyd1598_serin_add_blind_time	0	static
../Core/Src/BoardSupport/pyd15X8.c:756:9:pyd1598_serin_add_pulse_counter	0	static
../Core/Src/BoardSupport/pyd15X8.c:768:9:pyd1598_serin_add_window_time	0	static
../Core/Src/BoardSupport/pyd15X8.c:780:9:pyd1598_serin_add_operation_mode	0	static
../Core/Src/BoardSupport/pyd15X8.c:791:9:pyd1598_serin_add_signal_source	0	static
../Core/Src/BoardSupport/pyd15X8.c:805:9:pyd1598_serin_add_hpf_cutoff	0	static
../Core/Src/BoardSupport/pyd15X8.c:819:9:pyd1598_serin_add_count_mode	0	static
../Core/Src/BoardSupport/pyd15X8.c:708:9:pyd1598_serin_add_all_conf	16	static
../Core/Src/BoardSupport/pyd15X8.c:45:6:pyd1598_serin_setup	24	static
../Core/Src/BoardSupport/pyd15X8.c:21:6:pyd1598_setup	24	static
../Core/Src/BoardSupport/pyd15X8.c:833:9:pyd1598_serin_add_to_datagram	8	static
../Core/Src/BoardSupport/pyd15X8.c:864:6:pyd1598_serin_set_zero_pulse	24	static
../Core/Src/BoardSupport/pyd15X8.c:872:6:pyd1598_serin_set_one_pulse	24	static
../Core/Src/BoardSupport/pyd15X8.c:878:6:pyd1598_serin_set_end_of_msg	16	static
../Core/Src/BoardSupport/pyd15X8.c:883:6:pyd1598_direct_link_set_as_output	16	static
../Core/Src/BoardSupport/pyd15X8.c:888:6:pyd1598_direct_link_set_as_input	16	static
../Core/Src/BoardSupport/pyd15X8.c:893:6:pyd1598_direct_link_set_as_interrupt_input	16	static
../Core/Src/BoardSupport/pyd15X8.c:312:6:pyd1598_serin_send_datagram_fsm	64	static
../Core/Src/BoardSupport/pyd15X8.c:898:6:pyd1598_direct_link_set_zero_pulse	16	static
../Core/Src/BoardSupport/pyd15X8.c:904:6:pyd1598_direct_link_set_one_pulse	16	static
../Core/Src/BoardSupport/pyd15X8.c:909:6:pyd1598_direct_link_set_negative_edge	16	static
../Core/Src/BoardSupport/pyd15X8.c:913:6:pyd1598_direct_link_get_bit_value	16	static
../Core/Src/BoardSupport/pyd15X8.c:920:9:pyd1598_direct_link_read_pin	16	static,ignoring_inline_asm
../Core/Src/BoardSupport/pyd15X8.c:113:6:pyd1598_dl_readout_fsm	48	static
