../Core/Src/BoardSupport/relay_l114fl_drv8210.c:11:9:relay_setup	32	static
../Core/Src/BoardSupport/relay_l114fl_drv8210.c:25:9:relay_on_pulse_fsm	16	static
../Core/Src/BoardSupport/relay_l114fl_drv8210.c:40:9:relay_off_pulse_fsm	16	static
../Core/Src/BoardSupport/relay_l114fl_drv8210.c:57:9:relay_ask_off_pulse_fsm	24	static
../Core/Src/BoardSupport/relay_l114fl_drv8210.c:79:9:relay_ask_on_pulse_fsm	24	static
../Core/Src/BoardSupport/relay_l114fl_drv8210.c:100:9:relay_check_init_fsm	16	static
../Core/Src/BoardSupport/relay_l114fl_drv8210.c:106:9:relay_acknowledge_init_fsm	16	static
../Core/Src/BoardSupport/relay_l114fl_drv8210.c:114:9:relay_pulse_fsm	40	static
../Core/Src/BoardSupport/relay_l114fl_drv8210.c:180:9:relay_on	16	static
../Core/Src/BoardSupport/relay_l114fl_drv8210.c:195:9:relay_off	16	static
../Core/Src/BoardSupport/relay_l114fl_drv8210.c:211:9:relay_deenergize	16	static
../Core/Src/BoardSupport/relay_l114fl_drv8210.c:226:9:relay_get_status	16	static
../Core/Src/BoardSupport/relay_l114fl_drv8210.c:233:9:relay_get_power_status	16	static
