../Core/Src/Application/nutone_app.c:24:9:nutone_app_config	8	static
../Core/Src/Application/nutone_app.c:99:9:nutone_test	8	static
../Core/Src/Application/nutone_app.c:159:9:nutone_fan_fsm	8	static
../Core/Src/Application/nutone_app.c:179:9:nutone_white_fsm	40	static,ignoring_inline_asm
../Core/Src/Application/nutone_app.c:298:9:nutone_vyv_fsm	112	static,ignoring_inline_asm
../Core/Src/Application/nutone_app.c:71:9:nutone_app_fsm	8	static
../Core/Src/Application/nutone_app.c:533:6:nutone_app_check_button_event	24	static
../Core/Src/Application/nutone_app.c:487:6:nutone_app_check_events	40	static
../Core/Src/Application/nutone_app.c:550:6:nutone_app_set_outputs	8	static
../Core/Src/Application/nutone_app.c:57:9:nutone_app_process	8	static
