../Core/Src/Middleware/deadline_timer.c:16:9:deadline_timer_setup	0	static
../Core/Src/Middleware/deadline_timer.c:30:9:deadline_timer_setup_shared_clock	0	static
../Core/Src/Middleware/deadline_timer.c:48:6:deadline_timer_assign_current	0	static
../Core/Src/Middleware/deadline_timer.c:55:9:deadline_timer_force_expiration	0	static
../Core/Src/Middleware/deadline_timer.c:88:9:deadline_timer_set_current_time	0	static
../Core/Src/Middleware/deadline_timer.c:94:9:deadline_timer_set_deadline	0	static
../Core/Src/Middleware/deadline_timer.c:103:9:deadline_timer_set_initial_time	0	static
../Core/Src/Middleware/deadline_timer.c:115:9:deadline_timer_get_current_time	8	static
../Core/Src/Middleware/deadline_timer.c:121:9:deadline_timer_get_deadline	8	static
../Core/Src/Middleware/deadline_timer.c:127:9:deadline_timer_get_initial_time	8	static
../Core/Src/Middleware/deadline_timer.c:135:9:timer_clock_clear	0	static
../Core/Src/Middleware/deadline_timer.c:143:9:timer_clock_set_time	0	static
../Core/Src/Middleware/deadline_timer.c:150:9:timer_clock_get_time	0	static
../Core/Src/Middleware/deadline_timer.c:157:9:deadline_timer_increment	12	static
../Core/Src/Middleware/deadline_timer.c:82:9:deadline_timer_count	8	static
../Core/Src/Middleware/deadline_timer.c:184:9:deadline_timer_compare_check	20	static
../Core/Src/Middleware/deadline_timer.c:60:9:deadline_timer_check	40	static
