../Core/Src/Middleware/deadline_timer.c:16:9:deadline_timer_setup	40	static
../Core/Src/Middleware/deadline_timer.c:30:9:deadline_timer_setup_shared_clock	40	static
../Core/Src/Middleware/deadline_timer.c:48:6:deadline_timer_assign_current	16	static
../Core/Src/Middleware/deadline_timer.c:55:9:deadline_timer_force_expiration	16	static
../Core/Src/Middleware/deadline_timer.c:60:9:deadline_timer_check	48	static
../Core/Src/Middleware/deadline_timer.c:80:9:deadline_timer_count	16	static
../Core/Src/Middleware/deadline_timer.c:86:9:deadline_timer_set_current_time	40	static
../Core/Src/Middleware/deadline_timer.c:92:9:deadline_timer_set_deadline	40	static
../Core/Src/Middleware/deadline_timer.c:101:9:deadline_timer_set_initial_time	16	static
../Core/Src/Middleware/deadline_timer.c:113:9:deadline_timer_get_current_time	16	static
../Core/Src/Middleware/deadline_timer.c:119:9:deadline_timer_get_deadline	16	static
../Core/Src/Middleware/deadline_timer.c:125:9:deadline_timer_get_initial_time	16	static
../Core/Src/Middleware/deadline_timer.c:133:9:timer_clock_clear	16	static
../Core/Src/Middleware/deadline_timer.c:141:9:timer_clock_set_time	16	static
../Core/Src/Middleware/deadline_timer.c:148:9:timer_clock_get_time	16	static
../Core/Src/Middleware/deadline_timer.c:155:9:deadline_timer_increment	16	static
../Core/Src/Middleware/deadline_timer.c:182:9:deadline_timer_compare_check	56	static
