../Core/Src/main.c:355:5:main	184	static,ignoring_inline_asm
../Core/Src/main.c:781:6:SystemClock_Config	64	static
../Core/Src/main.c:826:6:discreate_actuator	64	static
../Core/Src/main.c:877:6:events_detection	56	static
../Core/Src/main.c:945:6:events_detection_uv_waits	56	static
../Core/Src/main.c:1010:6:events_detection_motion_in_one_lamp	56	static
../Core/Src/main.c:1069:6:sense_button_event	32	static
../Core/Src/main.c:1088:6:motion_light_control_fsm	56	static,ignoring_inline_asm
../Core/Src/main.c:1202:6:motion_light_uv_control_fsm	128	static,ignoring_inline_asm
../Core/Src/main.c:1324:6:motion_uv_ctrl_wait_fsm	128	static,ignoring_inline_asm
../Core/Src/main.c:1545:6:direct_light_control_fsm	64	static,ignoring_inline_asm
../Core/Src/main.c:1616:6:HAL_TIM_PeriodElapsedCallback	16	static
../Core/Src/main.c:1661:6:HAL_GPIO_EXTI_Rising_Callback	16	static,ignoring_inline_asm
../Core/Src/main.c:1704:6:HAL_GPIO_EXTI_Falling_Callback	16	static
../Core/Src/main.c:1771:6:Error_Handler	8	static,ignoring_inline_asm
