../Core/Src/main.c:376:5:main	368	static,ignoring_inline_asm
../Core/Src/main.c:934:6:SystemClock_Config	64	static
../Core/Src/main.c:1034:6:events_detection	56	static
../Core/Src/main.c:1102:6:events_detection_uv_waits	56	static
../Core/Src/main.c:1167:6:events_detection_motion_in_one_lamp	56	static
../Core/Src/main.c:1225:6:sense_button_event	32	static
../Core/Src/main.c:1251:6:motion_light_control_fsm	56	static,ignoring_inline_asm
../Core/Src/main.c:1375:6:motion_light_uv_control_fsm	128	static,ignoring_inline_asm
../Core/Src/main.c:1520:6:motion_uv_ctrl_wait_fsm	128	static,ignoring_inline_asm
../Core/Src/main.c:1756:6:direct_light_control_fsm	64	static,ignoring_inline_asm
../Core/Src/main.c:1836:6:HAL_TIM_PeriodElapsedCallback	16	static
../Core/Src/main.c:1886:6:HAL_GPIO_EXTI_Rising_Callback	16	static,ignoring_inline_asm
../Core/Src/main.c:1929:6:HAL_GPIO_EXTI_Falling_Callback	16	static
../Core/Src/main.c:1996:6:Error_Handler	8	static,ignoring_inline_asm
