../Core/Src/stm32c0xx_it.c:72:6:NMI_Handler	0	static
../Core/Src/stm32c0xx_it.c:87:6:HardFault_Handler	0	static,ignoring_inline_asm
../Core/Src/stm32c0xx_it.c:113:6:SVC_Handler	0	static
../Core/Src/stm32c0xx_it.c:126:6:PendSV_Handler	0	static
../Core/Src/stm32c0xx_it.c:139:6:SysTick_Handler	8	static
../Core/Src/stm32c0xx_it.c:160:6:EXTI2_3_IRQHandler	8	static
../Core/Src/stm32c0xx_it.c:175:6:EXTI4_15_IRQHandler	8	static
../Core/Src/stm32c0xx_it.c:190:6:TIM1_BRK_UP_TRG_COM_IRQHandler	8	static
../Core/Src/stm32c0xx_it.c:204:6:TIM1_CC_IRQHandler	8	static
../Core/Src/stm32c0xx_it.c:218:6:TIM14_IRQHandler	8	static
../Core/Src/stm32c0xx_it.c:232:6:TIM16_IRQHandler	8	static
../Core/Src/stm32c0xx_it.c:246:6:TIM17_IRQHandler	8	static
