../Drivers/STM32C0xx_HAL_Driver/Src/stm32c0xx_hal_rcc.c:199:19:HAL_RCC_DeInit	16	static
../Drivers/STM32C0xx_HAL_Driver/Src/stm32c0xx_hal_rcc.c:287:19:HAL_RCC_OscConfig	24	static
../Drivers/STM32C0xx_HAL_Driver/Src/stm32c0xx_hal_rcc.c:850:6:HAL_RCC_MCOConfig	48	static
../Drivers/STM32C0xx_HAL_Driver/Src/stm32c0xx_hal_rcc.c:934:10:HAL_RCC_GetSysClockFreq	8	static
../Drivers/STM32C0xx_HAL_Driver/Src/stm32c0xx_hal_rcc.c:636:19:HAL_RCC_ClockConfig	32	static
../Drivers/STM32C0xx_HAL_Driver/Src/stm32c0xx_hal_rcc.c:990:10:HAL_RCC_GetHCLKFreq	8	static
../Drivers/STM32C0xx_HAL_Driver/Src/stm32c0xx_hal_rcc.c:1003:10:HAL_RCC_GetPCLK1Freq	8	static
../Drivers/STM32C0xx_HAL_Driver/Src/stm32c0xx_hal_rcc.c:1016:6:HAL_RCC_GetOscConfig	0	static
../Drivers/STM32C0xx_HAL_Driver/Src/stm32c0xx_hal_rcc.c:1076:6:HAL_RCC_GetClockConfig	12	static
../Drivers/STM32C0xx_HAL_Driver/Src/stm32c0xx_hal_rcc.c:1114:6:HAL_RCC_EnableCSS	0	static
../Drivers/STM32C0xx_HAL_Driver/Src/stm32c0xx_hal_rcc.c:1130:6:HAL_RCC_EnableLSECSS	0	static
../Drivers/STM32C0xx_HAL_Driver/Src/stm32c0xx_hal_rcc.c:1141:6:HAL_RCC_DisableLSECSS	0	static
../Drivers/STM32C0xx_HAL_Driver/Src/stm32c0xx_hal_rcc.c:1177:13:HAL_RCC_CSSCallback	0	static
../Drivers/STM32C0xx_HAL_Driver/Src/stm32c0xx_hal_rcc.c:1188:13:HAL_RCC_LSECSSCallback	0	static
../Drivers/STM32C0xx_HAL_Driver/Src/stm32c0xx_hal_rcc.c:1151:6:HAL_RCC_NMI_IRQHandler	8	static
